Loaded 2533 trains from EXP-TRAINS.json
Loaded 9234 hotels from hotel_details.csv

ΓòÉΓòÉΓòÉΓòÉΓòÉΓòÉΓòÉΓòÉΓòÉΓòÉΓòÉΓòÉΓòÉΓòÉΓòÉΓòÉΓòÉΓòÉΓòÉΓòÉΓòÉΓòÉΓòÉΓòÉΓòÉΓòÉΓòÉΓòÉΓòÉΓòÉΓòÉΓòÉΓòÉΓòÉΓòÉΓòÉΓòÉΓòÉΓòÉΓòÉΓòÉΓòÉΓòÉΓòÉΓòÉΓòÉΓòÉΓòÉΓòÉΓòÉΓòÉΓòÉΓòÉΓòÉΓòÉΓòÉΓòÉΓòÉΓòÉΓòÉΓòÉΓòÉΓòÉΓòÉΓòÉΓòÉΓòÉΓòÉΓòÉΓòÉ
  ALGORITHM TEST: Delhi ΓåÆ Mumbai
  Budget: Γé╣20,000 | Days: 5 | Min Hotel: 2Γÿà
  Transport: flights, trains | Classes: SL, 3A, 2A
ΓòÉΓòÉΓòÉΓòÉΓòÉΓòÉΓòÉΓòÉΓòÉΓòÉΓòÉΓòÉΓòÉΓòÉΓòÉΓòÉΓòÉΓòÉΓòÉΓòÉΓòÉΓòÉΓòÉΓòÉΓòÉΓòÉΓòÉΓòÉΓòÉΓòÉΓòÉΓòÉΓòÉΓòÉΓòÉΓòÉΓòÉΓòÉΓòÉΓòÉΓòÉΓòÉΓòÉΓòÉΓòÉΓòÉΓòÉΓòÉΓòÉΓòÉΓòÉΓòÉΓòÉΓòÉΓòÉΓòÉΓòÉΓòÉΓòÉΓòÉΓòÉΓòÉΓòÉΓòÉΓòÉΓòÉΓòÉΓòÉΓòÉΓòÉ

Γ£à Cities resolved: Delhi ΓåÆ Mumbai
≡ƒôà Nights: 5 | Days: 6

ΓöÇΓöÇΓöÇ STEP 1: Search Raw Data ΓöÇΓöÇΓöÇΓöÇΓöÇΓöÇΓöÇΓöÇΓöÇΓöÇΓöÇΓöÇΓöÇΓöÇΓöÇΓöÇΓöÇΓöÇΓöÇΓöÇΓöÇΓöÇΓöÇΓöÇΓöÇΓöÇΓöÇΓöÇΓöÇΓöÇΓöÇΓöÇΓöÇΓöÇΓöÇΓöÇΓöÇΓöÇΓöÇΓöÇΓöÇ
Γ£ê∩╕Å  Outbound flights found: 7

≡ƒÜé Searching trains: DEL ΓåÆ BOM on 2026-03-10
   From keywords: DELHI, NEW DELHI, NDLS, HAZRAT, NIZAMUDDIN
   To keywords: MUMBAI, BOMBAY, CSTM, LTT, BCT, BANDRA, DADAR, LOKMANYA
   Travel day: TUE
   Found 3 trains from JSON
   Found 1 trains from fallback routes
   Returning 4 trains with availability

≡ƒÜé Trains found (JSON): 4

≡ƒÅ¿ generateHotels called: city=BOM, checkIn=2026-03-10, checkOut=2026-03-15, rooms=1
   Calculated nights: 5
   CSV hotels found for BOM: 795
   ≡ƒÅ¿ Generated 30 hotels for BOM
≡ƒÅ¿ Hotels found: 30

ΓöÇΓöÇΓöÇ STEP 2: Transform to Algorithm Format ΓöÇΓöÇΓöÇΓöÇΓöÇΓöÇΓöÇΓöÇΓöÇΓöÇΓöÇΓöÇΓöÇΓöÇΓöÇΓöÇΓöÇΓöÇΓöÇΓöÇΓöÇΓöÇΓöÇΓöÇΓöÇΓöÇΓöÇ

Γ£ê∩╕Å  Transforming 7 flights...
   Sample flight option: {
  "id": "SG800-2026-03-10",
  "type": "flight",
  "mode": "flight",
  "name": "SpiceJet SG800",
  "class": "economy",
  "price": 4760,
  "totalCost": 9520,
  "priority": 1,
  "category": "transport",
  "rating": 4,
  "details": {
    "airline": "SpiceJet",
    "flightNumber": "SG800",
    "departu
   Γ£à Transformed 7 flights successfully

≡ƒÅ¿ Transforming 30 hotels (preferred stars: 2)...
   Minimum acceptable stars: 2
   Γ£à Transformed 30 hotels (filtered out 0)
   Sample: The Oberoi Mumbai - 5Γÿà - Γé╣24085/night

≡ƒöù Combining Transport Options:
   Flights: 7, Trains: 4
   User preferences: [flights, trains]
   First flight: mode="flight", type="flight", name="SpiceJet SG800", price=4760, totalCost=9520
   First train: mode="train", type="train", name="HW BDTS EXP (SL)", price=457, totalCost=914
   After price filter: 11 options (removed 0)
   After user preference filter: 11 options (filtered out 0)
   Final transport options (sorted by priority):
      1. flight - SpiceJet SG800 (Γé╣9520, priority: 1)
      2. flight - Air India Express I5236 (Γé╣12102, priority: 1)
      3. flight - IndiGo 6E473 (Γé╣12274, priority: 1)

≡ƒôè Summary:
   Flights transformed: 7
   Trains transformed:  4
   Hotels transformed:  30 (min 2Γÿà)
   Total transport:     11

ΓöÇΓöÇΓöÇ STEP 3: Per-Transport Night Calculation Preview ΓöÇΓöÇΓöÇΓöÇΓöÇΓöÇΓöÇΓöÇΓöÇΓöÇΓöÇΓöÇΓöÇΓöÇΓöÇΓöÇΓöÇ
   (How many hotel nights each transport option leaves)

   1. [FLIGHT] SpiceJet SG800               Dep: 06:30 | Dur: 2h 4m  | Arr: 2026-03-10 08:34 | NightsInTransit: 0 | Hotel nights: 5 ΓåÆ 5 Γ£à SAME DAY
   2. [FLIGHT] Air India Express I5236      Dep: 18:30 | Dur: 2h 0m  | Arr: 2026-03-10 20:30 | NightsInTransit: 0 | Hotel nights: 5 ΓåÆ 5 Γ£à SAME DAY
   3. [FLIGHT] IndiGo 6E473                 Dep: 09:00 | Dur: 2h 5m  | Arr: 2026-03-10 11:05 | NightsInTransit: 0 | Hotel nights: 5 ΓåÆ 5 Γ£à SAME DAY
   4. [FLIGHT] Akasa Air QP453              Dep: 18:00 | Dur: 2h 10m | Arr: 2026-03-10 20:10 | NightsInTransit: 0 | Hotel nights: 5 ΓåÆ 5 Γ£à SAME DAY
   5. [FLIGHT] Go First G8253               Dep: 07:30 | Dur: 2h 11m | Arr: 2026-03-10 09:41 | NightsInTransit: 0 | Hotel nights: 5 ΓåÆ 5 Γ£à SAME DAY
   6. [FLIGHT] Vistara UK203                Dep: 12:30 | Dur: 2h 17m | Arr: 2026-03-10 14:47 | NightsInTransit: 0 | Hotel nights: 5 ΓåÆ 5 Γ£à SAME DAY
   7. [FLIGHT] Air India AI708              Dep: 11:30 | Dur: 2h 2m  | Arr: 2026-03-10 13:32 | NightsInTransit: 0 | Hotel nights: 5 ΓåÆ 5 Γ£à SAME DAY
   8. [TRAIN] HW BDTS EXP (SL)             Dep: 18:55 | Dur: 27h 35m | Arr: 2026-03-11 22:30 | NightsInTransit: 1 | Hotel nights: 5 ΓåÆ 4 ΓÜá∩╕Å  NEXT DAY
   9. [TRAIN] FZR MMCT JANTA (SL)          Dep: 12:38 | Dur: 30h 33m | Arr: 2026-03-11 19:11 | NightsInTransit: 1 | Hotel nights: 5 ΓåÆ 4 ΓÜá∩╕Å  NEXT DAY
   10. [TRAIN] ASR CSMT EXP (SL)            Dep: 19:22 | Dur: 28h 15m | Arr: 2026-03-11 23:37 | NightsInTransit: 1 | Hotel nights: 5 ΓåÆ 4 ΓÜá∩╕Å  NEXT DAY
   ... and 1 more transport options

ΓöÇΓöÇΓöÇ STEP 4: Running Backtracking Algorithm ΓöÇΓöÇΓöÇΓöÇΓöÇΓöÇΓöÇΓöÇΓöÇΓöÇΓöÇΓöÇΓöÇΓöÇΓöÇΓöÇΓöÇΓöÇΓöÇΓöÇΓöÇΓöÇΓöÇΓöÇΓöÇΓöÇ

   Starting with:
   - 11 transport ├ù 30 hotels ├ù 3 meals ├ù 5 activities
   - Max combinations: 4,950

========== TRIP ALGORITHM START ==========
Budget: Γé╣20,000 | Days: 6 | Travelers: 1 | Type: tour
Budget Flexibility: moderate | Include Activities: true
Dynamic Split: Transport 35% | Accommodation 30% | Meal 15% | Activity 20%
Options: 11 Transport | 30 Accommodation | 3 Meal | 5 Activity
Max Iterations: 5445 (covers 4950 combinations)

--- PHASE 1: Finding Feasible Solutions ---
≡ƒîÖ Overnight travel detected: 1 night(s) in transit, hotel nights: 5 ΓåÆ 4
≡ƒîÖ Overnight travel detected: 1 night(s) in transit, hotel nights: 5 ΓåÆ 4
≡ƒîÖ Overnight travel detected: 1 night(s) in transit, hotel nights: 5 ΓåÆ 4
≡ƒîÖ Overnight travel detected: 1 night(s) in transit, hotel nights: 5 ΓåÆ 4
≡ƒîÖ Overnight travel detected: 1 night(s) in transit, hotel nights: 5 ΓåÆ 4
≡ƒîÖ Overnight travel detected: 1 night(s) in transit, hotel nights: 5 ΓåÆ 4
≡ƒîÖ Overnight travel detected: 1 night(s) in transit, hotel nights: 5 ΓåÆ 4
≡ƒîÖ Overnight travel detected: 1 night(s) in transit, hotel nights: 5 ΓåÆ 4
≡ƒîÖ Overnight travel detected: 1 night(s) in transit, hotel nights: 5 ΓåÆ 4
≡ƒîÖ Overnight travel detected: 1 night(s) in transit, hotel nights: 5 ΓåÆ 4
≡ƒîÖ Overnight travel detected: 1 night(s) in transit, hotel nights: 5 ΓåÆ 4
≡ƒîÖ Overnight travel detected: 1 night(s) in transit, hotel nights: 5 ΓåÆ 4
≡ƒîÖ Overnight travel detected: 1 night(s) in transit, hotel nights: 5 ΓåÆ 4
≡ƒîÖ Overnight travel detected: 1 night(s) in transit, hotel nights: 5 ΓåÆ 4
≡ƒîÖ Overnight travel detected: 1 night(s) in transit, hotel nights: 5 ΓåÆ 4
≡ƒîÖ Overnight travel detected: 1 night(s) in transit, hotel nights: 5 ΓåÆ 4
≡ƒîÖ Overnight travel detected: 1 night(s) in transit, hotel nights: 5 ΓåÆ 4
≡ƒîÖ Overnight travel detected: 1 night(s) in transit, hotel nights: 5 ΓåÆ 4
≡ƒîÖ Overnight travel detected: 1 night(s) in transit, hotel nights: 5 ΓåÆ 4
≡ƒîÖ Overnight travel detected: 1 night(s) in transit, hotel nights: 5 ΓåÆ 4
≡ƒîÖ Overnight travel detected: 1 night(s) in transit, hotel nights: 5 ΓåÆ 4
≡ƒîÖ Overnight travel detected: 1 night(s) in transit, hotel nights: 5 ΓåÆ 4
≡ƒîÖ Overnight travel detected: 1 night(s) in transit, hotel nights: 5 ΓåÆ 4
≡ƒîÖ Overnight travel detected: 1 night(s) in transit, hotel nights: 5 ΓåÆ 4
≡ƒîÖ Overnight travel detected: 1 night(s) in transit, hotel nights: 5 ΓåÆ 4
≡ƒîÖ Overnight travel detected: 1 night(s) in transit, hotel nights: 5 ΓåÆ 4
≡ƒîÖ Overnight travel detected: 1 night(s) in transit, hotel nights: 5 ΓåÆ 4
≡ƒîÖ Overnight travel detected: 1 night(s) in transit, hotel nights: 5 ΓåÆ 4
≡ƒîÖ Overnight travel detected: 1 night(s) in transit, hotel nights: 5 ΓåÆ 4
≡ƒîÖ Overnight travel detected: 1 night(s) in transit, hotel nights: 5 ΓåÆ 4
≡ƒîÖ Overnight travel detected: 1 night(s) in transit, hotel nights: 5 ΓåÆ 4
≡ƒîÖ Overnight travel detected: 1 night(s) in transit, hotel nights: 5 ΓåÆ 4
≡ƒîÖ Overnight travel detected: 1 night(s) in transit, hotel nights: 5 ΓåÆ 4
≡ƒîÖ Overnight travel detected: 1 night(s) in transit, hotel nights: 5 ΓåÆ 4
≡ƒîÖ Overnight travel detected: 1 night(s) in transit, hotel nights: 5 ΓåÆ 4
≡ƒîÖ Overnight travel detected: 1 night(s) in transit, hotel nights: 5 ΓåÆ 4
≡ƒîÖ Overnight travel detected: 1 night(s) in transit, hotel nights: 5 ΓåÆ 4
≡ƒîÖ Overnight travel detected: 1 night(s) in transit, hotel nights: 5 ΓåÆ 4
≡ƒîÖ Overnight travel detected: 1 night(s) in transit, hotel nights: 5 ΓåÆ 4
≡ƒîÖ Overnight travel detected: 1 night(s) in transit, hotel nights: 5 ΓåÆ 4
≡ƒîÖ Overnight travel detected: 1 night(s) in transit, hotel nights: 5 ΓåÆ 4
≡ƒîÖ Overnight travel detected: 1 night(s) in transit, hotel nights: 5 ΓåÆ 4
≡ƒîÖ Overnight travel detected: 1 night(s) in transit, hotel nights: 5 ΓåÆ 4
≡ƒîÖ Overnight travel detected: 1 night(s) in transit, hotel nights: 5 ΓåÆ 4
≡ƒîÖ Overnight travel detected: 1 night(s) in transit, hotel nights: 5 ΓåÆ 4
≡ƒîÖ Overnight travel detected: 1 night(s) in transit, hotel nights: 5 ΓåÆ 4
≡ƒîÖ Overnight travel detected: 1 night(s) in transit, hotel nights: 5 ΓåÆ 4
≡ƒîÖ Overnight travel detected: 1 night(s) in transit, hotel nights: 5 ΓåÆ 4
≡ƒîÖ Overnight travel detected: 1 night(s) in transit, hotel nights: 5 ΓåÆ 4
≡ƒîÖ Overnight travel detected: 1 night(s) in transit, hotel nights: 5 ΓåÆ 4
≡ƒîÖ Overnight travel detected: 1 night(s) in transit, hotel nights: 5 ΓåÆ 4
≡ƒîÖ Overnight travel detected: 1 night(s) in transit, hotel nights: 5 ΓåÆ 4
≡ƒîÖ Overnight travel detected: 1 night(s) in transit, hotel nights: 5 ΓåÆ 4
≡ƒîÖ Overnight travel detected: 1 night(s) in transit, hotel nights: 5 ΓåÆ 4
≡ƒîÖ Overnight travel detected: 1 night(s) in transit, hotel nights: 5 ΓåÆ 4
≡ƒîÖ Overnight travel detected: 1 night(s) in transit, hotel nights: 5 ΓåÆ 4
≡ƒîÖ Overnight travel detected: 1 night(s) in transit, hotel nights: 5 ΓåÆ 4
≡ƒîÖ Overnight travel detected: 1 night(s) in transit, hotel nights: 5 ΓåÆ 4
≡ƒîÖ Overnight travel detected: 1 night(s) in transit, hotel nights: 5 ΓåÆ 4
≡ƒîÖ Overnight travel detected: 1 night(s) in transit, hotel nights: 5 ΓåÆ 4
≡ƒîÖ Overnight travel detected: 1 night(s) in transit, hotel nights: 5 ΓåÆ 4
≡ƒîÖ Overnight travel detected: 1 night(s) in transit, hotel nights: 5 ΓåÆ 4
≡ƒîÖ Overnight travel detected: 1 night(s) in transit, hotel nights: 5 ΓåÆ 4
≡ƒîÖ Overnight travel detected: 1 night(s) in transit, hotel nights: 5 ΓåÆ 4
≡ƒîÖ Overnight travel detected: 1 night(s) in transit, hotel nights: 5 ΓåÆ 4
≡ƒîÖ Overnight travel detected: 1 night(s) in transit, hotel nights: 5 ΓåÆ 4
≡ƒîÖ Overnight travel detected: 1 night(s) in transit, hotel nights: 5 ΓåÆ 4
≡ƒîÖ Overnight travel detected: 1 night(s) in transit, hotel nights: 5 ΓåÆ 4
≡ƒîÖ Overnight travel detected: 1 night(s) in transit, hotel nights: 5 ΓåÆ 4
≡ƒîÖ Overnight travel detected: 1 night(s) in transit, hotel nights: 5 ΓåÆ 4
≡ƒîÖ Overnight travel detected: 1 night(s) in transit, hotel nights: 5 ΓåÆ 4
≡ƒîÖ Overnight travel detected: 1 night(s) in transit, hotel nights: 5 ΓåÆ 4
≡ƒîÖ Overnight travel detected: 1 night(s) in transit, hotel nights: 5 ΓåÆ 4
≡ƒîÖ Overnight travel detected: 1 night(s) in transit, hotel nights: 5 ΓåÆ 4
≡ƒîÖ Overnight travel detected: 1 night(s) in transit, hotel nights: 5 ΓåÆ 4
≡ƒîÖ Overnight travel detected: 1 night(s) in transit, hotel nights: 5 ΓåÆ 4
≡ƒîÖ Overnight travel detected: 1 night(s) in transit, hotel nights: 5 ΓåÆ 4
≡ƒîÖ Overnight travel detected: 1 night(s) in transit, hotel nights: 5 ΓåÆ 4
≡ƒîÖ Overnight travel detected: 1 night(s) in transit, hotel nights: 5 ΓåÆ 4
≡ƒîÖ Overnight travel detected: 1 night(s) in transit, hotel nights: 5 ΓåÆ 4
≡ƒîÖ Overnight travel detected: 1 night(s) in transit, hotel nights: 5 ΓåÆ 4
≡ƒîÖ Overnight travel detected: 1 night(s) in transit, hotel nights: 5 ΓåÆ 4
≡ƒîÖ Overnight travel detected: 1 night(s) in transit, hotel nights: 5 ΓåÆ 4
≡ƒîÖ Overnight travel detected: 1 night(s) in transit, hotel nights: 5 ΓåÆ 4
≡ƒîÖ Overnight travel detected: 1 night(s) in transit, hotel nights: 5 ΓåÆ 4
≡ƒîÖ Overnight travel detected: 1 night(s) in transit, hotel nights: 5 ΓåÆ 4
≡ƒîÖ Overnight travel detected: 1 night(s) in transit, hotel nights: 5 ΓåÆ 4
≡ƒîÖ Overnight travel detected: 1 night(s) in transit, hotel nights: 5 ΓåÆ 4
≡ƒîÖ Overnight travel detected: 1 night(s) in transit, hotel nights: 5 ΓåÆ 4
≡ƒîÖ Overnight travel detected: 1 night(s) in transit, hotel nights: 5 ΓåÆ 4
≡ƒîÖ Overnight travel detected: 1 night(s) in transit, hotel nights: 5 ΓåÆ 4
≡ƒîÖ Overnight travel detected: 1 night(s) in transit, hotel nights: 5 ΓåÆ 4
≡ƒîÖ Overnight travel detected: 1 night(s) in transit, hotel nights: 5 ΓåÆ 4
≡ƒîÖ Overnight travel detected: 1 night(s) in transit, hotel nights: 5 ΓåÆ 4
≡ƒîÖ Overnight travel detected: 1 night(s) in transit, hotel nights: 5 ΓåÆ 4
≡ƒîÖ Overnight travel detected: 1 night(s) in transit, hotel nights: 5 ΓåÆ 4
≡ƒîÖ Overnight travel detected: 1 night(s) in transit, hotel nights: 5 ΓåÆ 4
≡ƒîÖ Overnight travel detected: 1 night(s) in transit, hotel nights: 5 ΓåÆ 4
≡ƒîÖ Overnight travel detected: 1 night(s) in transit, hotel nights: 5 ΓåÆ 4
≡ƒîÖ Overnight travel detected: 1 night(s) in transit, hotel nights: 5 ΓåÆ 4
≡ƒîÖ Overnight travel detected: 1 night(s) in transit, hotel nights: 5 ΓåÆ 4
≡ƒîÖ Overnight travel detected: 1 night(s) in transit, hotel nights: 5 ΓåÆ 4
≡ƒîÖ Overnight travel detected: 1 night(s) in transit, hotel nights: 5 ΓåÆ 4
≡ƒîÖ Overnight travel detected: 1 night(s) in transit, hotel nights: 5 ΓåÆ 4
≡ƒîÖ Overnight travel detected: 1 night(s) in transit, hotel nights: 5 ΓåÆ 4
≡ƒîÖ Overnight travel detected: 1 night(s) in transit, hotel nights: 5 ΓåÆ 4
≡ƒîÖ Overnight travel detected: 1 night(s) in transit, hotel nights: 5 ΓåÆ 4
≡ƒîÖ Overnight travel detected: 1 night(s) in transit, hotel nights: 5 ΓåÆ 4
≡ƒîÖ Overnight travel detected: 1 night(s) in transit, hotel nights: 5 ΓåÆ 4
≡ƒîÖ Overnight travel detected: 1 night(s) in transit, hotel nights: 5 ΓåÆ 4
≡ƒîÖ Overnight travel detected: 1 night(s) in transit, hotel nights: 5 ΓåÆ 4
≡ƒîÖ Overnight travel detected: 1 night(s) in transit, hotel nights: 5 ΓåÆ 4
≡ƒîÖ Overnight travel detected: 1 night(s) in transit, hotel nights: 5 ΓåÆ 4
≡ƒîÖ Overnight travel detected: 1 night(s) in transit, hotel nights: 5 ΓåÆ 4
≡ƒîÖ Overnight travel detected: 1 night(s) in transit, hotel nights: 5 ΓåÆ 4
≡ƒîÖ Overnight travel detected: 1 night(s) in transit, hotel nights: 5 ΓåÆ 4
≡ƒîÖ Overnight travel detected: 1 night(s) in transit, hotel nights: 5 ΓåÆ 4
≡ƒîÖ Overnight travel detected: 1 night(s) in transit, hotel nights: 5 ΓåÆ 4
≡ƒîÖ Overnight travel detected: 1 night(s) in transit, hotel nights: 5 ΓåÆ 4
≡ƒîÖ Overnight travel detected: 1 night(s) in transit, hotel nights: 5 ΓåÆ 4
≡ƒîÖ Overnight travel detected: 1 night(s) in transit, hotel nights: 5 ΓåÆ 4
≡ƒîÖ Overnight travel detected: 1 night(s) in transit, hotel nights: 5 ΓåÆ 4
≡ƒîÖ Overnight travel detected: 1 night(s) in transit, hotel nights: 5 ΓåÆ 4
≡ƒîÖ Overnight travel detected: 1 night(s) in transit, hotel nights: 5 ΓåÆ 4
≡ƒîÖ Overnight travel detected: 1 night(s) in transit, hotel nights: 5 ΓåÆ 4
≡ƒîÖ Overnight travel detected: 1 night(s) in transit, hotel nights: 5 ΓåÆ 4
≡ƒîÖ Overnight travel detected: 1 night(s) in transit, hotel nights: 5 ΓåÆ 4
≡ƒîÖ Overnight travel detected: 1 night(s) in transit, hotel nights: 5 ΓåÆ 4
≡ƒîÖ Overnight travel detected: 1 night(s) in transit, hotel nights: 5 ΓåÆ 4
≡ƒîÖ Overnight travel detected: 1 night(s) in transit, hotel nights: 5 ΓåÆ 4
≡ƒîÖ Overnight travel detected: 1 night(s) in transit, hotel nights: 5 ΓåÆ 4
≡ƒîÖ Overnight travel detected: 1 night(s) in transit, hotel nights: 5 ΓåÆ 4
≡ƒîÖ Overnight travel detected: 1 night(s) in transit, hotel nights: 5 ΓåÆ 4
≡ƒîÖ Overnight travel detected: 1 night(s) in transit, hotel nights: 5 ΓåÆ 4
≡ƒîÖ Overnight travel detected: 1 night(s) in transit, hotel nights: 5 ΓåÆ 4
≡ƒîÖ Overnight travel detected: 1 night(s) in transit, hotel nights: 5 ΓåÆ 4
≡ƒîÖ Overnight travel detected: 1 night(s) in transit, hotel nights: 5 ΓåÆ 4
≡ƒîÖ Overnight travel detected: 1 night(s) in transit, hotel nights: 5 ΓåÆ 4
≡ƒîÖ Overnight travel detected: 1 night(s) in transit, hotel nights: 5 ΓåÆ 4
≡ƒîÖ Overnight travel detected: 1 night(s) in transit, hotel nights: 5 ΓåÆ 4
≡ƒîÖ Overnight travel detected: 1 night(s) in transit, hotel nights: 5 ΓåÆ 4
≡ƒîÖ Overnight travel detected: 1 night(s) in transit, hotel nights: 5 ΓåÆ 4
≡ƒîÖ Overnight travel detected: 1 night(s) in transit, hotel nights: 5 ΓåÆ 4
≡ƒîÖ Overnight travel detected: 1 night(s) in transit, hotel nights: 5 ΓåÆ 4
≡ƒîÖ Overnight travel detected: 1 night(s) in transit, hotel nights: 5 ΓåÆ 4
≡ƒîÖ Overnight travel detected: 1 night(s) in transit, hotel nights: 5 ΓåÆ 4
≡ƒîÖ Overnight travel detected: 1 night(s) in transit, hotel nights: 5 ΓåÆ 4
≡ƒîÖ Overnight travel detected: 1 night(s) in transit, hotel nights: 5 ΓåÆ 4
≡ƒîÖ Overnight travel detected: 1 night(s) in transit, hotel nights: 5 ΓåÆ 4
≡ƒîÖ Overnight travel detected: 1 night(s) in transit, hotel nights: 5 ΓåÆ 4
≡ƒîÖ Overnight travel detected: 1 night(s) in transit, hotel nights: 5 ΓåÆ 4
≡ƒîÖ Overnight travel detected: 1 night(s) in transit, hotel nights: 5 ΓåÆ 4
≡ƒîÖ Overnight travel detected: 1 night(s) in transit, hotel nights: 5 ΓåÆ 4
≡ƒîÖ Overnight travel detected: 1 night(s) in transit, hotel nights: 5 ΓåÆ 4
≡ƒîÖ Overnight travel detected: 1 night(s) in transit, hotel nights: 5 ΓåÆ 4
≡ƒîÖ Overnight travel detected: 1 night(s) in transit, hotel nights: 5 ΓåÆ 4
≡ƒîÖ Overnight travel detected: 1 night(s) in transit, hotel nights: 5 ΓåÆ 4
≡ƒîÖ Overnight travel detected: 1 night(s) in transit, hotel nights: 5 ΓåÆ 4
≡ƒîÖ Overnight travel detected: 1 night(s) in transit, hotel nights: 5 ΓåÆ 4
≡ƒîÖ Overnight travel detected: 1 night(s) in transit, hotel nights: 5 ΓåÆ 4
≡ƒîÖ Overnight travel detected: 1 night(s) in transit, hotel nights: 5 ΓåÆ 4
≡ƒîÖ Overnight travel detected: 1 night(s) in transit, hotel nights: 5 ΓåÆ 4
≡ƒîÖ Overnight travel detected: 1 night(s) in transit, hotel nights: 5 ΓåÆ 4
≡ƒîÖ Overnight travel detected: 1 night(s) in transit, hotel nights: 5 ΓåÆ 4
≡ƒîÖ Overnight travel detected: 1 night(s) in transit, hotel nights: 5 ΓåÆ 4
≡ƒîÖ Overnight travel detected: 1 night(s) in transit, hotel nights: 5 ΓåÆ 4
≡ƒîÖ Overnight travel detected: 1 night(s) in transit, hotel nights: 5 ΓåÆ 4
≡ƒîÖ Overnight travel detected: 1 night(s) in transit, hotel nights: 5 ΓåÆ 4
≡ƒîÖ Overnight travel detected: 1 night(s) in transit, hotel nights: 5 ΓåÆ 4
≡ƒîÖ Overnight travel detected: 1 night(s) in transit, hotel nights: 5 ΓåÆ 4
≡ƒîÖ Overnight travel detected: 1 night(s) in transit, hotel nights: 5 ΓåÆ 4
≡ƒîÖ Overnight travel detected: 1 night(s) in transit, hotel nights: 5 ΓåÆ 4
≡ƒîÖ Overnight travel detected: 1 night(s) in transit, hotel nights: 5 ΓåÆ 4
≡ƒîÖ Overnight travel detected: 1 night(s) in transit, hotel nights: 5 ΓåÆ 4
≡ƒîÖ Overnight travel detected: 1 night(s) in transit, hotel nights: 5 ΓåÆ 4
≡ƒîÖ Overnight travel detected: 1 night(s) in transit, hotel nights: 5 ΓåÆ 4
≡ƒîÖ Overnight travel detected: 1 night(s) in transit, hotel nights: 5 ΓåÆ 4
≡ƒîÖ Overnight travel detected: 1 night(s) in transit, hotel nights: 5 ΓåÆ 4
≡ƒîÖ Overnight travel detected: 1 night(s) in transit, hotel nights: 5 ΓåÆ 4
≡ƒîÖ Overnight travel detected: 1 night(s) in transit, hotel nights: 5 ΓåÆ 4
≡ƒîÖ Overnight travel detected: 1 night(s) in transit, hotel nights: 5 ΓåÆ 4
≡ƒîÖ Overnight travel detected: 1 night(s) in transit, hotel nights: 5 ΓåÆ 4
≡ƒîÖ Overnight travel detected: 1 night(s) in transit, hotel nights: 5 ΓåÆ 4
≡ƒîÖ Overnight travel detected: 1 night(s) in transit, hotel nights: 5 ΓåÆ 4
≡ƒîÖ Overnight travel detected: 1 night(s) in transit, hotel nights: 5 ΓåÆ 4
≡ƒîÖ Overnight travel detected: 1 night(s) in transit, hotel nights: 5 ΓåÆ 4
≡ƒîÖ Overnight travel detected: 1 night(s) in transit, hotel nights: 5 ΓåÆ 4
≡ƒîÖ Overnight travel detected: 1 night(s) in transit, hotel nights: 5 ΓåÆ 4
≡ƒîÖ Overnight travel detected: 1 night(s) in transit, hotel nights: 5 ΓåÆ 4
≡ƒîÖ Overnight travel detected: 1 night(s) in transit, hotel nights: 5 ΓåÆ 4
≡ƒîÖ Overnight travel detected: 1 night(s) in transit, hotel nights: 5 ΓåÆ 4
≡ƒîÖ Overnight travel detected: 1 night(s) in transit, hotel nights: 5 ΓåÆ 4
≡ƒîÖ Overnight travel detected: 1 night(s) in transit, hotel nights: 5 ΓåÆ 4
≡ƒîÖ Overnight travel detected: 1 night(s) in transit, hotel nights: 5 ΓåÆ 4
≡ƒîÖ Overnight travel detected: 1 night(s) in transit, hotel nights: 5 ΓåÆ 4
≡ƒîÖ Overnight travel detected: 1 night(s) in transit, hotel nights: 5 ΓåÆ 4
≡ƒîÖ Overnight travel detected: 1 night(s) in transit, hotel nights: 5 ΓåÆ 4
≡ƒîÖ Overnight travel detected: 1 night(s) in transit, hotel nights: 5 ΓåÆ 4
≡ƒîÖ Overnight travel detected: 1 night(s) in transit, hotel nights: 5 ΓåÆ 4
≡ƒîÖ Overnight travel detected: 1 night(s) in transit, hotel nights: 5 ΓåÆ 4
≡ƒîÖ Overnight travel detected: 1 night(s) in transit, hotel nights: 5 ΓåÆ 4
≡ƒîÖ Overnight travel detected: 1 night(s) in transit, hotel nights: 5 ΓåÆ 4
≡ƒîÖ Overnight travel detected: 1 night(s) in transit, hotel nights: 5 ΓåÆ 4
≡ƒîÖ Overnight travel detected: 1 night(s) in transit, hotel nights: 5 ΓåÆ 4
≡ƒîÖ Overnight travel detected: 1 night(s) in transit, hotel nights: 5 ΓåÆ 4
≡ƒîÖ Overnight travel detected: 1 night(s) in transit, hotel nights: 5 ΓåÆ 4
≡ƒîÖ Overnight travel detected: 1 night(s) in transit, hotel nights: 5 ΓåÆ 4
≡ƒîÖ Overnight travel detected: 1 night(s) in transit, hotel nights: 5 ΓåÆ 4
≡ƒîÖ Overnight travel detected: 1 night(s) in transit, hotel nights: 5 ΓåÆ 4
≡ƒîÖ Overnight travel detected: 1 night(s) in transit, hotel nights: 5 ΓåÆ 4
≡ƒîÖ Overnight travel detected: 1 night(s) in transit, hotel nights: 5 ΓåÆ 4
≡ƒîÖ Overnight travel detected: 1 night(s) in transit, hotel nights: 5 ΓåÆ 4
≡ƒîÖ Overnight travel detected: 1 night(s) in transit, hotel nights: 5 ΓåÆ 4
≡ƒîÖ Overnight travel detected: 1 night(s) in transit, hotel nights: 5 ΓåÆ 4
≡ƒîÖ Overnight travel detected: 1 night(s) in transit, hotel nights: 5 ΓåÆ 4
≡ƒîÖ Overnight travel detected: 1 night(s) in transit, hotel nights: 5 ΓåÆ 4
≡ƒîÖ Overnight travel detected: 1 night(s) in transit, hotel nights: 5 ΓåÆ 4
≡ƒîÖ Overnight travel detected: 1 night(s) in transit, hotel nights: 5 ΓåÆ 4
≡ƒîÖ Overnight travel detected: 1 night(s) in transit, hotel nights: 5 ΓåÆ 4
≡ƒîÖ Overnight travel detected: 1 night(s) in transit, hotel nights: 5 ΓåÆ 4
≡ƒîÖ Overnight travel detected: 1 night(s) in transit, hotel nights: 5 ΓåÆ 4
≡ƒîÖ Overnight travel detected: 1 night(s) in transit, hotel nights: 5 ΓåÆ 4
≡ƒîÖ Overnight travel detected: 1 night(s) in transit, hotel nights: 5 ΓåÆ 4
≡ƒîÖ Overnight travel detected: 1 night(s) in transit, hotel nights: 5 ΓåÆ 4
≡ƒîÖ Overnight travel detected: 1 night(s) in transit, hotel nights: 5 ΓåÆ 4
≡ƒîÖ Overnight travel detected: 1 night(s) in transit, hotel nights: 5 ΓåÆ 4
≡ƒîÖ Overnight travel detected: 1 night(s) in transit, hotel nights: 5 ΓåÆ 4
≡ƒîÖ Overnight travel detected: 1 night(s) in transit, hotel nights: 5 ΓåÆ 4
≡ƒîÖ Overnight travel detected: 1 night(s) in transit, hotel nights: 5 ΓåÆ 4
≡ƒîÖ Overnight travel detected: 1 night(s) in transit, hotel nights: 5 ΓåÆ 4
≡ƒîÖ Overnight travel detected: 1 night(s) in transit, hotel nights: 5 ΓåÆ 4
≡ƒîÖ Overnight travel detected: 1 night(s) in transit, hotel nights: 5 ΓåÆ 4
≡ƒîÖ Overnight travel detected: 1 night(s) in transit, hotel nights: 5 ΓåÆ 4
≡ƒîÖ Overnight travel detected: 1 night(s) in transit, hotel nights: 5 ΓåÆ 4
≡ƒîÖ Overnight travel detected: 1 night(s) in transit, hotel nights: 5 ΓåÆ 4
≡ƒîÖ Overnight travel detected: 1 night(s) in transit, hotel nights: 5 ΓåÆ 4
≡ƒîÖ Overnight travel detected: 1 night(s) in transit, hotel nights: 5 ΓåÆ 4
≡ƒîÖ Overnight travel detected: 1 night(s) in transit, hotel nights: 5 ΓåÆ 4
≡ƒîÖ Overnight travel detected: 1 night(s) in transit, hotel nights: 5 ΓåÆ 4
≡ƒîÖ Overnight travel detected: 1 night(s) in transit, hotel nights: 5 ΓåÆ 4
≡ƒîÖ Overnight travel detected: 1 night(s) in transit, hotel nights: 5 ΓåÆ 4
≡ƒîÖ Overnight travel detected: 1 night(s) in transit, hotel nights: 5 ΓåÆ 4
≡ƒîÖ Overnight travel detected: 1 night(s) in transit, hotel nights: 5 ΓåÆ 4
≡ƒîÖ Overnight travel detected: 1 night(s) in transit, hotel nights: 5 ΓåÆ 4
≡ƒîÖ Overnight travel detected: 1 night(s) in transit, hotel nights: 5 ΓåÆ 4
≡ƒîÖ Overnight travel detected: 1 night(s) in transit, hotel nights: 5 ΓåÆ 4
≡ƒîÖ Overnight travel detected: 1 night(s) in transit, hotel nights: 5 ΓåÆ 4
≡ƒîÖ Overnight travel detected: 1 night(s) in transit, hotel nights: 5 ΓåÆ 4
≡ƒîÖ Overnight travel detected: 1 night(s) in transit, hotel nights: 5 ΓåÆ 4
≡ƒîÖ Overnight travel detected: 1 night(s) in transit, hotel nights: 5 ΓåÆ 4
≡ƒîÖ Overnight travel detected: 1 night(s) in transit, hotel nights: 5 ΓåÆ 4
≡ƒîÖ Overnight travel detected: 1 night(s) in transit, hotel nights: 5 ΓåÆ 4
≡ƒîÖ Overnight travel detected: 1 night(s) in transit, hotel nights: 5 ΓåÆ 4
≡ƒîÖ Overnight travel detected: 1 night(s) in transit, hotel nights: 5 ΓåÆ 4
≡ƒîÖ Overnight travel detected: 1 night(s) in transit, hotel nights: 5 ΓåÆ 4
≡ƒîÖ Overnight travel detected: 1 night(s) in transit, hotel nights: 5 ΓåÆ 4
≡ƒîÖ Overnight travel detected: 1 night(s) in transit, hotel nights: 5 ΓåÆ 4
≡ƒîÖ Overnight travel detected: 1 night(s) in transit, hotel nights: 5 ΓåÆ 4
≡ƒîÖ Overnight travel detected: 1 night(s) in transit, hotel nights: 5 ΓåÆ 4
≡ƒîÖ Overnight travel detected: 1 night(s) in transit, hotel nights: 5 ΓåÆ 4
≡ƒîÖ Overnight travel detected: 1 night(s) in transit, hotel nights: 5 ΓåÆ 4
≡ƒîÖ Overnight travel detected: 1 night(s) in transit, hotel nights: 5 ΓåÆ 4
≡ƒîÖ Overnight travel detected: 1 night(s) in transit, hotel nights: 5 ΓåÆ 4
≡ƒîÖ Overnight travel detected: 1 night(s) in transit, hotel nights: 5 ΓåÆ 4
≡ƒîÖ Overnight travel detected: 1 night(s) in transit, hotel nights: 5 ΓåÆ 4
≡ƒîÖ Overnight travel detected: 1 night(s) in transit, hotel nights: 5 ΓåÆ 4
≡ƒîÖ Overnight travel detected: 1 night(s) in transit, hotel nights: 5 ΓåÆ 4
≡ƒîÖ Overnight travel detected: 1 night(s) in transit, hotel nights: 5 ΓåÆ 4
≡ƒîÖ Overnight travel detected: 1 night(s) in transit, hotel nights: 5 ΓåÆ 4
≡ƒîÖ Overnight travel detected: 1 night(s) in transit, hotel nights: 5 ΓåÆ 4
≡ƒîÖ Overnight travel detected: 1 night(s) in transit, hotel nights: 5 ΓåÆ 4
≡ƒîÖ Overnight travel detected: 1 night(s) in transit, hotel nights: 5 ΓåÆ 4
≡ƒîÖ Overnight travel detected: 1 night(s) in transit, hotel nights: 5 ΓåÆ 4
≡ƒîÖ Overnight travel detected: 1 night(s) in transit, hotel nights: 5 ΓåÆ 4
≡ƒîÖ Overnight travel detected: 1 night(s) in transit, hotel nights: 5 ΓåÆ 4
≡ƒîÖ Overnight travel detected: 1 night(s) in transit, hotel nights: 5 ΓåÆ 4
≡ƒîÖ Overnight travel detected: 1 night(s) in transit, hotel nights: 5 ΓåÆ 4
≡ƒîÖ Overnight travel detected: 1 night(s) in transit, hotel nights: 5 ΓåÆ 4
≡ƒîÖ Overnight travel detected: 1 night(s) in transit, hotel nights: 5 ΓåÆ 4
≡ƒîÖ Overnight travel detected: 1 night(s) in transit, hotel nights: 5 ΓåÆ 4
≡ƒîÖ Overnight travel detected: 1 night(s) in transit, hotel nights: 5 ΓåÆ 4
≡ƒîÖ Overnight travel detected: 1 night(s) in transit, hotel nights: 5 ΓåÆ 4
≡ƒîÖ Overnight travel detected: 1 night(s) in transit, hotel nights: 5 ΓåÆ 4
≡ƒîÖ Overnight travel detected: 1 night(s) in transit, hotel nights: 5 ΓåÆ 4
≡ƒîÖ Overnight travel detected: 1 night(s) in transit, hotel nights: 5 ΓåÆ 4
≡ƒîÖ Overnight travel detected: 1 night(s) in transit, hotel nights: 5 ΓåÆ 4
≡ƒîÖ Overnight travel detected: 1 night(s) in transit, hotel nights: 5 ΓåÆ 4
≡ƒîÖ Overnight travel detected: 1 night(s) in transit, hotel nights: 5 ΓåÆ 4
≡ƒîÖ Overnight travel detected: 1 night(s) in transit, hotel nights: 5 ΓåÆ 4
≡ƒîÖ Overnight travel detected: 1 night(s) in transit, hotel nights: 5 ΓåÆ 4
≡ƒîÖ Overnight travel detected: 1 night(s) in transit, hotel nights: 5 ΓåÆ 4
≡ƒîÖ Overnight travel detected: 1 night(s) in transit, hotel nights: 5 ΓåÆ 4
≡ƒîÖ Overnight travel detected: 1 night(s) in transit, hotel nights: 5 ΓåÆ 4
≡ƒîÖ Overnight travel detected: 1 night(s) in transit, hotel nights: 5 ΓåÆ 4
≡ƒîÖ Overnight travel detected: 1 night(s) in transit, hotel nights: 5 ΓåÆ 4
≡ƒîÖ Overnight travel detected: 1 night(s) in transit, hotel nights: 5 ΓåÆ 4
≡ƒîÖ Overnight travel detected: 1 night(s) in transit, hotel nights: 5 ΓåÆ 4
≡ƒîÖ Overnight travel detected: 1 night(s) in transit, hotel nights: 5 ΓåÆ 4
≡ƒîÖ Overnight travel detected: 1 night(s) in transit, hotel nights: 5 ΓåÆ 4
≡ƒîÖ Overnight travel detected: 1 night(s) in transit, hotel nights: 5 ΓåÆ 4
≡ƒîÖ Overnight travel detected: 1 night(s) in transit, hotel nights: 5 ΓåÆ 4
≡ƒîÖ Overnight travel detected: 1 night(s) in transit, hotel nights: 5 ΓåÆ 4
≡ƒîÖ Overnight travel detected: 1 night(s) in transit, hotel nights: 5 ΓåÆ 4
≡ƒîÖ Overnight travel detected: 1 night(s) in transit, hotel nights: 5 ΓåÆ 4
≡ƒîÖ Overnight travel detected: 1 night(s) in transit, hotel nights: 5 ΓåÆ 4
≡ƒîÖ Overnight travel detected: 1 night(s) in transit, hotel nights: 5 ΓåÆ 4
≡ƒîÖ Overnight travel detected: 1 night(s) in transit, hotel nights: 5 ΓåÆ 4
≡ƒîÖ Overnight travel detected: 1 night(s) in transit, hotel nights: 5 ΓåÆ 4
≡ƒîÖ Overnight travel detected: 1 night(s) in transit, hotel nights: 5 ΓåÆ 4
≡ƒîÖ Overnight travel detected: 1 night(s) in transit, hotel nights: 5 ΓåÆ 4
≡ƒîÖ Overnight travel detected: 1 night(s) in transit, hotel nights: 5 ΓåÆ 4
≡ƒîÖ Overnight travel detected: 1 night(s) in transit, hotel nights: 5 ΓåÆ 4
≡ƒîÖ Overnight travel detected: 1 night(s) in transit, hotel nights: 5 ΓåÆ 4
≡ƒîÖ Overnight travel detected: 1 night(s) in transit, hotel nights: 5 ΓåÆ 4
≡ƒîÖ Overnight travel detected: 1 night(s) in transit, hotel nights: 5 ΓåÆ 4
≡ƒîÖ Overnight travel detected: 1 night(s) in transit, hotel nights: 5 ΓåÆ 4
≡ƒîÖ Overnight travel detected: 1 night(s) in transit, hotel nights: 5 ΓåÆ 4
≡ƒîÖ Overnight travel detected: 1 night(s) in transit, hotel nights: 5 ΓåÆ 4
≡ƒîÖ Overnight travel detected: 1 night(s) in transit, hotel nights: 5 ΓåÆ 4
≡ƒîÖ Overnight travel detected: 1 night(s) in transit, hotel nights: 5 ΓåÆ 4
≡ƒîÖ Overnight travel detected: 1 night(s) in transit, hotel nights: 5 ΓåÆ 4
≡ƒîÖ Overnight travel detected: 1 night(s) in transit, hotel nights: 5 ΓåÆ 4
≡ƒîÖ Overnight travel detected: 1 night(s) in transit, hotel nights: 5 ΓåÆ 4
≡ƒîÖ Overnight travel detected: 1 night(s) in transit, hotel nights: 5 ΓåÆ 4
≡ƒîÖ Overnight travel detected: 1 night(s) in transit, hotel nights: 5 ΓåÆ 4
≡ƒîÖ Overnight travel detected: 1 night(s) in transit, hotel nights: 5 ΓåÆ 4
≡ƒîÖ Overnight travel detected: 1 night(s) in transit, hotel nights: 5 ΓåÆ 4
≡ƒîÖ Overnight travel detected: 1 night(s) in transit, hotel nights: 5 ΓåÆ 4
≡ƒîÖ Overnight travel detected: 1 night(s) in transit, hotel nights: 5 ΓåÆ 4
≡ƒîÖ Overnight travel detected: 1 night(s) in transit, hotel nights: 5 ΓåÆ 4
≡ƒîÖ Overnight travel detected: 1 night(s) in transit, hotel nights: 5 ΓåÆ 4
≡ƒîÖ Overnight travel detected: 1 night(s) in transit, hotel nights: 5 ΓåÆ 4
≡ƒîÖ Overnight travel detected: 1 night(s) in transit, hotel nights: 5 ΓåÆ 4
≡ƒîÖ Overnight travel detected: 1 night(s) in transit, hotel nights: 5 ΓåÆ 4
≡ƒîÖ Overnight travel detected: 1 night(s) in transit, hotel nights: 5 ΓåÆ 4
≡ƒîÖ Overnight travel detected: 1 night(s) in transit, hotel nights: 5 ΓåÆ 4
≡ƒîÖ Overnight travel detected: 1 night(s) in transit, hotel nights: 5 ΓåÆ 4
≡ƒîÖ Overnight travel detected: 1 night(s) in transit, hotel nights: 5 ΓåÆ 4
≡ƒîÖ Overnight travel detected: 1 night(s) in transit, hotel nights: 5 ΓåÆ 4
≡ƒîÖ Overnight travel detected: 1 night(s) in transit, hotel nights: 5 ΓåÆ 4
≡ƒîÖ Overnight travel detected: 1 night(s) in transit, hotel nights: 5 ΓåÆ 4
≡ƒîÖ Overnight travel detected: 1 night(s) in transit, hotel nights: 5 ΓåÆ 4
≡ƒîÖ Overnight travel detected: 1 night(s) in transit, hotel nights: 5 ΓåÆ 4
≡ƒîÖ Overnight travel detected: 1 night(s) in transit, hotel nights: 5 ΓåÆ 4
≡ƒîÖ Overnight travel detected: 1 night(s) in transit, hotel nights: 5 ΓåÆ 4
≡ƒîÖ Overnight travel detected: 1 night(s) in transit, hotel nights: 5 ΓåÆ 4
≡ƒîÖ Overnight travel detected: 1 night(s) in transit, hotel nights: 5 ΓåÆ 4
≡ƒîÖ Overnight travel detected: 1 night(s) in transit, hotel nights: 5 ΓåÆ 4
≡ƒîÖ Overnight travel detected: 1 night(s) in transit, hotel nights: 5 ΓåÆ 4
≡ƒîÖ Overnight travel detected: 1 night(s) in transit, hotel nights: 5 ΓåÆ 4
≡ƒîÖ Overnight travel detected: 1 night(s) in transit, hotel nights: 5 ΓåÆ 4
≡ƒîÖ Overnight travel detected: 1 night(s) in transit, hotel nights: 5 ΓåÆ 4
≡ƒîÖ Overnight travel detected: 1 night(s) in transit, hotel nights: 5 ΓåÆ 4
≡ƒîÖ Overnight travel detected: 1 night(s) in transit, hotel nights: 5 ΓåÆ 4
≡ƒîÖ Overnight travel detected: 1 night(s) in transit, hotel nights: 5 ΓåÆ 4
≡ƒîÖ Overnight travel detected: 1 night(s) in transit, hotel nights: 5 ΓåÆ 4
≡ƒîÖ Overnight travel detected: 1 night(s) in transit, hotel nights: 5 ΓåÆ 4
≡ƒîÖ Overnight travel detected: 1 night(s) in transit, hotel nights: 5 ΓåÆ 4
≡ƒîÖ Overnight travel detected: 1 night(s) in transit, hotel nights: 5 ΓåÆ 4
≡ƒîÖ Overnight travel detected: 1 night(s) in transit, hotel nights: 5 ΓåÆ 4
≡ƒîÖ Overnight travel detected: 1 night(s) in transit, hotel nights: 5 ΓåÆ 4
≡ƒîÖ Overnight travel detected: 1 night(s) in transit, hotel nights: 5 ΓåÆ 4
≡ƒîÖ Overnight travel detected: 1 night(s) in transit, hotel nights: 5 ΓåÆ 4
≡ƒîÖ Overnight travel detected: 1 night(s) in transit, hotel nights: 5 ΓåÆ 4
≡ƒîÖ Overnight travel detected: 1 night(s) in transit, hotel nights: 5 ΓåÆ 4
≡ƒîÖ Overnight travel detected: 1 night(s) in transit, hotel nights: 5 ΓåÆ 4
≡ƒîÖ Overnight travel detected: 1 night(s) in transit, hotel nights: 5 ΓåÆ 4
≡ƒîÖ Overnight travel detected: 1 night(s) in transit, hotel nights: 5 ΓåÆ 4
≡ƒîÖ Overnight travel detected: 1 night(s) in transit, hotel nights: 5 ΓåÆ 4
≡ƒîÖ Overnight travel detected: 1 night(s) in transit, hotel nights: 5 ΓåÆ 4
≡ƒîÖ Overnight travel detected: 1 night(s) in transit, hotel nights: 5 ΓåÆ 4
≡ƒîÖ Overnight travel detected: 1 night(s) in transit, hotel nights: 5 ΓåÆ 4
≡ƒîÖ Overnight travel detected: 1 night(s) in transit, hotel nights: 5 ΓåÆ 4
≡ƒîÖ Overnight travel detected: 1 night(s) in transit, hotel nights: 5 ΓåÆ 4
≡ƒîÖ Overnight travel detected: 1 night(s) in transit, hotel nights: 5 ΓåÆ 4
≡ƒîÖ Overnight travel detected: 1 night(s) in transit, hotel nights: 5 ΓåÆ 4
≡ƒîÖ Overnight travel detected: 1 night(s) in transit, hotel nights: 5 ΓåÆ 4
≡ƒîÖ Overnight travel detected: 1 night(s) in transit, hotel nights: 5 ΓåÆ 4
≡ƒîÖ Overnight travel detected: 1 night(s) in transit, hotel nights: 5 ΓåÆ 4
≡ƒîÖ Overnight travel detected: 1 night(s) in transit, hotel nights: 5 ΓåÆ 4
≡ƒîÖ Overnight travel detected: 1 night(s) in transit, hotel nights: 5 ΓåÆ 4
≡ƒîÖ Overnight travel detected: 1 night(s) in transit, hotel nights: 5 ΓåÆ 4
≡ƒîÖ Overnight travel detected: 1 night(s) in transit, hotel nights: 5 ΓåÆ 4
≡ƒîÖ Overnight travel detected: 1 night(s) in transit, hotel nights: 5 ΓåÆ 4
≡ƒîÖ Overnight travel detected: 1 night(s) in transit, hotel nights: 5 ΓåÆ 4
≡ƒîÖ Overnight travel detected: 1 night(s) in transit, hotel nights: 5 ΓåÆ 4
≡ƒîÖ Overnight travel detected: 1 night(s) in transit, hotel nights: 5 ΓåÆ 4
≡ƒîÖ Overnight travel detected: 1 night(s) in transit, hotel nights: 5 ΓåÆ 4
≡ƒîÖ Overnight travel detected: 1 night(s) in transit, hotel nights: 5 ΓåÆ 4
≡ƒîÖ Overnight travel detected: 1 night(s) in transit, hotel nights: 5 ΓåÆ 4
≡ƒîÖ Overnight travel detected: 1 night(s) in transit, hotel nights: 5 ΓåÆ 4
≡ƒîÖ Overnight travel detected: 1 night(s) in transit, hotel nights: 5 ΓåÆ 4
≡ƒîÖ Overnight travel detected: 1 night(s) in transit, hotel nights: 5 ΓåÆ 4
≡ƒîÖ Overnight travel detected: 1 night(s) in transit, hotel nights: 5 ΓåÆ 4
≡ƒîÖ Overnight travel detected: 1 night(s) in transit, hotel nights: 5 ΓåÆ 4
≡ƒîÖ Overnight travel detected: 1 night(s) in transit, hotel nights: 5 ΓåÆ 4
≡ƒîÖ Overnight travel detected: 1 night(s) in transit, hotel nights: 5 ΓåÆ 4
≡ƒîÖ Overnight travel detected: 1 night(s) in transit, hotel nights: 5 ΓåÆ 4
≡ƒîÖ Overnight travel detected: 1 night(s) in transit, hotel nights: 5 ΓåÆ 4
≡ƒîÖ Overnight travel detected: 1 night(s) in transit, hotel nights: 5 ΓåÆ 4
≡ƒîÖ Overnight travel detected: 1 night(s) in transit, hotel nights: 5 ΓåÆ 4
≡ƒîÖ Overnight travel detected: 1 night(s) in transit, hotel nights: 5 ΓåÆ 4
≡ƒîÖ Overnight travel detected: 1 night(s) in transit, hotel nights: 5 ΓåÆ 4
≡ƒîÖ Overnight travel detected: 1 night(s) in transit, hotel nights: 5 ΓåÆ 4
≡ƒîÖ Overnight travel detected: 1 night(s) in transit, hotel nights: 5 ΓåÆ 4
≡ƒîÖ Overnight travel detected: 1 night(s) in transit, hotel nights: 5 ΓåÆ 4
≡ƒîÖ Overnight travel detected: 1 night(s) in transit, hotel nights: 5 ΓåÆ 4
≡ƒîÖ Overnight travel detected: 1 night(s) in transit, hotel nights: 5 ΓåÆ 4
≡ƒîÖ Overnight travel detected: 1 night(s) in transit, hotel nights: 5 ΓåÆ 4
≡ƒîÖ Overnight travel detected: 1 night(s) in transit, hotel nights: 5 ΓåÆ 4
≡ƒîÖ Overnight travel detected: 1 night(s) in transit, hotel nights: 5 ΓåÆ 4
≡ƒîÖ Overnight travel detected: 1 night(s) in transit, hotel nights: 5 ΓåÆ 4
≡ƒîÖ Overnight travel detected: 1 night(s) in transit, hotel nights: 5 ΓåÆ 4
≡ƒîÖ Overnight travel detected: 1 night(s) in transit, hotel nights: 5 ΓåÆ 4
≡ƒîÖ Overnight travel detected: 1 night(s) in transit, hotel nights: 5 ΓåÆ 4
≡ƒîÖ Overnight travel detected: 1 night(s) in transit, hotel nights: 5 ΓåÆ 4
≡ƒîÖ Overnight travel detected: 1 night(s) in transit, hotel nights: 5 ΓåÆ 4
≡ƒîÖ Overnight travel detected: 1 night(s) in transit, hotel nights: 5 ΓåÆ 4
≡ƒîÖ Overnight travel detected: 1 night(s) in transit, hotel nights: 5 ΓåÆ 4
≡ƒîÖ Overnight travel detected: 1 night(s) in transit, hotel nights: 5 ΓåÆ 4
≡ƒîÖ Overnight travel detected: 1 night(s) in transit, hotel nights: 5 ΓåÆ 4
≡ƒîÖ Overnight travel detected: 1 night(s) in transit, hotel nights: 5 ΓåÆ 4
≡ƒîÖ Overnight travel detected: 1 night(s) in transit, hotel nights: 5 ΓåÆ 4
≡ƒîÖ Overnight travel detected: 1 night(s) in transit, hotel nights: 5 ΓåÆ 4
≡ƒîÖ Overnight travel detected: 1 night(s) in transit, hotel nights: 5 ΓåÆ 4
≡ƒîÖ Overnight travel detected: 1 night(s) in transit, hotel nights: 5 ΓåÆ 4
≡ƒîÖ Overnight travel detected: 1 night(s) in transit, hotel nights: 5 ΓåÆ 4
≡ƒîÖ Overnight travel detected: 1 night(s) in transit, hotel nights: 5 ΓåÆ 4
≡ƒîÖ Overnight travel detected: 1 night(s) in transit, hotel nights: 5 ΓåÆ 4
≡ƒîÖ Overnight travel detected: 1 night(s) in transit, hotel nights: 5 ΓåÆ 4
≡ƒîÖ Overnight travel detected: 1 night(s) in transit, hotel nights: 5 ΓåÆ 4
≡ƒîÖ Overnight travel detected: 1 night(s) in transit, hotel nights: 5 ΓåÆ 4
≡ƒîÖ Overnight travel detected: 1 night(s) in transit, hotel nights: 5 ΓåÆ 4
≡ƒîÖ Overnight travel detected: 1 night(s) in transit, hotel nights: 5 ΓåÆ 4
≡ƒîÖ Overnight travel detected: 1 night(s) in transit, hotel nights: 5 ΓåÆ 4
≡ƒîÖ Overnight travel detected: 1 night(s) in transit, hotel nights: 5 ΓåÆ 4
≡ƒîÖ Overnight travel detected: 1 night(s) in transit, hotel nights: 5 ΓåÆ 4
≡ƒîÖ Overnight travel detected: 1 night(s) in transit, hotel nights: 5 ΓåÆ 4
≡ƒîÖ Overnight travel detected: 1 night(s) in transit, hotel nights: 5 ΓåÆ 4
≡ƒîÖ Overnight travel detected: 1 night(s) in transit, hotel nights: 5 ΓåÆ 4
≡ƒîÖ Overnight travel detected: 1 night(s) in transit, hotel nights: 5 ΓåÆ 4
≡ƒîÖ Overnight travel detected: 1 night(s) in transit, hotel nights: 5 ΓåÆ 4
≡ƒîÖ Overnight travel detected: 1 night(s) in transit, hotel nights: 5 ΓåÆ 4
≡ƒîÖ Overnight travel detected: 1 night(s) in transit, hotel nights: 5 ΓåÆ 4
≡ƒîÖ Overnight travel detected: 1 night(s) in transit, hotel nights: 5 ΓåÆ 4
≡ƒîÖ Overnight travel detected: 1 night(s) in transit, hotel nights: 5 ΓåÆ 4
≡ƒîÖ Overnight travel detected: 1 night(s) in transit, hotel nights: 5 ΓåÆ 4
≡ƒîÖ Overnight travel detected: 1 night(s) in transit, hotel nights: 5 ΓåÆ 4
≡ƒîÖ Overnight travel detected: 1 night(s) in transit, hotel nights: 5 ΓåÆ 4
≡ƒîÖ Overnight travel detected: 1 night(s) in transit, hotel nights: 5 ΓåÆ 4
≡ƒîÖ Overnight travel detected: 1 night(s) in transit, hotel nights: 5 ΓåÆ 4
≡ƒîÖ Overnight travel detected: 1 night(s) in transit, hotel nights: 5 ΓåÆ 4
≡ƒîÖ Overnight travel detected: 1 night(s) in transit, hotel nights: 5 ΓåÆ 4
≡ƒîÖ Overnight travel detected: 1 night(s) in transit, hotel nights: 5 ΓåÆ 4
≡ƒîÖ Overnight travel detected: 1 night(s) in transit, hotel nights: 5 ΓåÆ 4
≡ƒîÖ Overnight travel detected: 1 night(s) in transit, hotel nights: 5 ΓåÆ 4
≡ƒîÖ Overnight travel detected: 1 night(s) in transit, hotel nights: 5 ΓåÆ 4
≡ƒîÖ Overnight travel detected: 1 night(s) in transit, hotel nights: 5 ΓåÆ 4
≡ƒîÖ Overnight travel detected: 1 night(s) in transit, hotel nights: 5 ΓåÆ 4
≡ƒîÖ Overnight travel detected: 1 night(s) in transit, hotel nights: 5 ΓåÆ 4
≡ƒîÖ Overnight travel detected: 1 night(s) in transit, hotel nights: 5 ΓåÆ 4
≡ƒîÖ Overnight travel detected: 1 night(s) in transit, hotel nights: 5 ΓåÆ 4
≡ƒîÖ Overnight travel detected: 1 night(s) in transit, hotel nights: 5 ΓåÆ 4
≡ƒîÖ Overnight travel detected: 1 night(s) in transit, hotel nights: 5 ΓåÆ 4
≡ƒîÖ Overnight travel detected: 1 night(s) in transit, hotel nights: 5 ΓåÆ 4
≡ƒîÖ Overnight travel detected: 1 night(s) in transit, hotel nights: 5 ΓåÆ 4
≡ƒîÖ Overnight travel detected: 1 night(s) in transit, hotel nights: 5 ΓåÆ 4
≡ƒîÖ Overnight travel detected: 1 night(s) in transit, hotel nights: 5 ΓåÆ 4
≡ƒîÖ Overnight travel detected: 1 night(s) in transit, hotel nights: 5 ΓåÆ 4
≡ƒîÖ Overnight travel detected: 1 night(s) in transit, hotel nights: 5 ΓåÆ 4
≡ƒîÖ Overnight travel detected: 1 night(s) in transit, hotel nights: 5 ΓåÆ 4
≡ƒîÖ Overnight travel detected: 1 night(s) in transit, hotel nights: 5 ΓåÆ 4
≡ƒîÖ Overnight travel detected: 1 night(s) in transit, hotel nights: 5 ΓåÆ 4
≡ƒîÖ Overnight travel detected: 1 night(s) in transit, hotel nights: 5 ΓåÆ 4
≡ƒîÖ Overnight travel detected: 1 night(s) in transit, hotel nights: 5 ΓåÆ 4
≡ƒîÖ Overnight travel detected: 1 night(s) in transit, hotel nights: 5 ΓåÆ 4
≡ƒîÖ Overnight travel detected: 1 night(s) in transit, hotel nights: 5 ΓåÆ 4
≡ƒîÖ Overnight travel detected: 1 night(s) in transit, hotel nights: 5 ΓåÆ 4
≡ƒîÖ Overnight travel detected: 1 night(s) in transit, hotel nights: 5 ΓåÆ 4
≡ƒîÖ Overnight travel detected: 1 night(s) in transit, hotel nights: 5 ΓåÆ 4
≡ƒîÖ Overnight travel detected: 1 night(s) in transit, hotel nights: 5 ΓåÆ 4
≡ƒîÖ Overnight travel detected: 1 night(s) in transit, hotel nights: 5 ΓåÆ 4
≡ƒîÖ Overnight travel detected: 1 night(s) in transit, hotel nights: 5 ΓåÆ 4
≡ƒîÖ Overnight travel detected: 1 night(s) in transit, hotel nights: 5 ΓåÆ 4
≡ƒîÖ Overnight travel detected: 1 night(s) in transit, hotel nights: 5 ΓåÆ 4
≡ƒîÖ Overnight travel detected: 1 night(s) in transit, hotel nights: 5 ΓåÆ 4
≡ƒîÖ Overnight travel detected: 1 night(s) in transit, hotel nights: 5 ΓåÆ 4
≡ƒîÖ Overnight travel detected: 1 night(s) in transit, hotel nights: 5 ΓåÆ 4
≡ƒîÖ Overnight travel detected: 1 night(s) in transit, hotel nights: 5 ΓåÆ 4
≡ƒîÖ Overnight travel detected: 1 night(s) in transit, hotel nights: 5 ΓåÆ 4
≡ƒîÖ Overnight travel detected: 1 night(s) in transit, hotel nights: 5 ΓåÆ 4
≡ƒîÖ Overnight travel detected: 1 night(s) in transit, hotel nights: 5 ΓåÆ 4
≡ƒîÖ Overnight travel detected: 1 night(s) in transit, hotel nights: 5 ΓåÆ 4
≡ƒîÖ Overnight travel detected: 1 night(s) in transit, hotel nights: 5 ΓåÆ 4
≡ƒîÖ Overnight travel detected: 1 night(s) in transit, hotel nights: 5 ΓåÆ 4
≡ƒîÖ Overnight travel detected: 1 night(s) in transit, hotel nights: 5 ΓåÆ 4
≡ƒîÖ Overnight travel detected: 1 night(s) in transit, hotel nights: 5 ΓåÆ 4
≡ƒîÖ Overnight travel detected: 1 night(s) in transit, hotel nights: 5 ΓåÆ 4
≡ƒîÖ Overnight travel detected: 1 night(s) in transit, hotel nights: 5 ΓåÆ 4
≡ƒîÖ Overnight travel detected: 1 night(s) in transit, hotel nights: 5 ΓåÆ 4
≡ƒîÖ Overnight travel detected: 1 night(s) in transit, hotel nights: 5 ΓåÆ 4
≡ƒîÖ Overnight travel detected: 1 night(s) in transit, hotel nights: 5 ΓåÆ 4
≡ƒîÖ Overnight travel detected: 1 night(s) in transit, hotel nights: 5 ΓåÆ 4
≡ƒîÖ Overnight travel detected: 1 night(s) in transit, hotel nights: 5 ΓåÆ 4
≡ƒîÖ Overnight travel detected: 1 night(s) in transit, hotel nights: 5 ΓåÆ 4
≡ƒîÖ Overnight travel detected: 1 night(s) in transit, hotel nights: 5 ΓåÆ 4
≡ƒîÖ Overnight travel detected: 1 night(s) in transit, hotel nights: 5 ΓåÆ 4
≡ƒîÖ Overnight travel detected: 1 night(s) in transit, hotel nights: 5 ΓåÆ 4
≡ƒîÖ Overnight travel detected: 1 night(s) in transit, hotel nights: 5 ΓåÆ 4
≡ƒîÖ Overnight travel detected: 1 night(s) in transit, hotel nights: 5 ΓåÆ 4
≡ƒîÖ Overnight travel detected: 1 night(s) in transit, hotel nights: 5 ΓåÆ 4
≡ƒîÖ Overnight travel detected: 1 night(s) in transit, hotel nights: 5 ΓåÆ 4
≡ƒîÖ Overnight travel detected: 1 night(s) in transit, hotel nights: 5 ΓåÆ 4
≡ƒîÖ Overnight travel detected: 1 night(s) in transit, hotel nights: 5 ΓåÆ 4
≡ƒîÖ Overnight travel detected: 1 night(s) in transit, hotel nights: 5 ΓåÆ 4
≡ƒîÖ Overnight travel detected: 1 night(s) in transit, hotel nights: 5 ΓåÆ 4
≡ƒîÖ Overnight travel detected: 1 night(s) in transit, hotel nights: 5 ΓåÆ 4
≡ƒîÖ Overnight travel detected: 1 night(s) in transit, hotel nights: 5 ΓåÆ 4
≡ƒîÖ Overnight travel detected: 1 night(s) in transit, hotel nights: 5 ΓåÆ 4
≡ƒîÖ Overnight travel detected: 1 night(s) in transit, hotel nights: 5 ΓåÆ 4
≡ƒîÖ Overnight travel detected: 1 night(s) in transit, hotel nights: 5 ΓåÆ 4
≡ƒîÖ Overnight travel detected: 1 night(s) in transit, hotel nights: 5 ΓåÆ 4
≡ƒîÖ Overnight travel detected: 1 night(s) in transit, hotel nights: 5 ΓåÆ 4
≡ƒîÖ Overnight travel detected: 1 night(s) in transit, hotel nights: 5 ΓåÆ 4
≡ƒîÖ Overnight travel detected: 1 night(s) in transit, hotel nights: 5 ΓåÆ 4
≡ƒîÖ Overnight travel detected: 1 night(s) in transit, hotel nights: 5 ΓåÆ 4
≡ƒîÖ Overnight travel detected: 1 night(s) in transit, hotel nights: 5 ΓåÆ 4
≡ƒîÖ Overnight travel detected: 1 night(s) in transit, hotel nights: 5 ΓåÆ 4
≡ƒîÖ Overnight travel detected: 1 night(s) in transit, hotel nights: 5 ΓåÆ 4
≡ƒîÖ Overnight travel detected: 1 night(s) in transit, hotel nights: 5 ΓåÆ 4
≡ƒîÖ Overnight travel detected: 1 night(s) in transit, hotel nights: 5 ΓåÆ 4
≡ƒîÖ Overnight travel detected: 1 night(s) in transit, hotel nights: 5 ΓåÆ 4
≡ƒîÖ Overnight travel detected: 1 night(s) in transit, hotel nights: 5 ΓåÆ 4
≡ƒîÖ Overnight travel detected: 1 night(s) in transit, hotel nights: 5 ΓåÆ 4
≡ƒîÖ Overnight travel detected: 1 night(s) in transit, hotel nights: 5 ΓåÆ 4
≡ƒîÖ Overnight travel detected: 1 night(s) in transit, hotel nights: 5 ΓåÆ 4
≡ƒîÖ Overnight travel detected: 1 night(s) in transit, hotel nights: 5 ΓåÆ 4
≡ƒîÖ Overnight travel detected: 1 night(s) in transit, hotel nights: 5 ΓåÆ 4
≡ƒîÖ Overnight travel detected: 1 night(s) in transit, hotel nights: 5 ΓåÆ 4
≡ƒîÖ Overnight travel detected: 1 night(s) in transit, hotel nights: 5 ΓåÆ 4
≡ƒîÖ Overnight travel detected: 1 night(s) in transit, hotel nights: 5 ΓåÆ 4
≡ƒîÖ Overnight travel detected: 1 night(s) in transit, hotel nights: 5 ΓåÆ 4
≡ƒîÖ Overnight travel detected: 1 night(s) in transit, hotel nights: 5 ΓåÆ 4
≡ƒîÖ Overnight travel detected: 1 night(s) in transit, hotel nights: 5 ΓåÆ 4
≡ƒîÖ Overnight travel detected: 1 night(s) in transit, hotel nights: 5 ΓåÆ 4
≡ƒîÖ Overnight travel detected: 1 night(s) in transit, hotel nights: 5 ΓåÆ 4
≡ƒîÖ Overnight travel detected: 1 night(s) in transit, hotel nights: 5 ΓåÆ 4
≡ƒîÖ Overnight travel detected: 1 night(s) in transit, hotel nights: 5 ΓåÆ 4
≡ƒîÖ Overnight travel detected: 1 night(s) in transit, hotel nights: 5 ΓåÆ 4
≡ƒîÖ Overnight travel detected: 1 night(s) in transit, hotel nights: 5 ΓåÆ 4
≡ƒîÖ Overnight travel detected: 1 night(s) in transit, hotel nights: 5 ΓåÆ 4
≡ƒîÖ Overnight travel detected: 1 night(s) in transit, hotel nights: 5 ΓåÆ 4
≡ƒîÖ Overnight travel detected: 1 night(s) in transit, hotel nights: 5 ΓåÆ 4
≡ƒîÖ Overnight travel detected: 1 night(s) in transit, hotel nights: 5 ΓåÆ 4
≡ƒîÖ Overnight travel detected: 1 night(s) in transit, hotel nights: 5 ΓåÆ 4
≡ƒîÖ Overnight travel detected: 1 night(s) in transit, hotel nights: 5 ΓåÆ 4
≡ƒîÖ Overnight travel detected: 1 night(s) in transit, hotel nights: 5 ΓåÆ 4
≡ƒîÖ Overnight travel detected: 1 night(s) in transit, hotel nights: 5 ΓåÆ 4
≡ƒîÖ Overnight travel detected: 1 night(s) in transit, hotel nights: 5 ΓåÆ 4
≡ƒîÖ Overnight travel detected: 1 night(s) in transit, hotel nights: 5 ΓåÆ 4
≡ƒîÖ Overnight travel detected: 1 night(s) in transit, hotel nights: 5 ΓåÆ 4
≡ƒîÖ Overnight travel detected: 1 night(s) in transit, hotel nights: 5 ΓåÆ 4
≡ƒîÖ Overnight travel detected: 1 night(s) in transit, hotel nights: 5 ΓåÆ 4
≡ƒîÖ Overnight travel detected: 1 night(s) in transit, hotel nights: 5 ΓåÆ 4
≡ƒîÖ Overnight travel detected: 1 night(s) in transit, hotel nights: 5 ΓåÆ 4
≡ƒîÖ Overnight travel detected: 1 night(s) in transit, hotel nights: 5 ΓåÆ 4
≡ƒîÖ Overnight travel detected: 1 night(s) in transit, hotel nights: 5 ΓåÆ 4
≡ƒîÖ Overnight travel detected: 1 night(s) in transit, hotel nights: 5 ΓåÆ 4
≡ƒîÖ Overnight travel detected: 1 night(s) in transit, hotel nights: 5 ΓåÆ 4
≡ƒîÖ Overnight travel detected: 1 night(s) in transit, hotel nights: 5 ΓåÆ 4
≡ƒîÖ Overnight travel detected: 1 night(s) in transit, hotel nights: 5 ΓåÆ 4
≡ƒîÖ Overnight travel detected: 1 night(s) in transit, hotel nights: 5 ΓåÆ 4
≡ƒîÖ Overnight travel detected: 1 night(s) in transit, hotel nights: 5 ΓåÆ 4
≡ƒîÖ Overnight travel detected: 1 night(s) in transit, hotel nights: 5 ΓåÆ 4
≡ƒîÖ Overnight travel detected: 1 night(s) in transit, hotel nights: 5 ΓåÆ 4
≡ƒîÖ Overnight travel detected: 1 night(s) in transit, hotel nights: 5 ΓåÆ 4
≡ƒîÖ Overnight travel detected: 1 night(s) in transit, hotel nights: 5 ΓåÆ 4
≡ƒîÖ Overnight travel detected: 1 night(s) in transit, hotel nights: 5 ΓåÆ 4
≡ƒîÖ Overnight travel detected: 1 night(s) in transit, hotel nights: 5 ΓåÆ 4
≡ƒîÖ Overnight travel detected: 1 night(s) in transit, hotel nights: 5 ΓåÆ 4
≡ƒîÖ Overnight travel detected: 1 night(s) in transit, hotel nights: 5 ΓåÆ 4
≡ƒîÖ Overnight travel detected: 1 night(s) in transit, hotel nights: 5 ΓåÆ 4
≡ƒîÖ Overnight travel detected: 1 night(s) in transit, hotel nights: 5 ΓåÆ 4
≡ƒîÖ Overnight travel detected: 1 night(s) in transit, hotel nights: 5 ΓåÆ 4
≡ƒîÖ Overnight travel detected: 1 night(s) in transit, hotel nights: 5 ΓåÆ 4
≡ƒîÖ Overnight travel detected: 1 night(s) in transit, hotel nights: 5 ΓåÆ 4
≡ƒîÖ Overnight travel detected: 1 night(s) in transit, hotel nights: 5 ΓåÆ 4
≡ƒîÖ Overnight travel detected: 1 night(s) in transit, hotel nights: 5 ΓåÆ 4
≡ƒîÖ Overnight travel detected: 1 night(s) in transit, hotel nights: 5 ΓåÆ 4
≡ƒîÖ Overnight travel detected: 1 night(s) in transit, hotel nights: 5 ΓåÆ 4
≡ƒîÖ Overnight travel detected: 1 night(s) in transit, hotel nights: 5 ΓåÆ 4
≡ƒîÖ Overnight travel detected: 1 night(s) in transit, hotel nights: 5 ΓåÆ 4
≡ƒîÖ Overnight travel detected: 1 night(s) in transit, hotel nights: 5 ΓåÆ 4
≡ƒîÖ Overnight travel detected: 1 night(s) in transit, hotel nights: 5 ΓåÆ 4
≡ƒîÖ Overnight travel detected: 1 night(s) in transit, hotel nights: 5 ΓåÆ 4
≡ƒîÖ Overnight travel detected: 1 night(s) in transit, hotel nights: 5 ΓåÆ 4
≡ƒîÖ Overnight travel detected: 1 night(s) in transit, hotel nights: 5 ΓåÆ 4
≡ƒîÖ Overnight travel detected: 1 night(s) in transit, hotel nights: 5 ΓåÆ 4
≡ƒîÖ Overnight travel detected: 1 night(s) in transit, hotel nights: 5 ΓåÆ 4
≡ƒîÖ Overnight travel detected: 1 night(s) in transit, hotel nights: 5 ΓåÆ 4
≡ƒîÖ Overnight travel detected: 1 night(s) in transit, hotel nights: 5 ΓåÆ 4
≡ƒîÖ Overnight travel detected: 1 night(s) in transit, hotel nights: 5 ΓåÆ 4
≡ƒîÖ Overnight travel detected: 1 night(s) in transit, hotel nights: 5 ΓåÆ 4
≡ƒîÖ Overnight travel detected: 1 night(s) in transit, hotel nights: 5 ΓåÆ 4
≡ƒîÖ Overnight travel detected: 1 night(s) in transit, hotel nights: 5 ΓåÆ 4
≡ƒîÖ Overnight travel detected: 1 night(s) in transit, hotel nights: 5 ΓåÆ 4
≡ƒîÖ Overnight travel detected: 1 night(s) in transit, hotel nights: 5 ΓåÆ 4
≡ƒîÖ Overnight travel detected: 1 night(s) in transit, hotel nights: 5 ΓåÆ 4
≡ƒîÖ Overnight travel detected: 1 night(s) in transit, hotel nights: 5 ΓåÆ 4
≡ƒîÖ Overnight travel detected: 1 night(s) in transit, hotel nights: 5 ΓåÆ 4
≡ƒîÖ Overnight travel detected: 1 night(s) in transit, hotel nights: 5 ΓåÆ 4
≡ƒîÖ Overnight travel detected: 1 night(s) in transit, hotel nights: 5 ΓåÆ 4
≡ƒîÖ Overnight travel detected: 1 night(s) in transit, hotel nights: 5 ΓåÆ 4
≡ƒîÖ Overnight travel detected: 1 night(s) in transit, hotel nights: 5 ΓåÆ 4
≡ƒîÖ Overnight travel detected: 1 night(s) in transit, hotel nights: 5 ΓåÆ 4
≡ƒîÖ Overnight travel detected: 1 night(s) in transit, hotel nights: 5 ΓåÆ 4
≡ƒîÖ Overnight travel detected: 1 night(s) in transit, hotel nights: 5 ΓåÆ 4
≡ƒîÖ Overnight travel detected: 1 night(s) in transit, hotel nights: 5 ΓåÆ 4
≡ƒîÖ Overnight travel detected: 1 night(s) in transit, hotel nights: 5 ΓåÆ 4
≡ƒîÖ Overnight travel detected: 1 night(s) in transit, hotel nights: 5 ΓåÆ 4
≡ƒîÖ Overnight travel detected: 1 night(s) in transit, hotel nights: 5 ΓåÆ 4
≡ƒîÖ Overnight travel detected: 1 night(s) in transit, hotel nights: 5 ΓåÆ 4
≡ƒîÖ Overnight travel detected: 1 night(s) in transit, hotel nights: 5 ΓåÆ 4
≡ƒîÖ Overnight travel detected: 1 night(s) in transit, hotel nights: 5 ΓåÆ 4
≡ƒîÖ Overnight travel detected: 1 night(s) in transit, hotel nights: 5 ΓåÆ 4
≡ƒîÖ Overnight travel detected: 1 night(s) in transit, hotel nights: 5 ΓåÆ 4
≡ƒîÖ Overnight travel detected: 1 night(s) in transit, hotel nights: 5 ΓåÆ 4
≡ƒîÖ Overnight travel detected: 1 night(s) in transit, hotel nights: 5 ΓåÆ 4
≡ƒîÖ Overnight travel detected: 1 night(s) in transit, hotel nights: 5 ΓåÆ 4
≡ƒîÖ Overnight travel detected: 1 night(s) in transit, hotel nights: 5 ΓåÆ 4
≡ƒîÖ Overnight travel detected: 1 night(s) in transit, hotel nights: 5 ΓåÆ 4
≡ƒîÖ Overnight travel detected: 1 night(s) in transit, hotel nights: 5 ΓåÆ 4
≡ƒîÖ Overnight travel detected: 1 night(s) in transit, hotel nights: 5 ΓåÆ 4
≡ƒîÖ Overnight travel detected: 1 night(s) in transit, hotel nights: 5 ΓåÆ 4
≡ƒîÖ Overnight travel detected: 1 night(s) in transit, hotel nights: 5 ΓåÆ 4
≡ƒîÖ Overnight travel detected: 1 night(s) in transit, hotel nights: 5 ΓåÆ 4
≡ƒîÖ Overnight travel detected: 1 night(s) in transit, hotel nights: 5 ΓåÆ 4
≡ƒîÖ Overnight travel detected: 1 night(s) in transit, hotel nights: 5 ΓåÆ 4
≡ƒîÖ Overnight travel detected: 1 night(s) in transit, hotel nights: 5 ΓåÆ 4
≡ƒîÖ Overnight travel detected: 1 night(s) in transit, hotel nights: 5 ΓåÆ 4
≡ƒîÖ Overnight travel detected: 1 night(s) in transit, hotel nights: 5 ΓåÆ 4
≡ƒîÖ Overnight travel detected: 1 night(s) in transit, hotel nights: 5 ΓåÆ 4
≡ƒîÖ Overnight travel detected: 1 night(s) in transit, hotel nights: 5 ΓåÆ 4
≡ƒîÖ Overnight travel detected: 1 night(s) in transit, hotel nights: 5 ΓåÆ 4
≡ƒîÖ Overnight travel detected: 1 night(s) in transit, hotel nights: 5 ΓåÆ 4
≡ƒîÖ Overnight travel detected: 1 night(s) in transit, hotel nights: 5 ΓåÆ 4
≡ƒîÖ Overnight travel detected: 1 night(s) in transit, hotel nights: 5 ΓåÆ 4
≡ƒîÖ Overnight travel detected: 1 night(s) in transit, hotel nights: 5 ΓåÆ 4
≡ƒîÖ Overnight travel detected: 1 night(s) in transit, hotel nights: 5 ΓåÆ 4
≡ƒîÖ Overnight travel detected: 1 night(s) in transit, hotel nights: 5 ΓåÆ 4
≡ƒîÖ Overnight travel detected: 1 night(s) in transit, hotel nights: 5 ΓåÆ 4
≡ƒîÖ Overnight travel detected: 1 night(s) in transit, hotel nights: 5 ΓåÆ 4
≡ƒîÖ Overnight travel detected: 1 night(s) in transit, hotel nights: 5 ΓåÆ 4
≡ƒîÖ Overnight travel detected: 1 night(s) in transit, hotel nights: 5 ΓåÆ 4
≡ƒîÖ Overnight travel detected: 1 night(s) in transit, hotel nights: 5 ΓåÆ 4
≡ƒîÖ Overnight travel detected: 1 night(s) in transit, hotel nights: 5 ΓåÆ 4
≡ƒîÖ Overnight travel detected: 1 night(s) in transit, hotel nights: 5 ΓåÆ 4
≡ƒîÖ Overnight travel detected: 1 night(s) in transit, hotel nights: 5 ΓåÆ 4
≡ƒîÖ Overnight travel detected: 1 night(s) in transit, hotel nights: 5 ΓåÆ 4
≡ƒîÖ Overnight travel detected: 1 night(s) in transit, hotel nights: 5 ΓåÆ 4
≡ƒîÖ Overnight travel detected: 1 night(s) in transit, hotel nights: 5 ΓåÆ 4
≡ƒîÖ Overnight travel detected: 1 night(s) in transit, hotel nights: 5 ΓåÆ 4
≡ƒîÖ Overnight travel detected: 1 night(s) in transit, hotel nights: 5 ΓåÆ 4
≡ƒîÖ Overnight travel detected: 1 night(s) in transit, hotel nights: 5 ΓåÆ 4
≡ƒîÖ Overnight travel detected: 1 night(s) in transit, hotel nights: 5 ΓåÆ 4
≡ƒîÖ Overnight travel detected: 1 night(s) in transit, hotel nights: 5 ΓåÆ 4
≡ƒîÖ Overnight travel detected: 1 night(s) in transit, hotel nights: 5 ΓåÆ 4
≡ƒîÖ Overnight travel detected: 1 night(s) in transit, hotel nights: 5 ΓåÆ 4
≡ƒîÖ Overnight travel detected: 1 night(s) in transit, hotel nights: 5 ΓåÆ 4
≡ƒîÖ Overnight travel detected: 1 night(s) in transit, hotel nights: 5 ΓåÆ 4
≡ƒîÖ Overnight travel detected: 1 night(s) in transit, hotel nights: 5 ΓåÆ 4
≡ƒîÖ Overnight travel detected: 1 night(s) in transit, hotel nights: 5 ΓåÆ 4
≡ƒîÖ Overnight travel detected: 1 night(s) in transit, hotel nights: 5 ΓåÆ 4
≡ƒîÖ Overnight travel detected: 1 night(s) in transit, hotel nights: 5 ΓåÆ 4
≡ƒîÖ Overnight travel detected: 1 night(s) in transit, hotel nights: 5 ΓåÆ 4
≡ƒîÖ Overnight travel detected: 1 night(s) in transit, hotel nights: 5 ΓåÆ 4
≡ƒîÖ Overnight travel detected: 1 night(s) in transit, hotel nights: 5 ΓåÆ 4
≡ƒîÖ Overnight travel detected: 1 night(s) in transit, hotel nights: 5 ΓåÆ 4
≡ƒîÖ Overnight travel detected: 1 night(s) in transit, hotel nights: 5 ΓåÆ 4
≡ƒîÖ Overnight travel detected: 1 night(s) in transit, hotel nights: 5 ΓåÆ 4
≡ƒîÖ Overnight travel detected: 1 night(s) in transit, hotel nights: 5 ΓåÆ 4
≡ƒîÖ Overnight travel detected: 1 night(s) in transit, hotel nights: 5 ΓåÆ 4
≡ƒîÖ Overnight travel detected: 1 night(s) in transit, hotel nights: 5 ΓåÆ 4
≡ƒîÖ Overnight travel detected: 1 night(s) in transit, hotel nights: 5 ΓåÆ 4
≡ƒîÖ Overnight travel detected: 1 night(s) in transit, hotel nights: 5 ΓåÆ 4
≡ƒîÖ Overnight travel detected: 1 night(s) in transit, hotel nights: 5 ΓåÆ 4
≡ƒîÖ Overnight travel detected: 1 night(s) in transit, hotel nights: 5 ΓåÆ 4
≡ƒîÖ Overnight travel detected: 1 night(s) in transit, hotel nights: 5 ΓåÆ 4
≡ƒîÖ Overnight travel detected: 1 night(s) in transit, hotel nights: 5 ΓåÆ 4
≡ƒîÖ Overnight travel detected: 1 night(s) in transit, hotel nights: 5 ΓåÆ 4
≡ƒîÖ Overnight travel detected: 1 night(s) in transit, hotel nights: 5 ΓåÆ 4
≡ƒîÖ Overnight travel detected: 1 night(s) in transit, hotel nights: 5 ΓåÆ 4
≡ƒîÖ Overnight travel detected: 1 night(s) in transit, hotel nights: 5 ΓåÆ 4
≡ƒîÖ Overnight travel detected: 1 night(s) in transit, hotel nights: 5 ΓåÆ 4
≡ƒîÖ Overnight travel detected: 1 night(s) in transit, hotel nights: 5 ΓåÆ 4
≡ƒîÖ Overnight travel detected: 1 night(s) in transit, hotel nights: 5 ΓåÆ 4
≡ƒîÖ Overnight travel detected: 1 night(s) in transit, hotel nights: 5 ΓåÆ 4
≡ƒîÖ Overnight travel detected: 1 night(s) in transit, hotel nights: 5 ΓåÆ 4
≡ƒîÖ Overnight travel detected: 1 night(s) in transit, hotel nights: 5 ΓåÆ 4
≡ƒîÖ Overnight travel detected: 1 night(s) in transit, hotel nights: 5 ΓåÆ 4
≡ƒîÖ Overnight travel detected: 1 night(s) in transit, hotel nights: 5 ΓåÆ 4
≡ƒîÖ Overnight travel detected: 1 night(s) in transit, hotel nights: 5 ΓåÆ 4
≡ƒîÖ Overnight travel detected: 1 night(s) in transit, hotel nights: 5 ΓåÆ 4
≡ƒîÖ Overnight travel detected: 1 night(s) in transit, hotel nights: 5 ΓåÆ 4
≡ƒîÖ Overnight travel detected: 1 night(s) in transit, hotel nights: 5 ΓåÆ 4
≡ƒîÖ Overnight travel detected: 1 night(s) in transit, hotel nights: 5 ΓåÆ 4
≡ƒîÖ Overnight travel detected: 1 night(s) in transit, hotel nights: 5 ΓåÆ 4
≡ƒîÖ Overnight travel detected: 1 night(s) in transit, hotel nights: 5 ΓåÆ 4
≡ƒîÖ Overnight travel detected: 1 night(s) in transit, hotel nights: 5 ΓåÆ 4
≡ƒîÖ Overnight travel detected: 1 night(s) in transit, hotel nights: 5 ΓåÆ 4
≡ƒîÖ Overnight travel detected: 1 night(s) in transit, hotel nights: 5 ΓåÆ 4
≡ƒîÖ Overnight travel detected: 1 night(s) in transit, hotel nights: 5 ΓåÆ 4
≡ƒîÖ Overnight travel detected: 1 night(s) in transit, hotel nights: 5 ΓåÆ 4
≡ƒîÖ Overnight travel detected: 1 night(s) in transit, hotel nights: 5 ΓåÆ 4
≡ƒîÖ Overnight travel detected: 1 night(s) in transit, hotel nights: 5 ΓåÆ 4
≡ƒîÖ Overnight travel detected: 1 night(s) in transit, hotel nights: 5 ΓåÆ 4
≡ƒîÖ Overnight travel detected: 1 night(s) in transit, hotel nights: 5 ΓåÆ 4
≡ƒîÖ Overnight travel detected: 1 night(s) in transit, hotel nights: 5 ΓåÆ 4
≡ƒîÖ Overnight travel detected: 1 night(s) in transit, hotel nights: 5 ΓåÆ 4
≡ƒîÖ Overnight travel detected: 1 night(s) in transit, hotel nights: 5 ΓåÆ 4
≡ƒîÖ Overnight travel detected: 1 night(s) in transit, hotel nights: 5 ΓåÆ 4
≡ƒîÖ Overnight travel detected: 1 night(s) in transit, hotel nights: 5 ΓåÆ 4
≡ƒîÖ Overnight travel detected: 1 night(s) in transit, hotel nights: 5 ΓåÆ 4
≡ƒîÖ Overnight travel detected: 1 night(s) in transit, hotel nights: 5 ΓåÆ 4
≡ƒîÖ Overnight travel detected: 1 night(s) in transit, hotel nights: 5 ΓåÆ 4
≡ƒîÖ Overnight travel detected: 1 night(s) in transit, hotel nights: 5 ΓåÆ 4
≡ƒîÖ Overnight travel detected: 1 night(s) in transit, hotel nights: 5 ΓåÆ 4
≡ƒîÖ Overnight travel detected: 1 night(s) in transit, hotel nights: 5 ΓåÆ 4
≡ƒîÖ Overnight travel detected: 1 night(s) in transit, hotel nights: 5 ΓåÆ 4
≡ƒîÖ Overnight travel detected: 1 night(s) in transit, hotel nights: 5 ΓåÆ 4
≡ƒîÖ Overnight travel detected: 1 night(s) in transit, hotel nights: 5 ΓåÆ 4
≡ƒîÖ Overnight travel detected: 1 night(s) in transit, hotel nights: 5 ΓåÆ 4
≡ƒîÖ Overnight travel detected: 1 night(s) in transit, hotel nights: 5 ΓåÆ 4
≡ƒîÖ Overnight travel detected: 1 night(s) in transit, hotel nights: 5 ΓåÆ 4
≡ƒîÖ Overnight travel detected: 1 night(s) in transit, hotel nights: 5 ΓåÆ 4
≡ƒîÖ Overnight travel detected: 1 night(s) in transit, hotel nights: 5 ΓåÆ 4
≡ƒîÖ Overnight travel detected: 1 night(s) in transit, hotel nights: 5 ΓåÆ 4
≡ƒîÖ Overnight travel detected: 1 night(s) in transit, hotel nights: 5 ΓåÆ 4
≡ƒîÖ Overnight travel detected: 1 night(s) in transit, hotel nights: 5 ΓåÆ 4
≡ƒîÖ Overnight travel detected: 1 night(s) in transit, hotel nights: 5 ΓåÆ 4
≡ƒîÖ Overnight travel detected: 1 night(s) in transit, hotel nights: 5 ΓåÆ 4
≡ƒîÖ Overnight travel detected: 1 night(s) in transit, hotel nights: 5 ΓåÆ 4
≡ƒîÖ Overnight travel detected: 1 night(s) in transit, hotel nights: 5 ΓåÆ 4
≡ƒîÖ Overnight travel detected: 1 night(s) in transit, hotel nights: 5 ΓåÆ 4
≡ƒîÖ Overnight travel detected: 1 night(s) in transit, hotel nights: 5 ΓåÆ 4
≡ƒîÖ Overnight travel detected: 1 night(s) in transit, hotel nights: 5 ΓåÆ 4
≡ƒîÖ Overnight travel detected: 1 night(s) in transit, hotel nights: 5 ΓåÆ 4
≡ƒîÖ Overnight travel detected: 1 night(s) in transit, hotel nights: 5 ΓåÆ 4
≡ƒîÖ Overnight travel detected: 1 night(s) in transit, hotel nights: 5 ΓåÆ 4
≡ƒîÖ Overnight travel detected: 1 night(s) in transit, hotel nights: 5 ΓåÆ 4
≡ƒîÖ Overnight travel detected: 1 night(s) in transit, hotel nights: 5 ΓåÆ 4
≡ƒîÖ Overnight travel detected: 1 night(s) in transit, hotel nights: 5 ΓåÆ 4
≡ƒîÖ Overnight travel detected: 1 night(s) in transit, hotel nights: 5 ΓåÆ 4
≡ƒîÖ Overnight travel detected: 1 night(s) in transit, hotel nights: 5 ΓåÆ 4
≡ƒîÖ Overnight travel detected: 1 night(s) in transit, hotel nights: 5 ΓåÆ 4
≡ƒîÖ Overnight travel detected: 1 night(s) in transit, hotel nights: 5 ΓåÆ 4
≡ƒîÖ Overnight travel detected: 1 night(s) in transit, hotel nights: 5 ΓåÆ 4
≡ƒîÖ Overnight travel detected: 1 night(s) in transit, hotel nights: 5 ΓåÆ 4
≡ƒîÖ Overnight travel detected: 1 night(s) in transit, hotel nights: 5 ΓåÆ 4
≡ƒîÖ Overnight travel detected: 1 night(s) in transit, hotel nights: 5 ΓåÆ 4
≡ƒîÖ Overnight travel detected: 1 night(s) in transit, hotel nights: 5 ΓåÆ 4
≡ƒîÖ Overnight travel detected: 1 night(s) in transit, hotel nights: 5 ΓåÆ 4
≡ƒîÖ Overnight travel detected: 1 night(s) in transit, hotel nights: 5 ΓåÆ 4
≡ƒîÖ Overnight travel detected: 1 night(s) in transit, hotel nights: 5 ΓåÆ 4
≡ƒîÖ Overnight travel detected: 1 night(s) in transit, hotel nights: 5 ΓåÆ 4
≡ƒîÖ Overnight travel detected: 1 night(s) in transit, hotel nights: 5 ΓåÆ 4
≡ƒîÖ Overnight travel detected: 1 night(s) in transit, hotel nights: 5 ΓåÆ 4
≡ƒîÖ Overnight travel detected: 1 night(s) in transit, hotel nights: 5 ΓåÆ 4
≡ƒîÖ Overnight travel detected: 1 night(s) in transit, hotel nights: 5 ΓåÆ 4
≡ƒîÖ Overnight travel detected: 1 night(s) in transit, hotel nights: 5 ΓåÆ 4
≡ƒîÖ Overnight travel detected: 1 night(s) in transit, hotel nights: 5 ΓåÆ 4
≡ƒîÖ Overnight travel detected: 1 night(s) in transit, hotel nights: 5 ΓåÆ 4
≡ƒîÖ Overnight travel detected: 1 night(s) in transit, hotel nights: 5 ΓåÆ 4
≡ƒîÖ Overnight travel detected: 1 night(s) in transit, hotel nights: 5 ΓåÆ 4
≡ƒîÖ Overnight travel detected: 1 night(s) in transit, hotel nights: 5 ΓåÆ 4
≡ƒîÖ Overnight travel detected: 1 night(s) in transit, hotel nights: 5 ΓåÆ 4
≡ƒîÖ Overnight travel detected: 1 night(s) in transit, hotel nights: 5 ΓåÆ 4
≡ƒîÖ Overnight travel detected: 1 night(s) in transit, hotel nights: 5 ΓåÆ 4
≡ƒîÖ Overnight travel detected: 1 night(s) in transit, hotel nights: 5 ΓåÆ 4
≡ƒîÖ Overnight travel detected: 1 night(s) in transit, hotel nights: 5 ΓåÆ 4
≡ƒîÖ Overnight travel detected: 1 night(s) in transit, hotel nights: 5 ΓåÆ 4
≡ƒîÖ Overnight travel detected: 1 night(s) in transit, hotel nights: 5 ΓåÆ 4
≡ƒîÖ Overnight travel detected: 1 night(s) in transit, hotel nights: 5 ΓåÆ 4
≡ƒîÖ Overnight travel detected: 1 night(s) in transit, hotel nights: 5 ΓåÆ 4
≡ƒîÖ Overnight travel detected: 1 night(s) in transit, hotel nights: 5 ΓåÆ 4
≡ƒîÖ Overnight travel detected: 1 night(s) in transit, hotel nights: 5 ΓåÆ 4
≡ƒîÖ Overnight travel detected: 1 night(s) in transit, hotel nights: 5 ΓåÆ 4
≡ƒîÖ Overnight travel detected: 1 night(s) in transit, hotel nights: 5 ΓåÆ 4
≡ƒîÖ Overnight travel detected: 1 night(s) in transit, hotel nights: 5 ΓåÆ 4
≡ƒîÖ Overnight travel detected: 1 night(s) in transit, hotel nights: 5 ΓåÆ 4
≡ƒîÖ Overnight travel detected: 1 night(s) in transit, hotel nights: 5 ΓåÆ 4
≡ƒîÖ Overnight travel detected: 1 night(s) in transit, hotel nights: 5 ΓåÆ 4
≡ƒîÖ Overnight travel detected: 1 night(s) in transit, hotel nights: 5 ΓåÆ 4
≡ƒîÖ Overnight travel detected: 1 night(s) in transit, hotel nights: 5 ΓåÆ 4
≡ƒîÖ Overnight travel detected: 1 night(s) in transit, hotel nights: 5 ΓåÆ 4
≡ƒîÖ Overnight travel detected: 1 night(s) in transit, hotel nights: 5 ΓåÆ 4
≡ƒîÖ Overnight travel detected: 1 night(s) in transit, hotel nights: 5 ΓåÆ 4
≡ƒîÖ Overnight travel detected: 1 night(s) in transit, hotel nights: 5 ΓåÆ 4
≡ƒîÖ Overnight travel detected: 1 night(s) in transit, hotel nights: 5 ΓåÆ 4
≡ƒîÖ Overnight travel detected: 1 night(s) in transit, hotel nights: 5 ΓåÆ 4
≡ƒîÖ Overnight travel detected: 1 night(s) in transit, hotel nights: 5 ΓåÆ 4
≡ƒîÖ Overnight travel detected: 1 night(s) in transit, hotel nights: 5 ΓåÆ 4
≡ƒîÖ Overnight travel detected: 1 night(s) in transit, hotel nights: 5 ΓåÆ 4
≡ƒîÖ Overnight travel detected: 1 night(s) in transit, hotel nights: 5 ΓåÆ 4
≡ƒîÖ Overnight travel detected: 1 night(s) in transit, hotel nights: 5 ΓåÆ 4
≡ƒîÖ Overnight travel detected: 1 night(s) in transit, hotel nights: 5 ΓåÆ 4
≡ƒîÖ Overnight travel detected: 1 night(s) in transit, hotel nights: 5 ΓåÆ 4
≡ƒîÖ Overnight travel detected: 1 night(s) in transit, hotel nights: 5 ΓåÆ 4
≡ƒîÖ Overnight travel detected: 1 night(s) in transit, hotel nights: 5 ΓåÆ 4
≡ƒîÖ Overnight travel detected: 1 night(s) in transit, hotel nights: 5 ΓåÆ 4
≡ƒîÖ Overnight travel detected: 1 night(s) in transit, hotel nights: 5 ΓåÆ 4
≡ƒîÖ Overnight travel detected: 1 night(s) in transit, hotel nights: 5 ΓåÆ 4
≡ƒîÖ Overnight travel detected: 1 night(s) in transit, hotel nights: 5 ΓåÆ 4
≡ƒîÖ Overnight travel detected: 1 night(s) in transit, hotel nights: 5 ΓåÆ 4
≡ƒîÖ Overnight travel detected: 1 night(s) in transit, hotel nights: 5 ΓåÆ 4
≡ƒîÖ Overnight travel detected: 1 night(s) in transit, hotel nights: 5 ΓåÆ 4
≡ƒîÖ Overnight travel detected: 1 night(s) in transit, hotel nights: 5 ΓåÆ 4
≡ƒîÖ Overnight travel detected: 1 night(s) in transit, hotel nights: 5 ΓåÆ 4
≡ƒîÖ Overnight travel detected: 1 night(s) in transit, hotel nights: 5 ΓåÆ 4
≡ƒîÖ Overnight travel detected: 1 night(s) in transit, hotel nights: 5 ΓåÆ 4
≡ƒîÖ Overnight travel detected: 1 night(s) in transit, hotel nights: 5 ΓåÆ 4
≡ƒîÖ Overnight travel detected: 1 night(s) in transit, hotel nights: 5 ΓåÆ 4
≡ƒîÖ Overnight travel detected: 1 night(s) in transit, hotel nights: 5 ΓåÆ 4
≡ƒîÖ Overnight travel detected: 1 night(s) in transit, hotel nights: 5 ΓåÆ 4
≡ƒîÖ Overnight travel detected: 1 night(s) in transit, hotel nights: 5 ΓåÆ 4
≡ƒîÖ Overnight travel detected: 1 night(s) in transit, hotel nights: 5 ΓåÆ 4
≡ƒîÖ Overnight travel detected: 1 night(s) in transit, hotel nights: 5 ΓåÆ 4
≡ƒîÖ Overnight travel detected: 1 night(s) in transit, hotel nights: 5 ΓåÆ 4
≡ƒîÖ Overnight travel detected: 1 night(s) in transit, hotel nights: 5 ΓåÆ 4
≡ƒîÖ Overnight travel detected: 1 night(s) in transit, hotel nights: 5 ΓåÆ 4
≡ƒîÖ Overnight travel detected: 1 night(s) in transit, hotel nights: 5 ΓåÆ 4
≡ƒîÖ Overnight travel detected: 1 night(s) in transit, hotel nights: 5 ΓåÆ 4
≡ƒîÖ Overnight travel detected: 1 night(s) in transit, hotel nights: 5 ΓåÆ 4
≡ƒîÖ Overnight travel detected: 1 night(s) in transit, hotel nights: 5 ΓåÆ 4
≡ƒîÖ Overnight travel detected: 1 night(s) in transit, hotel nights: 5 ΓåÆ 4
≡ƒîÖ Overnight travel detected: 1 night(s) in transit, hotel nights: 5 ΓåÆ 4
≡ƒîÖ Overnight travel detected: 1 night(s) in transit, hotel nights: 5 ΓåÆ 4
≡ƒîÖ Overnight travel detected: 1 night(s) in transit, hotel nights: 5 ΓåÆ 4
≡ƒîÖ Overnight travel detected: 1 night(s) in transit, hotel nights: 5 ΓåÆ 4
≡ƒîÖ Overnight travel detected: 1 night(s) in transit, hotel nights: 5 ΓåÆ 4
≡ƒîÖ Overnight travel detected: 1 night(s) in transit, hotel nights: 5 ΓåÆ 4
≡ƒîÖ Overnight travel detected: 1 night(s) in transit, hotel nights: 5 ΓåÆ 4
≡ƒîÖ Overnight travel detected: 1 night(s) in transit, hotel nights: 5 ΓåÆ 4
≡ƒîÖ Overnight travel detected: 1 night(s) in transit, hotel nights: 5 ΓåÆ 4
≡ƒîÖ Overnight travel detected: 1 night(s) in transit, hotel nights: 5 ΓåÆ 4
≡ƒîÖ Overnight travel detected: 1 night(s) in transit, hotel nights: 5 ΓåÆ 4
≡ƒîÖ Overnight travel detected: 1 night(s) in transit, hotel nights: 5 ΓåÆ 4
≡ƒîÖ Overnight travel detected: 1 night(s) in transit, hotel nights: 5 ΓåÆ 4
≡ƒîÖ Overnight travel detected: 1 night(s) in transit, hotel nights: 5 ΓåÆ 4
≡ƒîÖ Overnight travel detected: 1 night(s) in transit, hotel nights: 5 ΓåÆ 4
≡ƒîÖ Overnight travel detected: 1 night(s) in transit, hotel nights: 5 ΓåÆ 4
≡ƒîÖ Overnight travel detected: 1 night(s) in transit, hotel nights: 5 ΓåÆ 4
≡ƒîÖ Overnight travel detected: 1 night(s) in transit, hotel nights: 5 ΓåÆ 4
≡ƒîÖ Overnight travel detected: 1 night(s) in transit, hotel nights: 5 ΓåÆ 4
≡ƒîÖ Overnight travel detected: 1 night(s) in transit, hotel nights: 5 ΓåÆ 4
≡ƒîÖ Overnight travel detected: 1 night(s) in transit, hotel nights: 5 ΓåÆ 4
≡ƒîÖ Overnight travel detected: 1 night(s) in transit, hotel nights: 5 ΓåÆ 4
≡ƒîÖ Overnight travel detected: 1 night(s) in transit, hotel nights: 5 ΓåÆ 4
≡ƒîÖ Overnight travel detected: 1 night(s) in transit, hotel nights: 5 ΓåÆ 4
≡ƒîÖ Overnight travel detected: 1 night(s) in transit, hotel nights: 5 ΓåÆ 4
≡ƒîÖ Overnight travel detected: 1 night(s) in transit, hotel nights: 5 ΓåÆ 4
≡ƒîÖ Overnight travel detected: 1 night(s) in transit, hotel nights: 5 ΓåÆ 4
≡ƒîÖ Overnight travel detected: 1 night(s) in transit, hotel nights: 5 ΓåÆ 4
≡ƒîÖ Overnight travel detected: 1 night(s) in transit, hotel nights: 5 ΓåÆ 4
≡ƒîÖ Overnight travel detected: 1 night(s) in transit, hotel nights: 5 ΓåÆ 4
≡ƒîÖ Overnight travel detected: 1 night(s) in transit, hotel nights: 5 ΓåÆ 4
≡ƒîÖ Overnight travel detected: 1 night(s) in transit, hotel nights: 5 ΓåÆ 4
≡ƒîÖ Overnight travel detected: 1 night(s) in transit, hotel nights: 5 ΓåÆ 4
≡ƒîÖ Overnight travel detected: 1 night(s) in transit, hotel nights: 5 ΓåÆ 4
≡ƒîÖ Overnight travel detected: 1 night(s) in transit, hotel nights: 5 ΓåÆ 4
≡ƒîÖ Overnight travel detected: 1 night(s) in transit, hotel nights: 5 ΓåÆ 4
≡ƒîÖ Overnight travel detected: 1 night(s) in transit, hotel nights: 5 ΓåÆ 4
≡ƒîÖ Overnight travel detected: 1 night(s) in transit, hotel nights: 5 ΓåÆ 4
≡ƒîÖ Overnight travel detected: 1 night(s) in transit, hotel nights: 5 ΓåÆ 4
≡ƒîÖ Overnight travel detected: 1 night(s) in transit, hotel nights: 5 ΓåÆ 4
≡ƒîÖ Overnight travel detected: 1 night(s) in transit, hotel nights: 5 ΓåÆ 4
≡ƒîÖ Overnight travel detected: 1 night(s) in transit, hotel nights: 5 ΓåÆ 4
≡ƒîÖ Overnight travel detected: 1 night(s) in transit, hotel nights: 5 ΓåÆ 4
≡ƒîÖ Overnight travel detected: 1 night(s) in transit, hotel nights: 5 ΓåÆ 4
≡ƒîÖ Overnight travel detected: 1 night(s) in transit, hotel nights: 5 ΓåÆ 4
≡ƒîÖ Overnight travel detected: 1 night(s) in transit, hotel nights: 5 ΓåÆ 4
≡ƒîÖ Overnight travel detected: 1 night(s) in transit, hotel nights: 5 ΓåÆ 4
≡ƒîÖ Overnight travel detected: 1 night(s) in transit, hotel nights: 5 ΓåÆ 4
≡ƒîÖ Overnight travel detected: 1 night(s) in transit, hotel nights: 5 ΓåÆ 4
≡ƒîÖ Overnight travel detected: 1 night(s) in transit, hotel nights: 5 ΓåÆ 4
≡ƒîÖ Overnight travel detected: 1 night(s) in transit, hotel nights: 5 ΓåÆ 4
≡ƒîÖ Overnight travel detected: 1 night(s) in transit, hotel nights: 5 ΓåÆ 4
≡ƒîÖ Overnight travel detected: 1 night(s) in transit, hotel nights: 5 ΓåÆ 4
≡ƒîÖ Overnight travel detected: 1 night(s) in transit, hotel nights: 5 ΓåÆ 4
≡ƒîÖ Overnight travel detected: 1 night(s) in transit, hotel nights: 5 ΓåÆ 4
≡ƒîÖ Overnight travel detected: 1 night(s) in transit, hotel nights: 5 ΓåÆ 4
≡ƒîÖ Overnight travel detected: 1 night(s) in transit, hotel nights: 5 ΓåÆ 4
≡ƒîÖ Overnight travel detected: 1 night(s) in transit, hotel nights: 5 ΓåÆ 4
≡ƒîÖ Overnight travel detected: 1 night(s) in transit, hotel nights: 5 ΓåÆ 4
≡ƒîÖ Overnight travel detected: 1 night(s) in transit, hotel nights: 5 ΓåÆ 4
≡ƒîÖ Overnight travel detected: 1 night(s) in transit, hotel nights: 5 ΓåÆ 4
≡ƒîÖ Overnight travel detected: 1 night(s) in transit, hotel nights: 5 ΓåÆ 4
≡ƒîÖ Overnight travel detected: 1 night(s) in transit, hotel nights: 5 ΓåÆ 4
≡ƒîÖ Overnight travel detected: 1 night(s) in transit, hotel nights: 5 ΓåÆ 4
≡ƒîÖ Overnight travel detected: 1 night(s) in transit, hotel nights: 5 ΓåÆ 4
≡ƒîÖ Overnight travel detected: 1 night(s) in transit, hotel nights: 5 ΓåÆ 4
≡ƒîÖ Overnight travel detected: 1 night(s) in transit, hotel nights: 5 ΓåÆ 4
≡ƒîÖ Overnight travel detected: 1 night(s) in transit, hotel nights: 5 ΓåÆ 4
≡ƒîÖ Overnight travel detected: 1 night(s) in transit, hotel nights: 5 ΓåÆ 4
≡ƒîÖ Overnight travel detected: 1 night(s) in transit, hotel nights: 5 ΓåÆ 4
≡ƒîÖ Overnight travel detected: 1 night(s) in transit, hotel nights: 5 ΓåÆ 4
≡ƒîÖ Overnight travel detected: 1 night(s) in transit, hotel nights: 5 ΓåÆ 4
≡ƒîÖ Overnight travel detected: 1 night(s) in transit, hotel nights: 5 ΓåÆ 4
≡ƒîÖ Overnight travel detected: 1 night(s) in transit, hotel nights: 5 ΓåÆ 4
≡ƒîÖ Overnight travel detected: 1 night(s) in transit, hotel nights: 5 ΓåÆ 4
≡ƒîÖ Overnight travel detected: 1 night(s) in transit, hotel nights: 5 ΓåÆ 4
≡ƒîÖ Overnight travel detected: 1 night(s) in transit, hotel nights: 5 ΓåÆ 4
≡ƒîÖ Overnight travel detected: 1 night(s) in transit, hotel nights: 5 ΓåÆ 4
≡ƒîÖ Overnight travel detected: 1 night(s) in transit, hotel nights: 5 ΓåÆ 4
≡ƒîÖ Overnight travel detected: 1 night(s) in transit, hotel nights: 5 ΓåÆ 4
≡ƒîÖ Overnight travel detected: 1 night(s) in transit, hotel nights: 5 ΓåÆ 4
≡ƒîÖ Overnight travel detected: 1 night(s) in transit, hotel nights: 5 ΓåÆ 4
≡ƒîÖ Overnight travel detected: 1 night(s) in transit, hotel nights: 5 ΓåÆ 4
≡ƒîÖ Overnight travel detected: 1 night(s) in transit, hotel nights: 5 ΓåÆ 4
≡ƒîÖ Overnight travel detected: 1 night(s) in transit, hotel nights: 5 ΓåÆ 4
≡ƒîÖ Overnight travel detected: 1 night(s) in transit, hotel nights: 5 ΓåÆ 4
≡ƒîÖ Overnight travel detected: 1 night(s) in transit, hotel nights: 5 ΓåÆ 4
≡ƒîÖ Overnight travel detected: 1 night(s) in transit, hotel nights: 5 ΓåÆ 4
≡ƒîÖ Overnight travel detected: 1 night(s) in transit, hotel nights: 5 ΓåÆ 4
≡ƒîÖ Overnight travel detected: 1 night(s) in transit, hotel nights: 5 ΓåÆ 4
≡ƒîÖ Overnight travel detected: 1 night(s) in transit, hotel nights: 5 ΓåÆ 4
≡ƒîÖ Overnight travel detected: 1 night(s) in transit, hotel nights: 5 ΓåÆ 4
≡ƒîÖ Overnight travel detected: 1 night(s) in transit, hotel nights: 5 ΓåÆ 4
≡ƒîÖ Overnight travel detected: 1 night(s) in transit, hotel nights: 5 ΓåÆ 4
≡ƒîÖ Overnight travel detected: 1 night(s) in transit, hotel nights: 5 ΓåÆ 4
≡ƒîÖ Overnight travel detected: 1 night(s) in transit, hotel nights: 5 ΓåÆ 4
≡ƒîÖ Overnight travel detected: 1 night(s) in transit, hotel nights: 5 ΓåÆ 4
≡ƒîÖ Overnight travel detected: 1 night(s) in transit, hotel nights: 5 ΓåÆ 4
≡ƒîÖ Overnight travel detected: 1 night(s) in transit, hotel nights: 5 ΓåÆ 4
≡ƒîÖ Overnight travel detected: 1 night(s) in transit, hotel nights: 5 ΓåÆ 4
≡ƒîÖ Overnight travel detected: 1 night(s) in transit, hotel nights: 5 ΓåÆ 4
≡ƒîÖ Overnight travel detected: 1 night(s) in transit, hotel nights: 5 ΓåÆ 4
≡ƒîÖ Overnight travel detected: 1 night(s) in transit, hotel nights: 5 ΓåÆ 4
≡ƒîÖ Overnight travel detected: 1 night(s) in transit, hotel nights: 5 ΓåÆ 4
≡ƒîÖ Overnight travel detected: 1 night(s) in transit, hotel nights: 5 ΓåÆ 4
≡ƒîÖ Overnight travel detected: 1 night(s) in transit, hotel nights: 5 ΓåÆ 4
≡ƒîÖ Overnight travel detected: 1 night(s) in transit, hotel nights: 5 ΓåÆ 4
≡ƒîÖ Overnight travel detected: 1 night(s) in transit, hotel nights: 5 ΓåÆ 4
≡ƒîÖ Overnight travel detected: 1 night(s) in transit, hotel nights: 5 ΓåÆ 4
≡ƒîÖ Overnight travel detected: 1 night(s) in transit, hotel nights: 5 ΓåÆ 4
≡ƒîÖ Overnight travel detected: 1 night(s) in transit, hotel nights: 5 ΓåÆ 4
≡ƒîÖ Overnight travel detected: 1 night(s) in transit, hotel nights: 5 ΓåÆ 4
≡ƒîÖ Overnight travel detected: 1 night(s) in transit, hotel nights: 5 ΓåÆ 4
≡ƒîÖ Overnight travel detected: 1 night(s) in transit, hotel nights: 5 ΓåÆ 4
≡ƒîÖ Overnight travel detected: 1 night(s) in transit, hotel nights: 5 ΓåÆ 4
≡ƒîÖ Overnight travel detected: 1 night(s) in transit, hotel nights: 5 ΓåÆ 4
≡ƒîÖ Overnight travel detected: 1 night(s) in transit, hotel nights: 5 ΓåÆ 4
≡ƒîÖ Overnight travel detected: 1 night(s) in transit, hotel nights: 5 ΓåÆ 4
≡ƒîÖ Overnight travel detected: 1 night(s) in transit, hotel nights: 5 ΓåÆ 4
≡ƒîÖ Overnight travel detected: 1 night(s) in transit, hotel nights: 5 ΓåÆ 4
≡ƒîÖ Overnight travel detected: 1 night(s) in transit, hotel nights: 5 ΓåÆ 4
≡ƒîÖ Overnight travel detected: 1 night(s) in transit, hotel nights: 5 ΓåÆ 4
≡ƒîÖ Overnight travel detected: 1 night(s) in transit, hotel nights: 5 ΓåÆ 4
≡ƒîÖ Overnight travel detected: 1 night(s) in transit, hotel nights: 5 ΓåÆ 4
≡ƒîÖ Overnight travel detected: 1 night(s) in transit, hotel nights: 5 ΓåÆ 4
≡ƒîÖ Overnight travel detected: 1 night(s) in transit, hotel nights: 5 ΓåÆ 4
≡ƒîÖ Overnight travel detected: 1 night(s) in transit, hotel nights: 5 ΓåÆ 4
≡ƒîÖ Overnight travel detected: 1 night(s) in transit, hotel nights: 5 ΓåÆ 4
≡ƒîÖ Overnight travel detected: 1 night(s) in transit, hotel nights: 5 ΓåÆ 4
≡ƒîÖ Overnight travel detected: 1 night(s) in transit, hotel nights: 5 ΓåÆ 4
≡ƒîÖ Overnight travel detected: 1 night(s) in transit, hotel nights: 5 ΓåÆ 4
≡ƒîÖ Overnight travel detected: 1 night(s) in transit, hotel nights: 5 ΓåÆ 4
≡ƒîÖ Overnight travel detected: 1 night(s) in transit, hotel nights: 5 ΓåÆ 4
≡ƒîÖ Overnight travel detected: 1 night(s) in transit, hotel nights: 5 ΓåÆ 4
≡ƒîÖ Overnight travel detected: 1 night(s) in transit, hotel nights: 5 ΓåÆ 4
≡ƒîÖ Overnight travel detected: 1 night(s) in transit, hotel nights: 5 ΓåÆ 4
≡ƒîÖ Overnight travel detected: 1 night(s) in transit, hotel nights: 5 ΓåÆ 4
≡ƒîÖ Overnight travel detected: 1 night(s) in transit, hotel nights: 5 ΓåÆ 4
≡ƒîÖ Overnight travel detected: 1 night(s) in transit, hotel nights: 5 ΓåÆ 4
≡ƒîÖ Overnight travel detected: 1 night(s) in transit, hotel nights: 5 ΓåÆ 4
≡ƒîÖ Overnight travel detected: 1 night(s) in transit, hotel nights: 5 ΓåÆ 4
≡ƒîÖ Overnight travel detected: 1 night(s) in transit, hotel nights: 5 ΓåÆ 4
≡ƒîÖ Overnight travel detected: 1 night(s) in transit, hotel nights: 5 ΓåÆ 4
≡ƒîÖ Overnight travel detected: 1 night(s) in transit, hotel nights: 5 ΓåÆ 4
≡ƒîÖ Overnight travel detected: 1 night(s) in transit, hotel nights: 5 ΓåÆ 4
≡ƒîÖ Overnight travel detected: 1 night(s) in transit, hotel nights: 5 ΓåÆ 4
≡ƒîÖ Overnight travel detected: 1 night(s) in transit, hotel nights: 5 ΓåÆ 4
≡ƒîÖ Overnight travel detected: 1 night(s) in transit, hotel nights: 5 ΓåÆ 4
≡ƒîÖ Overnight travel detected: 1 night(s) in transit, hotel nights: 5 ΓåÆ 4
≡ƒîÖ Overnight travel detected: 1 night(s) in transit, hotel nights: 5 ΓåÆ 4
≡ƒîÖ Overnight travel detected: 1 night(s) in transit, hotel nights: 5 ΓåÆ 4
≡ƒîÖ Overnight travel detected: 1 night(s) in transit, hotel nights: 5 ΓåÆ 4
≡ƒîÖ Overnight travel detected: 1 night(s) in transit, hotel nights: 5 ΓåÆ 4
≡ƒîÖ Overnight travel detected: 1 night(s) in transit, hotel nights: 5 ΓåÆ 4
≡ƒîÖ Overnight travel detected: 1 night(s) in transit, hotel nights: 5 ΓåÆ 4
≡ƒîÖ Overnight travel detected: 1 night(s) in transit, hotel nights: 5 ΓåÆ 4
≡ƒîÖ Overnight travel detected: 1 night(s) in transit, hotel nights: 5 ΓåÆ 4
≡ƒîÖ Overnight travel detected: 1 night(s) in transit, hotel nights: 5 ΓåÆ 4
≡ƒîÖ Overnight travel detected: 1 night(s) in transit, hotel nights: 5 ΓåÆ 4
≡ƒîÖ Overnight travel detected: 1 night(s) in transit, hotel nights: 5 ΓåÆ 4
≡ƒîÖ Overnight travel detected: 1 night(s) in transit, hotel nights: 5 ΓåÆ 4
≡ƒîÖ Overnight travel detected: 1 night(s) in transit, hotel nights: 5 ΓåÆ 4
≡ƒîÖ Overnight travel detected: 1 night(s) in transit, hotel nights: 5 ΓåÆ 4
≡ƒîÖ Overnight travel detected: 1 night(s) in transit, hotel nights: 5 ΓåÆ 4
≡ƒîÖ Overnight travel detected: 1 night(s) in transit, hotel nights: 5 ΓåÆ 4
≡ƒîÖ Overnight travel detected: 1 night(s) in transit, hotel nights: 5 ΓåÆ 4
≡ƒîÖ Overnight travel detected: 1 night(s) in transit, hotel nights: 5 ΓåÆ 4
≡ƒîÖ Overnight travel detected: 1 night(s) in transit, hotel nights: 5 ΓåÆ 4
≡ƒîÖ Overnight travel detected: 1 night(s) in transit, hotel nights: 5 ΓåÆ 4
≡ƒîÖ Overnight travel detected: 1 night(s) in transit, hotel nights: 5 ΓåÆ 4
≡ƒîÖ Overnight travel detected: 1 night(s) in transit, hotel nights: 5 ΓåÆ 4
≡ƒîÖ Overnight travel detected: 1 night(s) in transit, hotel nights: 5 ΓåÆ 4
≡ƒîÖ Overnight travel detected: 1 night(s) in transit, hotel nights: 5 ΓåÆ 4
≡ƒîÖ Overnight travel detected: 1 night(s) in transit, hotel nights: 5 ΓåÆ 4
≡ƒîÖ Overnight travel detected: 1 night(s) in transit, hotel nights: 5 ΓåÆ 4
≡ƒîÖ Overnight travel detected: 1 night(s) in transit, hotel nights: 5 ΓåÆ 4
≡ƒîÖ Overnight travel detected: 1 night(s) in transit, hotel nights: 5 ΓåÆ 4
≡ƒîÖ Overnight travel detected: 1 night(s) in transit, hotel nights: 5 ΓåÆ 4
≡ƒîÖ Overnight travel detected: 1 night(s) in transit, hotel nights: 5 ΓåÆ 4
≡ƒîÖ Overnight travel detected: 1 night(s) in transit, hotel nights: 5 ΓåÆ 4
≡ƒîÖ Overnight travel detected: 1 night(s) in transit, hotel nights: 5 ΓåÆ 4
≡ƒîÖ Overnight travel detected: 1 night(s) in transit, hotel nights: 5 ΓåÆ 4
≡ƒîÖ Overnight travel detected: 1 night(s) in transit, hotel nights: 5 ΓåÆ 4
≡ƒîÖ Overnight travel detected: 1 night(s) in transit, hotel nights: 5 ΓåÆ 4
≡ƒîÖ Overnight travel detected: 1 night(s) in transit, hotel nights: 5 ΓåÆ 4
≡ƒîÖ Overnight travel detected: 1 night(s) in transit, hotel nights: 5 ΓåÆ 4
≡ƒîÖ Overnight travel detected: 1 night(s) in transit, hotel nights: 5 ΓåÆ 4
≡ƒîÖ Overnight travel detected: 1 night(s) in transit, hotel nights: 5 ΓåÆ 4
≡ƒîÖ Overnight travel detected: 1 night(s) in transit, hotel nights: 5 ΓåÆ 4
≡ƒîÖ Overnight travel detected: 1 night(s) in transit, hotel nights: 5 ΓåÆ 4
≡ƒîÖ Overnight travel detected: 1 night(s) in transit, hotel nights: 5 ΓåÆ 4
≡ƒîÖ Overnight travel detected: 1 night(s) in transit, hotel nights: 5 ΓåÆ 4
≡ƒîÖ Overnight travel detected: 1 night(s) in transit, hotel nights: 5 ΓåÆ 4
≡ƒîÖ Overnight travel detected: 1 night(s) in transit, hotel nights: 5 ΓåÆ 4
≡ƒîÖ Overnight travel detected: 1 night(s) in transit, hotel nights: 5 ΓåÆ 4
≡ƒîÖ Overnight travel detected: 1 night(s) in transit, hotel nights: 5 ΓåÆ 4
≡ƒîÖ Overnight travel detected: 1 night(s) in transit, hotel nights: 5 ΓåÆ 4
≡ƒîÖ Overnight travel detected: 1 night(s) in transit, hotel nights: 5 ΓåÆ 4
≡ƒîÖ Overnight travel detected: 1 night(s) in transit, hotel nights: 5 ΓåÆ 4
≡ƒîÖ Overnight travel detected: 1 night(s) in transit, hotel nights: 5 ΓåÆ 4
≡ƒîÖ Overnight travel detected: 1 night(s) in transit, hotel nights: 5 ΓåÆ 4
≡ƒîÖ Overnight travel detected: 1 night(s) in transit, hotel nights: 5 ΓåÆ 4
≡ƒîÖ Overnight travel detected: 1 night(s) in transit, hotel nights: 5 ΓåÆ 4
≡ƒîÖ Overnight travel detected: 1 night(s) in transit, hotel nights: 5 ΓåÆ 4
≡ƒîÖ Overnight travel detected: 1 night(s) in transit, hotel nights: 5 ΓåÆ 4
≡ƒîÖ Overnight travel detected: 1 night(s) in transit, hotel nights: 5 ΓåÆ 4
≡ƒîÖ Overnight travel detected: 1 night(s) in transit, hotel nights: 5 ΓåÆ 4
≡ƒîÖ Overnight travel detected: 1 night(s) in transit, hotel nights: 5 ΓåÆ 4
≡ƒîÖ Overnight travel detected: 1 night(s) in transit, hotel nights: 5 ΓåÆ 4
≡ƒîÖ Overnight travel detected: 1 night(s) in transit, hotel nights: 5 ΓåÆ 4
≡ƒîÖ Overnight travel detected: 1 night(s) in transit, hotel nights: 5 ΓåÆ 4
≡ƒîÖ Overnight travel detected: 1 night(s) in transit, hotel nights: 5 ΓåÆ 4
≡ƒîÖ Overnight travel detected: 1 night(s) in transit, hotel nights: 5 ΓåÆ 4
≡ƒîÖ Overnight travel detected: 1 night(s) in transit, hotel nights: 5 ΓåÆ 4
≡ƒîÖ Overnight travel detected: 1 night(s) in transit, hotel nights: 5 ΓåÆ 4
≡ƒîÖ Overnight travel detected: 1 night(s) in transit, hotel nights: 5 ΓåÆ 4
≡ƒîÖ Overnight travel detected: 1 night(s) in transit, hotel nights: 5 ΓåÆ 4
≡ƒîÖ Overnight travel detected: 1 night(s) in transit, hotel nights: 5 ΓåÆ 4
≡ƒîÖ Overnight travel detected: 1 night(s) in transit, hotel nights: 5 ΓåÆ 4
≡ƒîÖ Overnight travel detected: 1 night(s) in transit, hotel nights: 5 ΓåÆ 4
≡ƒîÖ Overnight travel detected: 1 night(s) in transit, hotel nights: 5 ΓåÆ 4
≡ƒîÖ Overnight travel detected: 1 night(s) in transit, hotel nights: 5 ΓåÆ 4
≡ƒîÖ Overnight travel detected: 1 night(s) in transit, hotel nights: 5 ΓåÆ 4
≡ƒîÖ Overnight travel detected: 1 night(s) in transit, hotel nights: 5 ΓåÆ 4
≡ƒîÖ Overnight travel detected: 1 night(s) in transit, hotel nights: 5 ΓåÆ 4
≡ƒîÖ Overnight travel detected: 1 night(s) in transit, hotel nights: 5 ΓåÆ 4
≡ƒîÖ Overnight travel detected: 1 night(s) in transit, hotel nights: 5 ΓåÆ 4
≡ƒîÖ Overnight travel detected: 1 night(s) in transit, hotel nights: 5 ΓåÆ 4
≡ƒîÖ Overnight travel detected: 1 night(s) in transit, hotel nights: 5 ΓåÆ 4
≡ƒîÖ Overnight travel detected: 1 night(s) in transit, hotel nights: 5 ΓåÆ 4
≡ƒîÖ Overnight travel detected: 1 night(s) in transit, hotel nights: 5 ΓåÆ 4
≡ƒîÖ Overnight travel detected: 1 night(s) in transit, hotel nights: 5 ΓåÆ 4
≡ƒîÖ Overnight travel detected: 1 night(s) in transit, hotel nights: 5 ΓåÆ 4
≡ƒîÖ Overnight travel detected: 1 night(s) in transit, hotel nights: 5 ΓåÆ 4
≡ƒîÖ Overnight travel detected: 1 night(s) in transit, hotel nights: 5 ΓåÆ 4
≡ƒîÖ Overnight travel detected: 1 night(s) in transit, hotel nights: 5 ΓåÆ 4
≡ƒîÖ Overnight travel detected: 1 night(s) in transit, hotel nights: 5 ΓåÆ 4
≡ƒîÖ Overnight travel detected: 1 night(s) in transit, hotel nights: 5 ΓåÆ 4
≡ƒîÖ Overnight travel detected: 1 night(s) in transit, hotel nights: 5 ΓåÆ 4
≡ƒîÖ Overnight travel detected: 1 night(s) in transit, hotel nights: 5 ΓåÆ 4
≡ƒîÖ Overnight travel detected: 1 night(s) in transit, hotel nights: 5 ΓåÆ 4
≡ƒîÖ Overnight travel detected: 1 night(s) in transit, hotel nights: 5 ΓåÆ 4
≡ƒîÖ Overnight travel detected: 1 night(s) in transit, hotel nights: 5 ΓåÆ 4
≡ƒîÖ Overnight travel detected: 1 night(s) in transit, hotel nights: 5 ΓåÆ 4
≡ƒîÖ Overnight travel detected: 1 night(s) in transit, hotel nights: 5 ΓåÆ 4
≡ƒîÖ Overnight travel detected: 1 night(s) in transit, hotel nights: 5 ΓåÆ 4
≡ƒîÖ Overnight travel detected: 1 night(s) in transit, hotel nights: 5 ΓåÆ 4
≡ƒîÖ Overnight travel detected: 1 night(s) in transit, hotel nights: 5 ΓåÆ 4
≡ƒîÖ Overnight travel detected: 1 night(s) in transit, hotel nights: 5 ΓåÆ 4
≡ƒîÖ Overnight travel detected: 1 night(s) in transit, hotel nights: 5 ΓåÆ 4
≡ƒîÖ Overnight travel detected: 1 night(s) in transit, hotel nights: 5 ΓåÆ 4
≡ƒîÖ Overnight travel detected: 1 night(s) in transit, hotel nights: 5 ΓåÆ 4
≡ƒîÖ Overnight travel detected: 1 night(s) in transit, hotel nights: 5 ΓåÆ 4
≡ƒîÖ Overnight travel detected: 1 night(s) in transit, hotel nights: 5 ΓåÆ 4
≡ƒîÖ Overnight travel detected: 1 night(s) in transit, hotel nights: 5 ΓåÆ 4
≡ƒîÖ Overnight travel detected: 1 night(s) in transit, hotel nights: 5 ΓåÆ 4
≡ƒîÖ Overnight travel detected: 1 night(s) in transit, hotel nights: 5 ΓåÆ 4
≡ƒîÖ Overnight travel detected: 1 night(s) in transit, hotel nights: 5 ΓåÆ 4
≡ƒîÖ Overnight travel detected: 1 night(s) in transit, hotel nights: 5 ΓåÆ 4
≡ƒîÖ Overnight travel detected: 1 night(s) in transit, hotel nights: 5 ΓåÆ 4
≡ƒîÖ Overnight travel detected: 1 night(s) in transit, hotel nights: 5 ΓåÆ 4
≡ƒîÖ Overnight travel detected: 1 night(s) in transit, hotel nights: 5 ΓåÆ 4
≡ƒîÖ Overnight travel detected: 1 night(s) in transit, hotel nights: 5 ΓåÆ 4
≡ƒîÖ Overnight travel detected: 1 night(s) in transit, hotel nights: 5 ΓåÆ 4
≡ƒîÖ Overnight travel detected: 1 night(s) in transit, hotel nights: 5 ΓåÆ 4
≡ƒîÖ Overnight travel detected: 1 night(s) in transit, hotel nights: 5 ΓåÆ 4
≡ƒîÖ Overnight travel detected: 1 night(s) in transit, hotel nights: 5 ΓåÆ 4
≡ƒîÖ Overnight travel detected: 1 night(s) in transit, hotel nights: 5 ΓåÆ 4
≡ƒîÖ Overnight travel detected: 1 night(s) in transit, hotel nights: 5 ΓåÆ 4
≡ƒîÖ Overnight travel detected: 1 night(s) in transit, hotel nights: 5 ΓåÆ 4
≡ƒîÖ Overnight travel detected: 1 night(s) in transit, hotel nights: 5 ΓåÆ 4
≡ƒîÖ Overnight travel detected: 1 night(s) in transit, hotel nights: 5 ΓåÆ 4
≡ƒîÖ Overnight travel detected: 1 night(s) in transit, hotel nights: 5 ΓåÆ 4
≡ƒîÖ Overnight travel detected: 1 night(s) in transit, hotel nights: 5 ΓåÆ 4
≡ƒîÖ Overnight travel detected: 1 night(s) in transit, hotel nights: 5 ΓåÆ 4
≡ƒîÖ Overnight travel detected: 1 night(s) in transit, hotel nights: 5 ΓåÆ 4
≡ƒîÖ Overnight travel detected: 1 night(s) in transit, hotel nights: 5 ΓåÆ 4
≡ƒîÖ Overnight travel detected: 1 night(s) in transit, hotel nights: 5 ΓåÆ 4
≡ƒîÖ Overnight travel detected: 1 night(s) in transit, hotel nights: 5 ΓåÆ 4
≡ƒîÖ Overnight travel detected: 1 night(s) in transit, hotel nights: 5 ΓåÆ 4
≡ƒîÖ Overnight travel detected: 1 night(s) in transit, hotel nights: 5 ΓåÆ 4
≡ƒîÖ Overnight travel detected: 1 night(s) in transit, hotel nights: 5 ΓåÆ 4
≡ƒîÖ Overnight travel detected: 1 night(s) in transit, hotel nights: 5 ΓåÆ 4
≡ƒîÖ Overnight travel detected: 1 night(s) in transit, hotel nights: 5 ΓåÆ 4
≡ƒîÖ Overnight travel detected: 1 night(s) in transit, hotel nights: 5 ΓåÆ 4
≡ƒîÖ Overnight travel detected: 1 night(s) in transit, hotel nights: 5 ΓåÆ 4
≡ƒîÖ Overnight travel detected: 1 night(s) in transit, hotel nights: 5 ΓåÆ 4
≡ƒîÖ Overnight travel detected: 1 night(s) in transit, hotel nights: 5 ΓåÆ 4
≡ƒîÖ Overnight travel detected: 1 night(s) in transit, hotel nights: 5 ΓåÆ 4
≡ƒîÖ Overnight travel detected: 1 night(s) in transit, hotel nights: 5 ΓåÆ 4
≡ƒîÖ Overnight travel detected: 1 night(s) in transit, hotel nights: 5 ΓåÆ 4
≡ƒîÖ Overnight travel detected: 1 night(s) in transit, hotel nights: 5 ΓåÆ 4
≡ƒîÖ Overnight travel detected: 1 night(s) in transit, hotel nights: 5 ΓåÆ 4
≡ƒîÖ Overnight travel detected: 1 night(s) in transit, hotel nights: 5 ΓåÆ 4
≡ƒîÖ Overnight travel detected: 1 night(s) in transit, hotel nights: 5 ΓåÆ 4
≡ƒîÖ Overnight travel detected: 1 night(s) in transit, hotel nights: 5 ΓåÆ 4
≡ƒîÖ Overnight travel detected: 1 night(s) in transit, hotel nights: 5 ΓåÆ 4
≡ƒîÖ Overnight travel detected: 1 night(s) in transit, hotel nights: 5 ΓåÆ 4
≡ƒîÖ Overnight travel detected: 1 night(s) in transit, hotel nights: 5 ΓåÆ 4
≡ƒîÖ Overnight travel detected: 1 night(s) in transit, hotel nights: 5 ΓåÆ 4
≡ƒîÖ Overnight travel detected: 1 night(s) in transit, hotel nights: 5 ΓåÆ 4
≡ƒîÖ Overnight travel detected: 1 night(s) in transit, hotel nights: 5 ΓåÆ 4
≡ƒîÖ Overnight travel detected: 1 night(s) in transit, hotel nights: 5 ΓåÆ 4
≡ƒîÖ Overnight travel detected: 1 night(s) in transit, hotel nights: 5 ΓåÆ 4
≡ƒîÖ Overnight travel detected: 1 night(s) in transit, hotel nights: 5 ΓåÆ 4
≡ƒîÖ Overnight travel detected: 1 night(s) in transit, hotel nights: 5 ΓåÆ 4
≡ƒîÖ Overnight travel detected: 1 night(s) in transit, hotel nights: 5 ΓåÆ 4
≡ƒîÖ Overnight travel detected: 1 night(s) in transit, hotel nights: 5 ΓåÆ 4
≡ƒîÖ Overnight travel detected: 1 night(s) in transit, hotel nights: 5 ΓåÆ 4
≡ƒîÖ Overnight travel detected: 1 night(s) in transit, hotel nights: 5 ΓåÆ 4
≡ƒîÖ Overnight travel detected: 1 night(s) in transit, hotel nights: 5 ΓåÆ 4
≡ƒîÖ Overnight travel detected: 1 night(s) in transit, hotel nights: 5 ΓåÆ 4
≡ƒîÖ Overnight travel detected: 1 night(s) in transit, hotel nights: 5 ΓåÆ 4
≡ƒîÖ Overnight travel detected: 1 night(s) in transit, hotel nights: 5 ΓåÆ 4
≡ƒîÖ Overnight travel detected: 1 night(s) in transit, hotel nights: 5 ΓåÆ 4
≡ƒîÖ Overnight travel detected: 1 night(s) in transit, hotel nights: 5 ΓåÆ 4
≡ƒîÖ Overnight travel detected: 1 night(s) in transit, hotel nights: 5 ΓåÆ 4
≡ƒîÖ Overnight travel detected: 1 night(s) in transit, hotel nights: 5 ΓåÆ 4
≡ƒîÖ Overnight travel detected: 1 night(s) in transit, hotel nights: 5 ΓåÆ 4
≡ƒîÖ Overnight travel detected: 1 night(s) in transit, hotel nights: 5 ΓåÆ 4
≡ƒîÖ Overnight travel detected: 1 night(s) in transit, hotel nights: 5 ΓåÆ 4
≡ƒîÖ Overnight travel detected: 1 night(s) in transit, hotel nights: 5 ΓåÆ 4
≡ƒîÖ Overnight travel detected: 1 night(s) in transit, hotel nights: 5 ΓåÆ 4
≡ƒîÖ Overnight travel detected: 1 night(s) in transit, hotel nights: 5 ΓåÆ 4
≡ƒîÖ Overnight travel detected: 1 night(s) in transit, hotel nights: 5 ΓåÆ 4
≡ƒîÖ Overnight travel detected: 1 night(s) in transit, hotel nights: 5 ΓåÆ 4
≡ƒîÖ Overnight travel detected: 1 night(s) in transit, hotel nights: 5 ΓåÆ 4
≡ƒîÖ Overnight travel detected: 1 night(s) in transit, hotel nights: 5 ΓåÆ 4
≡ƒîÖ Overnight travel detected: 1 night(s) in transit, hotel nights: 5 ΓåÆ 4
≡ƒîÖ Overnight travel detected: 1 night(s) in transit, hotel nights: 5 ΓåÆ 4
≡ƒîÖ Overnight travel detected: 1 night(s) in transit, hotel nights: 5 ΓåÆ 4
≡ƒîÖ Overnight travel detected: 1 night(s) in transit, hotel nights: 5 ΓåÆ 4
≡ƒîÖ Overnight travel detected: 1 night(s) in transit, hotel nights: 5 ΓåÆ 4
≡ƒîÖ Overnight travel detected: 1 night(s) in transit, hotel nights: 5 ΓåÆ 4
≡ƒîÖ Overnight travel detected: 1 night(s) in transit, hotel nights: 5 ΓåÆ 4
≡ƒîÖ Overnight travel detected: 1 night(s) in transit, hotel nights: 5 ΓåÆ 4
≡ƒîÖ Overnight travel detected: 1 night(s) in transit, hotel nights: 5 ΓåÆ 4
≡ƒîÖ Overnight travel detected: 1 night(s) in transit, hotel nights: 5 ΓåÆ 4
≡ƒîÖ Overnight travel detected: 1 night(s) in transit, hotel nights: 5 ΓåÆ 4
≡ƒîÖ Overnight travel detected: 1 night(s) in transit, hotel nights: 5 ΓåÆ 4
≡ƒîÖ Overnight travel detected: 1 night(s) in transit, hotel nights: 5 ΓåÆ 4
≡ƒîÖ Overnight travel detected: 1 night(s) in transit, hotel nights: 5 ΓåÆ 4
≡ƒîÖ Overnight travel detected: 1 night(s) in transit, hotel nights: 5 ΓåÆ 4
≡ƒîÖ Overnight travel detected: 1 night(s) in transit, hotel nights: 5 ΓåÆ 4
≡ƒîÖ Overnight travel detected: 1 night(s) in transit, hotel nights: 5 ΓåÆ 4
≡ƒîÖ Overnight travel detected: 1 night(s) in transit, hotel nights: 5 ΓåÆ 4
≡ƒîÖ Overnight travel detected: 1 night(s) in transit, hotel nights: 5 ΓåÆ 4
≡ƒîÖ Overnight travel detected: 1 night(s) in transit, hotel nights: 5 ΓåÆ 4
≡ƒîÖ Overnight travel detected: 1 night(s) in transit, hotel nights: 5 ΓåÆ 4
≡ƒîÖ Overnight travel detected: 1 night(s) in transit, hotel nights: 5 ΓåÆ 4
≡ƒîÖ Overnight travel detected: 1 night(s) in transit, hotel nights: 5 ΓåÆ 4
≡ƒîÖ Overnight travel detected: 1 night(s) in transit, hotel nights: 5 ΓåÆ 4
≡ƒîÖ Overnight travel detected: 1 night(s) in transit, hotel nights: 5 ΓåÆ 4
≡ƒîÖ Overnight travel detected: 1 night(s) in transit, hotel nights: 5 ΓåÆ 4
≡ƒîÖ Overnight travel detected: 1 night(s) in transit, hotel nights: 5 ΓåÆ 4
≡ƒîÖ Overnight travel detected: 1 night(s) in transit, hotel nights: 5 ΓåÆ 4
≡ƒîÖ Overnight travel detected: 1 night(s) in transit, hotel nights: 5 ΓåÆ 4
≡ƒîÖ Overnight travel detected: 1 night(s) in transit, hotel nights: 5 ΓåÆ 4
≡ƒîÖ Overnight travel detected: 1 night(s) in transit, hotel nights: 5 ΓåÆ 4
≡ƒîÖ Overnight travel detected: 1 night(s) in transit, hotel nights: 5 ΓåÆ 4
≡ƒîÖ Overnight travel detected: 1 night(s) in transit, hotel nights: 5 ΓåÆ 4
≡ƒîÖ Overnight travel detected: 1 night(s) in transit, hotel nights: 5 ΓåÆ 4
≡ƒîÖ Overnight travel detected: 1 night(s) in transit, hotel nights: 5 ΓåÆ 4
≡ƒîÖ Overnight travel detected: 1 night(s) in transit, hotel nights: 5 ΓåÆ 4
≡ƒîÖ Overnight travel detected: 1 night(s) in transit, hotel nights: 5 ΓåÆ 4
≡ƒîÖ Overnight travel detected: 1 night(s) in transit, hotel nights: 5 ΓåÆ 4
≡ƒîÖ Overnight travel detected: 1 night(s) in transit, hotel nights: 5 ΓåÆ 4
≡ƒîÖ Overnight travel detected: 1 night(s) in transit, hotel nights: 5 ΓåÆ 4
≡ƒîÖ Overnight travel detected: 1 night(s) in transit, hotel nights: 5 ΓåÆ 4
≡ƒîÖ Overnight travel detected: 1 night(s) in transit, hotel nights: 5 ΓåÆ 4
≡ƒîÖ Overnight travel detected: 1 night(s) in transit, hotel nights: 5 ΓåÆ 4
≡ƒîÖ Overnight travel detected: 1 night(s) in transit, hotel nights: 5 ΓåÆ 4
≡ƒîÖ Overnight travel detected: 1 night(s) in transit, hotel nights: 5 ΓåÆ 4
≡ƒîÖ Overnight travel detected: 1 night(s) in transit, hotel nights: 5 ΓåÆ 4
≡ƒîÖ Overnight travel detected: 1 night(s) in transit, hotel nights: 5 ΓåÆ 4
≡ƒîÖ Overnight travel detected: 1 night(s) in transit, hotel nights: 5 ΓåÆ 4
≡ƒîÖ Overnight travel detected: 1 night(s) in transit, hotel nights: 5 ΓåÆ 4
≡ƒîÖ Overnight travel detected: 1 night(s) in transit, hotel nights: 5 ΓåÆ 4
≡ƒîÖ Overnight travel detected: 1 night(s) in transit, hotel nights: 5 ΓåÆ 4
≡ƒîÖ Overnight travel detected: 1 night(s) in transit, hotel nights: 5 ΓåÆ 4
≡ƒîÖ Overnight travel detected: 1 night(s) in transit, hotel nights: 5 ΓåÆ 4
≡ƒîÖ Overnight travel detected: 1 night(s) in transit, hotel nights: 5 ΓåÆ 4
≡ƒîÖ Overnight travel detected: 1 night(s) in transit, hotel nights: 5 ΓåÆ 4
≡ƒîÖ Overnight travel detected: 1 night(s) in transit, hotel nights: 5 ΓåÆ 4
≡ƒîÖ Overnight travel detected: 1 night(s) in transit, hotel nights: 5 ΓåÆ 4
≡ƒîÖ Overnight travel detected: 1 night(s) in transit, hotel nights: 5 ΓåÆ 4
≡ƒîÖ Overnight travel detected: 1 night(s) in transit, hotel nights: 5 ΓåÆ 4
≡ƒîÖ Overnight travel detected: 1 night(s) in transit, hotel nights: 5 ΓåÆ 4
≡ƒîÖ Overnight travel detected: 1 night(s) in transit, hotel nights: 5 ΓåÆ 4
≡ƒîÖ Overnight travel detected: 1 night(s) in transit, hotel nights: 5 ΓåÆ 4
≡ƒîÖ Overnight travel detected: 1 night(s) in transit, hotel nights: 5 ΓåÆ 4
≡ƒîÖ Overnight travel detected: 1 night(s) in transit, hotel nights: 5 ΓåÆ 4
≡ƒîÖ Overnight travel detected: 1 night(s) in transit, hotel nights: 5 ΓåÆ 4
≡ƒîÖ Overnight travel detected: 1 night(s) in transit, hotel nights: 5 ΓåÆ 4
≡ƒîÖ Overnight travel detected: 1 night(s) in transit, hotel nights: 5 ΓåÆ 4
≡ƒîÖ Overnight travel detected: 1 night(s) in transit, hotel nights: 5 ΓåÆ 4
≡ƒîÖ Overnight travel detected: 1 night(s) in transit, hotel nights: 5 ΓåÆ 4
≡ƒîÖ Overnight travel detected: 1 night(s) in transit, hotel nights: 5 ΓåÆ 4
≡ƒîÖ Overnight travel detected: 1 night(s) in transit, hotel nights: 5 ΓåÆ 4
≡ƒîÖ Overnight travel detected: 1 night(s) in transit, hotel nights: 5 ΓåÆ 4
≡ƒîÖ Overnight travel detected: 1 night(s) in transit, hotel nights: 5 ΓåÆ 4
≡ƒîÖ Overnight travel detected: 1 night(s) in transit, hotel nights: 5 ΓåÆ 4
≡ƒîÖ Overnight travel detected: 1 night(s) in transit, hotel nights: 5 ΓåÆ 4
≡ƒîÖ Overnight travel detected: 1 night(s) in transit, hotel nights: 5 ΓåÆ 4
≡ƒîÖ Overnight travel detected: 1 night(s) in transit, hotel nights: 5 ΓåÆ 4
≡ƒîÖ Overnight travel detected: 1 night(s) in transit, hotel nights: 5 ΓåÆ 4
≡ƒîÖ Overnight travel detected: 1 night(s) in transit, hotel nights: 5 ΓåÆ 4
≡ƒîÖ Overnight travel detected: 1 night(s) in transit, hotel nights: 5 ΓåÆ 4
≡ƒîÖ Overnight travel detected: 1 night(s) in transit, hotel nights: 5 ΓåÆ 4
≡ƒîÖ Overnight travel detected: 1 night(s) in transit, hotel nights: 5 ΓåÆ 4
≡ƒîÖ Overnight travel detected: 1 night(s) in transit, hotel nights: 5 ΓåÆ 4
≡ƒîÖ Overnight travel detected: 1 night(s) in transit, hotel nights: 5 ΓåÆ 4
≡ƒîÖ Overnight travel detected: 1 night(s) in transit, hotel nights: 5 ΓåÆ 4
≡ƒîÖ Overnight travel detected: 1 night(s) in transit, hotel nights: 5 ΓåÆ 4
≡ƒîÖ Overnight travel detected: 1 night(s) in transit, hotel nights: 5 ΓåÆ 4
≡ƒîÖ Overnight travel detected: 1 night(s) in transit, hotel nights: 5 ΓåÆ 4
≡ƒîÖ Overnight travel detected: 1 night(s) in transit, hotel nights: 5 ΓåÆ 4
≡ƒîÖ Overnight travel detected: 1 night(s) in transit, hotel nights: 5 ΓåÆ 4
≡ƒîÖ Overnight travel detected: 1 night(s) in transit, hotel nights: 5 ΓåÆ 4
≡ƒîÖ Overnight travel detected: 1 night(s) in transit, hotel nights: 5 ΓåÆ 4
≡ƒîÖ Overnight travel detected: 1 night(s) in transit, hotel nights: 5 ΓåÆ 4
≡ƒîÖ Overnight travel detected: 1 night(s) in transit, hotel nights: 5 ΓåÆ 4
≡ƒîÖ Overnight travel detected: 1 night(s) in transit, hotel nights: 5 ΓåÆ 4
≡ƒîÖ Overnight travel detected: 1 night(s) in transit, hotel nights: 5 ΓåÆ 4
≡ƒîÖ Overnight travel detected: 1 night(s) in transit, hotel nights: 5 ΓåÆ 4
≡ƒîÖ Overnight travel detected: 1 night(s) in transit, hotel nights: 5 ΓåÆ 4
≡ƒîÖ Overnight travel detected: 1 night(s) in transit, hotel nights: 5 ΓåÆ 4
≡ƒîÖ Overnight travel detected: 1 night(s) in transit, hotel nights: 5 ΓåÆ 4
≡ƒîÖ Overnight travel detected: 1 night(s) in transit, hotel nights: 5 ΓåÆ 4
≡ƒîÖ Overnight travel detected: 1 night(s) in transit, hotel nights: 5 ΓåÆ 4
≡ƒîÖ Overnight travel detected: 1 night(s) in transit, hotel nights: 5 ΓåÆ 4
≡ƒîÖ Overnight travel detected: 1 night(s) in transit, hotel nights: 5 ΓåÆ 4
≡ƒîÖ Overnight travel detected: 1 night(s) in transit, hotel nights: 5 ΓåÆ 4
≡ƒîÖ Overnight travel detected: 1 night(s) in transit, hotel nights: 5 ΓåÆ 4
≡ƒîÖ Overnight travel detected: 1 night(s) in transit, hotel nights: 5 ΓåÆ 4
≡ƒîÖ Overnight travel detected: 1 night(s) in transit, hotel nights: 5 ΓåÆ 4
≡ƒîÖ Overnight travel detected: 1 night(s) in transit, hotel nights: 5 ΓåÆ 4
≡ƒîÖ Overnight travel detected: 1 night(s) in transit, hotel nights: 5 ΓåÆ 4
≡ƒîÖ Overnight travel detected: 1 night(s) in transit, hotel nights: 5 ΓåÆ 4
≡ƒîÖ Overnight travel detected: 1 night(s) in transit, hotel nights: 5 ΓåÆ 4
≡ƒîÖ Overnight travel detected: 1 night(s) in transit, hotel nights: 5 ΓåÆ 4
≡ƒîÖ Overnight travel detected: 1 night(s) in transit, hotel nights: 5 ΓåÆ 4
≡ƒîÖ Overnight travel detected: 1 night(s) in transit, hotel nights: 5 ΓåÆ 4
≡ƒîÖ Overnight travel detected: 1 night(s) in transit, hotel nights: 5 ΓåÆ 4
≡ƒîÖ Overnight travel detected: 1 night(s) in transit, hotel nights: 5 ΓåÆ 4
≡ƒîÖ Overnight travel detected: 1 night(s) in transit, hotel nights: 5 ΓåÆ 4
≡ƒîÖ Overnight travel detected: 1 night(s) in transit, hotel nights: 5 ΓåÆ 4
≡ƒîÖ Overnight travel detected: 1 night(s) in transit, hotel nights: 5 ΓåÆ 4
≡ƒîÖ Overnight travel detected: 1 night(s) in transit, hotel nights: 5 ΓåÆ 4
≡ƒîÖ Overnight travel detected: 1 night(s) in transit, hotel nights: 5 ΓåÆ 4
≡ƒîÖ Overnight travel detected: 1 night(s) in transit, hotel nights: 5 ΓåÆ 4
≡ƒîÖ Overnight travel detected: 1 night(s) in transit, hotel nights: 5 ΓåÆ 4
≡ƒîÖ Overnight travel detected: 1 night(s) in transit, hotel nights: 5 ΓåÆ 4
≡ƒîÖ Overnight travel detected: 1 night(s) in transit, hotel nights: 5 ΓåÆ 4
≡ƒîÖ Overnight travel detected: 1 night(s) in transit, hotel nights: 5 ΓåÆ 4
≡ƒîÖ Overnight travel detected: 1 night(s) in transit, hotel nights: 5 ΓåÆ 4
≡ƒîÖ Overnight travel detected: 1 night(s) in transit, hotel nights: 5 ΓåÆ 4
≡ƒîÖ Overnight travel detected: 1 night(s) in transit, hotel nights: 5 ΓåÆ 4
≡ƒîÖ Overnight travel detected: 1 night(s) in transit, hotel nights: 5 ΓåÆ 4
≡ƒîÖ Overnight travel detected: 1 night(s) in transit, hotel nights: 5 ΓåÆ 4
≡ƒîÖ Overnight travel detected: 1 night(s) in transit, hotel nights: 5 ΓåÆ 4
≡ƒîÖ Overnight travel detected: 1 night(s) in transit, hotel nights: 5 ΓåÆ 4
≡ƒîÖ Overnight travel detected: 1 night(s) in transit, hotel nights: 5 ΓåÆ 4
≡ƒîÖ Overnight travel detected: 1 night(s) in transit, hotel nights: 5 ΓåÆ 4
≡ƒîÖ Overnight travel detected: 1 night(s) in transit, hotel nights: 5 ΓåÆ 4
≡ƒîÖ Overnight travel detected: 1 night(s) in transit, hotel nights: 5 ΓåÆ 4
≡ƒîÖ Overnight travel detected: 1 night(s) in transit, hotel nights: 5 ΓåÆ 4
≡ƒîÖ Overnight travel detected: 1 night(s) in transit, hotel nights: 5 ΓåÆ 4
≡ƒîÖ Overnight travel detected: 1 night(s) in transit, hotel nights: 5 ΓåÆ 4
≡ƒîÖ Overnight travel detected: 1 night(s) in transit, hotel nights: 5 ΓåÆ 4
≡ƒîÖ Overnight travel detected: 1 night(s) in transit, hotel nights: 5 ΓåÆ 4
≡ƒîÖ Overnight travel detected: 1 night(s) in transit, hotel nights: 5 ΓåÆ 4
≡ƒîÖ Overnight travel detected: 1 night(s) in transit, hotel nights: 5 ΓåÆ 4
≡ƒîÖ Overnight travel detected: 1 night(s) in transit, hotel nights: 5 ΓåÆ 4
≡ƒîÖ Overnight travel detected: 1 night(s) in transit, hotel nights: 5 ΓåÆ 4
≡ƒîÖ Overnight travel detected: 1 night(s) in transit, hotel nights: 5 ΓåÆ 4
≡ƒîÖ Overnight travel detected: 1 night(s) in transit, hotel nights: 5 ΓåÆ 4
≡ƒîÖ Overnight travel detected: 1 night(s) in transit, hotel nights: 5 ΓåÆ 4
≡ƒîÖ Overnight travel detected: 1 night(s) in transit, hotel nights: 5 ΓåÆ 4
≡ƒîÖ Overnight travel detected: 1 night(s) in transit, hotel nights: 5 ΓåÆ 4
≡ƒîÖ Overnight travel detected: 1 night(s) in transit, hotel nights: 5 ΓåÆ 4
≡ƒîÖ Overnight travel detected: 1 night(s) in transit, hotel nights: 5 ΓåÆ 4
≡ƒîÖ Overnight travel detected: 1 night(s) in transit, hotel nights: 5 ΓåÆ 4
≡ƒîÖ Overnight travel detected: 1 night(s) in transit, hotel nights: 5 ΓåÆ 4
≡ƒîÖ Overnight travel detected: 1 night(s) in transit, hotel nights: 5 ΓåÆ 4
≡ƒîÖ Overnight travel detected: 1 night(s) in transit, hotel nights: 5 ΓåÆ 4
≡ƒîÖ Overnight travel detected: 1 night(s) in transit, hotel nights: 5 ΓåÆ 4
≡ƒîÖ Overnight travel detected: 1 night(s) in transit, hotel nights: 5 ΓåÆ 4
≡ƒîÖ Overnight travel detected: 1 night(s) in transit, hotel nights: 5 ΓåÆ 4
≡ƒîÖ Overnight travel detected: 1 night(s) in transit, hotel nights: 5 ΓåÆ 4
≡ƒîÖ Overnight travel detected: 1 night(s) in transit, hotel nights: 5 ΓåÆ 4
≡ƒîÖ Overnight travel detected: 1 night(s) in transit, hotel nights: 5 ΓåÆ 4
≡ƒîÖ Overnight travel detected: 1 night(s) in transit, hotel nights: 5 ΓåÆ 4
≡ƒîÖ Overnight travel detected: 1 night(s) in transit, hotel nights: 5 ΓåÆ 4
≡ƒîÖ Overnight travel detected: 1 night(s) in transit, hotel nights: 5 ΓåÆ 4
≡ƒîÖ Overnight travel detected: 1 night(s) in transit, hotel nights: 5 ΓåÆ 4
≡ƒîÖ Overnight travel detected: 1 night(s) in transit, hotel nights: 5 ΓåÆ 4
≡ƒîÖ Overnight travel detected: 1 night(s) in transit, hotel nights: 5 ΓåÆ 4
≡ƒîÖ Overnight travel detected: 1 night(s) in transit, hotel nights: 5 ΓåÆ 4
≡ƒîÖ Overnight travel detected: 1 night(s) in transit, hotel nights: 5 ΓåÆ 4
≡ƒîÖ Overnight travel detected: 1 night(s) in transit, hotel nights: 5 ΓåÆ 4
≡ƒîÖ Overnight travel detected: 1 night(s) in transit, hotel nights: 5 ΓåÆ 4
≡ƒîÖ Overnight travel detected: 1 night(s) in transit, hotel nights: 5 ΓåÆ 4
≡ƒîÖ Overnight travel detected: 1 night(s) in transit, hotel nights: 5 ΓåÆ 4
≡ƒîÖ Overnight travel detected: 1 night(s) in transit, hotel nights: 5 ΓåÆ 4
≡ƒîÖ Overnight travel detected: 1 night(s) in transit, hotel nights: 5 ΓåÆ 4
≡ƒîÖ Overnight travel detected: 1 night(s) in transit, hotel nights: 5 ΓåÆ 4
≡ƒîÖ Overnight travel detected: 1 night(s) in transit, hotel nights: 5 ΓåÆ 4
≡ƒîÖ Overnight travel detected: 1 night(s) in transit, hotel nights: 5 ΓåÆ 4
≡ƒîÖ Overnight travel detected: 1 night(s) in transit, hotel nights: 5 ΓåÆ 4
≡ƒîÖ Overnight travel detected: 1 night(s) in transit, hotel nights: 5 ΓåÆ 4
≡ƒîÖ Overnight travel detected: 1 night(s) in transit, hotel nights: 5 ΓåÆ 4
≡ƒîÖ Overnight travel detected: 1 night(s) in transit, hotel nights: 5 ΓåÆ 4
≡ƒîÖ Overnight travel detected: 1 night(s) in transit, hotel nights: 5 ΓåÆ 4
≡ƒîÖ Overnight travel detected: 1 night(s) in transit, hotel nights: 5 ΓåÆ 4
≡ƒîÖ Overnight travel detected: 1 night(s) in transit, hotel nights: 5 ΓåÆ 4
≡ƒîÖ Overnight travel detected: 1 night(s) in transit, hotel nights: 5 ΓåÆ 4
≡ƒîÖ Overnight travel detected: 1 night(s) in transit, hotel nights: 5 ΓåÆ 4
≡ƒîÖ Overnight travel detected: 1 night(s) in transit, hotel nights: 5 ΓåÆ 4
≡ƒîÖ Overnight travel detected: 1 night(s) in transit, hotel nights: 5 ΓåÆ 4
≡ƒîÖ Overnight travel detected: 1 night(s) in transit, hotel nights: 5 ΓåÆ 4
≡ƒîÖ Overnight travel detected: 1 night(s) in transit, hotel nights: 5 ΓåÆ 4
≡ƒîÖ Overnight travel detected: 1 night(s) in transit, hotel nights: 5 ΓåÆ 4
≡ƒîÖ Overnight travel detected: 1 night(s) in transit, hotel nights: 5 ΓåÆ 4
≡ƒîÖ Overnight travel detected: 1 night(s) in transit, hotel nights: 5 ΓåÆ 4
≡ƒîÖ Overnight travel detected: 1 night(s) in transit, hotel nights: 5 ΓåÆ 4
≡ƒîÖ Overnight travel detected: 1 night(s) in transit, hotel nights: 5 ΓåÆ 4
≡ƒîÖ Overnight travel detected: 1 night(s) in transit, hotel nights: 5 ΓåÆ 4
≡ƒîÖ Overnight travel detected: 1 night(s) in transit, hotel nights: 5 ΓåÆ 4
≡ƒîÖ Overnight travel detected: 1 night(s) in transit, hotel nights: 5 ΓåÆ 4
≡ƒîÖ Overnight travel detected: 1 night(s) in transit, hotel nights: 5 ΓåÆ 4
≡ƒîÖ Overnight travel detected: 1 night(s) in transit, hotel nights: 5 ΓåÆ 4
≡ƒîÖ Overnight travel detected: 1 night(s) in transit, hotel nights: 5 ΓåÆ 4
≡ƒîÖ Overnight travel detected: 1 night(s) in transit, hotel nights: 5 ΓåÆ 4
≡ƒîÖ Overnight travel detected: 1 night(s) in transit, hotel nights: 5 ΓåÆ 4
≡ƒîÖ Overnight travel detected: 1 night(s) in transit, hotel nights: 5 ΓåÆ 4
≡ƒîÖ Overnight travel detected: 1 night(s) in transit, hotel nights: 5 ΓåÆ 4
≡ƒîÖ Overnight travel detected: 1 night(s) in transit, hotel nights: 5 ΓåÆ 4
≡ƒîÖ Overnight travel detected: 1 night(s) in transit, hotel nights: 5 ΓåÆ 4
≡ƒîÖ Overnight travel detected: 1 night(s) in transit, hotel nights: 5 ΓåÆ 4
≡ƒîÖ Overnight travel detected: 1 night(s) in transit, hotel nights: 5 ΓåÆ 4
≡ƒîÖ Overnight travel detected: 1 night(s) in transit, hotel nights: 5 ΓåÆ 4
≡ƒîÖ Overnight travel detected: 1 night(s) in transit, hotel nights: 5 ΓåÆ 4
≡ƒîÖ Overnight travel detected: 1 night(s) in transit, hotel nights: 5 ΓåÆ 4
≡ƒîÖ Overnight travel detected: 1 night(s) in transit, hotel nights: 5 ΓåÆ 4
≡ƒîÖ Overnight travel detected: 1 night(s) in transit, hotel nights: 5 ΓåÆ 4
≡ƒîÖ Overnight travel detected: 1 night(s) in transit, hotel nights: 5 ΓåÆ 4
≡ƒîÖ Overnight travel detected: 1 night(s) in transit, hotel nights: 5 ΓåÆ 4
≡ƒîÖ Overnight travel detected: 1 night(s) in transit, hotel nights: 5 ΓåÆ 4
≡ƒîÖ Overnight travel detected: 1 night(s) in transit, hotel nights: 5 ΓåÆ 4
≡ƒîÖ Overnight travel detected: 1 night(s) in transit, hotel nights: 5 ΓåÆ 4
≡ƒîÖ Overnight travel detected: 1 night(s) in transit, hotel nights: 5 ΓåÆ 4
≡ƒîÖ Overnight travel detected: 1 night(s) in transit, hotel nights: 5 ΓåÆ 4
≡ƒîÖ Overnight travel detected: 1 night(s) in transit, hotel nights: 5 ΓåÆ 4
≡ƒîÖ Overnight travel detected: 1 night(s) in transit, hotel nights: 5 ΓåÆ 4
≡ƒîÖ Overnight travel detected: 1 night(s) in transit, hotel nights: 5 ΓåÆ 4
≡ƒîÖ Overnight travel detected: 1 night(s) in transit, hotel nights: 5 ΓåÆ 4
≡ƒîÖ Overnight travel detected: 1 night(s) in transit, hotel nights: 5 ΓåÆ 4
≡ƒîÖ Overnight travel detected: 1 night(s) in transit, hotel nights: 5 ΓåÆ 4
≡ƒîÖ Overnight travel detected: 1 night(s) in transit, hotel nights: 5 ΓåÆ 4
≡ƒîÖ Overnight travel detected: 1 night(s) in transit, hotel nights: 5 ΓåÆ 4
≡ƒîÖ Overnight travel detected: 1 night(s) in transit, hotel nights: 5 ΓåÆ 4
≡ƒîÖ Overnight travel detected: 1 night(s) in transit, hotel nights: 5 ΓåÆ 4
≡ƒîÖ Overnight travel detected: 1 night(s) in transit, hotel nights: 5 ΓåÆ 4
≡ƒîÖ Overnight travel detected: 1 night(s) in transit, hotel nights: 5 ΓåÆ 4
≡ƒîÖ Overnight travel detected: 1 night(s) in transit, hotel nights: 5 ΓåÆ 4
≡ƒîÖ Overnight travel detected: 1 night(s) in transit, hotel nights: 5 ΓåÆ 4
≡ƒîÖ Overnight travel detected: 1 night(s) in transit, hotel nights: 5 ΓåÆ 4
≡ƒîÖ Overnight travel detected: 1 night(s) in transit, hotel nights: 5 ΓåÆ 4
≡ƒîÖ Overnight travel detected: 1 night(s) in transit, hotel nights: 5 ΓåÆ 4
≡ƒîÖ Overnight travel detected: 1 night(s) in transit, hotel nights: 5 ΓåÆ 4
≡ƒîÖ Overnight travel detected: 1 night(s) in transit, hotel nights: 5 ΓåÆ 4
≡ƒîÖ Overnight travel detected: 1 night(s) in transit, hotel nights: 5 ΓåÆ 4
≡ƒîÖ Overnight travel detected: 1 night(s) in transit, hotel nights: 5 ΓåÆ 4
≡ƒîÖ Overnight travel detected: 1 night(s) in transit, hotel nights: 5 ΓåÆ 4
≡ƒîÖ Overnight travel detected: 1 night(s) in transit, hotel nights: 5 ΓåÆ 4
≡ƒîÖ Overnight travel detected: 1 night(s) in transit, hotel nights: 5 ΓåÆ 4
≡ƒîÖ Overnight travel detected: 1 night(s) in transit, hotel nights: 5 ΓåÆ 4
≡ƒîÖ Overnight travel detected: 1 night(s) in transit, hotel nights: 5 ΓåÆ 4
≡ƒîÖ Overnight travel detected: 1 night(s) in transit, hotel nights: 5 ΓåÆ 4
≡ƒîÖ Overnight travel detected: 1 night(s) in transit, hotel nights: 5 ΓåÆ 4
≡ƒîÖ Overnight travel detected: 1 night(s) in transit, hotel nights: 5 ΓåÆ 4
≡ƒîÖ Overnight travel detected: 1 night(s) in transit, hotel nights: 5 ΓåÆ 4
≡ƒîÖ Overnight travel detected: 1 night(s) in transit, hotel nights: 5 ΓåÆ 4
≡ƒîÖ Overnight travel detected: 1 night(s) in transit, hotel nights: 5 ΓåÆ 4
≡ƒîÖ Overnight travel detected: 1 night(s) in transit, hotel nights: 5 ΓåÆ 4
≡ƒîÖ Overnight travel detected: 1 night(s) in transit, hotel nights: 5 ΓåÆ 4
≡ƒîÖ Overnight travel detected: 1 night(s) in transit, hotel nights: 5 ΓåÆ 4
≡ƒîÖ Overnight travel detected: 1 night(s) in transit, hotel nights: 5 ΓåÆ 4
≡ƒîÖ Overnight travel detected: 1 night(s) in transit, hotel nights: 5 ΓåÆ 4
≡ƒîÖ Overnight travel detected: 1 night(s) in transit, hotel nights: 5 ΓåÆ 4
≡ƒîÖ Overnight travel detected: 1 night(s) in transit, hotel nights: 5 ΓåÆ 4
≡ƒîÖ Overnight travel detected: 1 night(s) in transit, hotel nights: 5 ΓåÆ 4
≡ƒîÖ Overnight travel detected: 1 night(s) in transit, hotel nights: 5 ΓåÆ 4
≡ƒîÖ Overnight travel detected: 1 night(s) in transit, hotel nights: 5 ΓåÆ 4
≡ƒîÖ Overnight travel detected: 1 night(s) in transit, hotel nights: 5 ΓåÆ 4
≡ƒîÖ Overnight travel detected: 1 night(s) in transit, hotel nights: 5 ΓåÆ 4
≡ƒîÖ Overnight travel detected: 1 night(s) in transit, hotel nights: 5 ΓåÆ 4
≡ƒîÖ Overnight travel detected: 1 night(s) in transit, hotel nights: 5 ΓåÆ 4
≡ƒîÖ Overnight travel detected: 1 night(s) in transit, hotel nights: 5 ΓåÆ 4
≡ƒîÖ Overnight travel detected: 1 night(s) in transit, hotel nights: 5 ΓåÆ 4
≡ƒîÖ Overnight travel detected: 1 night(s) in transit, hotel nights: 5 ΓåÆ 4
≡ƒîÖ Overnight travel detected: 1 night(s) in transit, hotel nights: 5 ΓåÆ 4
≡ƒîÖ Overnight travel detected: 1 night(s) in transit, hotel nights: 5 ΓåÆ 4
≡ƒîÖ Overnight travel detected: 1 night(s) in transit, hotel nights: 5 ΓåÆ 4
≡ƒîÖ Overnight travel detected: 1 night(s) in transit, hotel nights: 5 ΓåÆ 4
≡ƒîÖ Overnight travel detected: 1 night(s) in transit, hotel nights: 5 ΓåÆ 4
≡ƒîÖ Overnight travel detected: 1 night(s) in transit, hotel nights: 5 ΓåÆ 4
≡ƒîÖ Overnight travel detected: 1 night(s) in transit, hotel nights: 5 ΓåÆ 4
≡ƒîÖ Overnight travel detected: 1 night(s) in transit, hotel nights: 5 ΓåÆ 4
≡ƒîÖ Overnight travel detected: 1 night(s) in transit, hotel nights: 5 ΓåÆ 4
≡ƒîÖ Overnight travel detected: 1 night(s) in transit, hotel nights: 5 ΓåÆ 4
≡ƒîÖ Overnight travel detected: 1 night(s) in transit, hotel nights: 5 ΓåÆ 4
≡ƒîÖ Overnight travel detected: 1 night(s) in transit, hotel nights: 5 ΓåÆ 4
≡ƒîÖ Overnight travel detected: 1 night(s) in transit, hotel nights: 5 ΓåÆ 4
≡ƒîÖ Overnight travel detected: 1 night(s) in transit, hotel nights: 5 ΓåÆ 4
≡ƒîÖ Overnight travel detected: 1 night(s) in transit, hotel nights: 5 ΓåÆ 4
≡ƒîÖ Overnight travel detected: 1 night(s) in transit, hotel nights: 5 ΓåÆ 4
≡ƒîÖ Overnight travel detected: 1 night(s) in transit, hotel nights: 5 ΓåÆ 4
≡ƒîÖ Overnight travel detected: 1 night(s) in transit, hotel nights: 5 ΓåÆ 4
≡ƒîÖ Overnight travel detected: 1 night(s) in transit, hotel nights: 5 ΓåÆ 4
≡ƒîÖ Overnight travel detected: 1 night(s) in transit, hotel nights: 5 ΓåÆ 4
≡ƒîÖ Overnight travel detected: 1 night(s) in transit, hotel nights: 5 ΓåÆ 4
≡ƒîÖ Overnight travel detected: 1 night(s) in transit, hotel nights: 5 ΓåÆ 4
≡ƒîÖ Overnight travel detected: 1 night(s) in transit, hotel nights: 5 ΓåÆ 4
≡ƒîÖ Overnight travel detected: 1 night(s) in transit, hotel nights: 5 ΓåÆ 4
≡ƒîÖ Overnight travel detected: 1 night(s) in transit, hotel nights: 5 ΓåÆ 4
≡ƒîÖ Overnight travel detected: 1 night(s) in transit, hotel nights: 5 ΓåÆ 4
≡ƒîÖ Overnight travel detected: 1 night(s) in transit, hotel nights: 5 ΓåÆ 4
≡ƒîÖ Overnight travel detected: 1 night(s) in transit, hotel nights: 5 ΓåÆ 4
≡ƒîÖ Overnight travel detected: 1 night(s) in transit, hotel nights: 5 ΓåÆ 4
≡ƒîÖ Overnight travel detected: 1 night(s) in transit, hotel nights: 5 ΓåÆ 4
≡ƒîÖ Overnight travel detected: 1 night(s) in transit, hotel nights: 5 ΓåÆ 4
≡ƒîÖ Overnight travel detected: 1 night(s) in transit, hotel nights: 5 ΓåÆ 4
≡ƒîÖ Overnight travel detected: 1 night(s) in transit, hotel nights: 5 ΓåÆ 4
≡ƒîÖ Overnight travel detected: 1 night(s) in transit, hotel nights: 5 ΓåÆ 4
≡ƒîÖ Overnight travel detected: 1 night(s) in transit, hotel nights: 5 ΓåÆ 4
≡ƒîÖ Overnight travel detected: 1 night(s) in transit, hotel nights: 5 ΓåÆ 4
≡ƒîÖ Overnight travel detected: 1 night(s) in transit, hotel nights: 5 ΓåÆ 4
≡ƒîÖ Overnight travel detected: 1 night(s) in transit, hotel nights: 5 ΓåÆ 4
≡ƒîÖ Overnight travel detected: 1 night(s) in transit, hotel nights: 5 ΓåÆ 4
≡ƒîÖ Overnight travel detected: 1 night(s) in transit, hotel nights: 5 ΓåÆ 4
≡ƒîÖ Overnight travel detected: 1 night(s) in transit, hotel nights: 5 ΓåÆ 4
≡ƒîÖ Overnight travel detected: 1 night(s) in transit, hotel nights: 5 ΓåÆ 4
≡ƒîÖ Overnight travel detected: 1 night(s) in transit, hotel nights: 5 ΓåÆ 4
≡ƒîÖ Overnight travel detected: 1 night(s) in transit, hotel nights: 5 ΓåÆ 4
≡ƒîÖ Overnight travel detected: 1 night(s) in transit, hotel nights: 5 ΓåÆ 4
≡ƒîÖ Overnight travel detected: 1 night(s) in transit, hotel nights: 5 ΓåÆ 4
≡ƒîÖ Overnight travel detected: 1 night(s) in transit, hotel nights: 5 ΓåÆ 4
≡ƒîÖ Overnight travel detected: 1 night(s) in transit, hotel nights: 5 ΓåÆ 4
≡ƒîÖ Overnight travel detected: 1 night(s) in transit, hotel nights: 5 ΓåÆ 4
≡ƒîÖ Overnight travel detected: 1 night(s) in transit, hotel nights: 5 ΓåÆ 4
≡ƒîÖ Overnight travel detected: 1 night(s) in transit, hotel nights: 5 ΓåÆ 4
≡ƒîÖ Overnight travel detected: 1 night(s) in transit, hotel nights: 5 ΓåÆ 4
≡ƒîÖ Overnight travel detected: 1 night(s) in transit, hotel nights: 5 ΓåÆ 4
≡ƒîÖ Overnight travel detected: 1 night(s) in transit, hotel nights: 5 ΓåÆ 4
≡ƒîÖ Overnight travel detected: 1 night(s) in transit, hotel nights: 5 ΓåÆ 4
≡ƒîÖ Overnight travel detected: 1 night(s) in transit, hotel nights: 5 ΓåÆ 4
≡ƒîÖ Overnight travel detected: 1 night(s) in transit, hotel nights: 5 ΓåÆ 4
≡ƒîÖ Overnight travel detected: 1 night(s) in transit, hotel nights: 5 ΓåÆ 4
≡ƒîÖ Overnight travel detected: 1 night(s) in transit, hotel nights: 5 ΓåÆ 4
≡ƒîÖ Overnight travel detected: 1 night(s) in transit, hotel nights: 5 ΓåÆ 4
≡ƒîÖ Overnight travel detected: 1 night(s) in transit, hotel nights: 5 ΓåÆ 4
≡ƒîÖ Overnight travel detected: 1 night(s) in transit, hotel nights: 5 ΓåÆ 4
≡ƒîÖ Overnight travel detected: 1 night(s) in transit, hotel nights: 5 ΓåÆ 4
≡ƒîÖ Overnight travel detected: 1 night(s) in transit, hotel nights: 5 ΓåÆ 4
≡ƒîÖ Overnight travel detected: 1 night(s) in transit, hotel nights: 5 ΓåÆ 4
≡ƒîÖ Overnight travel detected: 1 night(s) in transit, hotel nights: 5 ΓåÆ 4
≡ƒîÖ Overnight travel detected: 1 night(s) in transit, hotel nights: 5 ΓåÆ 4
≡ƒîÖ Overnight travel detected: 1 night(s) in transit, hotel nights: 5 ΓåÆ 4
≡ƒîÖ Overnight travel detected: 1 night(s) in transit, hotel nights: 5 ΓåÆ 4
≡ƒîÖ Overnight travel detected: 1 night(s) in transit, hotel nights: 5 ΓåÆ 4
≡ƒîÖ Overnight travel detected: 1 night(s) in transit, hotel nights: 5 ΓåÆ 4
≡ƒîÖ Overnight travel detected: 1 night(s) in transit, hotel nights: 5 ΓåÆ 4
≡ƒîÖ Overnight travel detected: 1 night(s) in transit, hotel nights: 5 ΓåÆ 4
≡ƒîÖ Overnight travel detected: 1 night(s) in transit, hotel nights: 5 ΓåÆ 4
≡ƒîÖ Overnight travel detected: 1 night(s) in transit, hotel nights: 5 ΓåÆ 4
≡ƒîÖ Overnight travel detected: 1 night(s) in transit, hotel nights: 5 ΓåÆ 4
≡ƒîÖ Overnight travel detected: 1 night(s) in transit, hotel nights: 5 ΓåÆ 4
≡ƒîÖ Overnight travel detected: 1 night(s) in transit, hotel nights: 5 ΓåÆ 4
≡ƒîÖ Overnight travel detected: 1 night(s) in transit, hotel nights: 5 ΓåÆ 4
≡ƒîÖ Overnight travel detected: 1 night(s) in transit, hotel nights: 5 ΓåÆ 4
≡ƒîÖ Overnight travel detected: 1 night(s) in transit, hotel nights: 5 ΓåÆ 4
≡ƒîÖ Overnight travel detected: 1 night(s) in transit, hotel nights: 5 ΓåÆ 4
≡ƒîÖ Overnight travel detected: 1 night(s) in transit, hotel nights: 5 ΓåÆ 4
≡ƒîÖ Overnight travel detected: 1 night(s) in transit, hotel nights: 5 ΓåÆ 4
≡ƒîÖ Overnight travel detected: 1 night(s) in transit, hotel nights: 5 ΓåÆ 4
≡ƒîÖ Overnight travel detected: 1 night(s) in transit, hotel nights: 5 ΓåÆ 4
≡ƒîÖ Overnight travel detected: 1 night(s) in transit, hotel nights: 5 ΓåÆ 4
≡ƒîÖ Overnight travel detected: 1 night(s) in transit, hotel nights: 5 ΓåÆ 4
≡ƒîÖ Overnight travel detected: 1 night(s) in transit, hotel nights: 5 ΓåÆ 4
≡ƒîÖ Overnight travel detected: 1 night(s) in transit, hotel nights: 5 ΓåÆ 4
≡ƒîÖ Overnight travel detected: 1 night(s) in transit, hotel nights: 5 ΓåÆ 4
≡ƒîÖ Overnight travel detected: 1 night(s) in transit, hotel nights: 5 ΓåÆ 4
≡ƒîÖ Overnight travel detected: 1 night(s) in transit, hotel nights: 5 ΓåÆ 4
≡ƒîÖ Overnight travel detected: 1 night(s) in transit, hotel nights: 5 ΓåÆ 4
≡ƒîÖ Overnight travel detected: 1 night(s) in transit, hotel nights: 5 ΓåÆ 4
≡ƒîÖ Overnight travel detected: 1 night(s) in transit, hotel nights: 5 ΓåÆ 4
≡ƒîÖ Overnight travel detected: 1 night(s) in transit, hotel nights: 5 ΓåÆ 4
≡ƒîÖ Overnight travel detected: 1 night(s) in transit, hotel nights: 5 ΓåÆ 4
≡ƒîÖ Overnight travel detected: 1 night(s) in transit, hotel nights: 5 ΓåÆ 4
≡ƒîÖ Overnight travel detected: 1 night(s) in transit, hotel nights: 5 ΓåÆ 4
≡ƒîÖ Overnight travel detected: 1 night(s) in transit, hotel nights: 5 ΓåÆ 4
≡ƒîÖ Overnight travel detected: 1 night(s) in transit, hotel nights: 5 ΓåÆ 4
≡ƒîÖ Overnight travel detected: 1 night(s) in transit, hotel nights: 5 ΓåÆ 4
≡ƒîÖ Overnight travel detected: 1 night(s) in transit, hotel nights: 5 ΓåÆ 4
≡ƒîÖ Overnight travel detected: 1 night(s) in transit, hotel nights: 5 ΓåÆ 4
≡ƒîÖ Overnight travel detected: 1 night(s) in transit, hotel nights: 5 ΓåÆ 4
≡ƒîÖ Overnight travel detected: 1 night(s) in transit, hotel nights: 5 ΓåÆ 4
≡ƒîÖ Overnight travel detected: 1 night(s) in transit, hotel nights: 5 ΓåÆ 4
≡ƒîÖ Overnight travel detected: 1 night(s) in transit, hotel nights: 5 ΓåÆ 4
≡ƒîÖ Overnight travel detected: 1 night(s) in transit, hotel nights: 5 ΓåÆ 4
≡ƒîÖ Overnight travel detected: 1 night(s) in transit, hotel nights: 5 ΓåÆ 4
≡ƒîÖ Overnight travel detected: 1 night(s) in transit, hotel nights: 5 ΓåÆ 4
≡ƒîÖ Overnight travel detected: 1 night(s) in transit, hotel nights: 5 ΓåÆ 4
≡ƒîÖ Overnight travel detected: 1 night(s) in transit, hotel nights: 5 ΓåÆ 4
≡ƒîÖ Overnight travel detected: 1 night(s) in transit, hotel nights: 5 ΓåÆ 4
≡ƒîÖ Overnight travel detected: 1 night(s) in transit, hotel nights: 5 ΓåÆ 4
≡ƒîÖ Overnight travel detected: 1 night(s) in transit, hotel nights: 5 ΓåÆ 4
≡ƒîÖ Overnight travel detected: 1 night(s) in transit, hotel nights: 5 ΓåÆ 4
≡ƒîÖ Overnight travel detected: 1 night(s) in transit, hotel nights: 5 ΓåÆ 4
≡ƒîÖ Overnight travel detected: 1 night(s) in transit, hotel nights: 5 ΓåÆ 4
≡ƒîÖ Overnight travel detected: 1 night(s) in transit, hotel nights: 5 ΓåÆ 4
≡ƒîÖ Overnight travel detected: 1 night(s) in transit, hotel nights: 5 ΓåÆ 4
≡ƒîÖ Overnight travel detected: 1 night(s) in transit, hotel nights: 5 ΓåÆ 4
≡ƒîÖ Overnight travel detected: 1 night(s) in transit, hotel nights: 5 ΓåÆ 4
≡ƒîÖ Overnight travel detected: 1 night(s) in transit, hotel nights: 5 ΓåÆ 4
≡ƒîÖ Overnight travel detected: 1 night(s) in transit, hotel nights: 5 ΓåÆ 4
≡ƒîÖ Overnight travel detected: 1 night(s) in transit, hotel nights: 5 ΓåÆ 4
≡ƒîÖ Overnight travel detected: 1 night(s) in transit, hotel nights: 5 ΓåÆ 4
≡ƒîÖ Overnight travel detected: 1 night(s) in transit, hotel nights: 5 ΓåÆ 4
≡ƒîÖ Overnight travel detected: 1 night(s) in transit, hotel nights: 5 ΓåÆ 4
≡ƒîÖ Overnight travel detected: 1 night(s) in transit, hotel nights: 5 ΓåÆ 4
≡ƒîÖ Overnight travel detected: 1 night(s) in transit, hotel nights: 5 ΓåÆ 4
≡ƒîÖ Overnight travel detected: 1 night(s) in transit, hotel nights: 5 ΓåÆ 4
≡ƒîÖ Overnight travel detected: 1 night(s) in transit, hotel nights: 5 ΓåÆ 4
≡ƒîÖ Overnight travel detected: 1 night(s) in transit, hotel nights: 5 ΓåÆ 4
≡ƒîÖ Overnight travel detected: 1 night(s) in transit, hotel nights: 5 ΓåÆ 4
≡ƒîÖ Overnight travel detected: 1 night(s) in transit, hotel nights: 5 ΓåÆ 4
≡ƒîÖ Overnight travel detected: 1 night(s) in transit, hotel nights: 5 ΓåÆ 4
≡ƒîÖ Overnight travel detected: 1 night(s) in transit, hotel nights: 5 ΓåÆ 4
≡ƒîÖ Overnight travel detected: 1 night(s) in transit, hotel nights: 5 ΓåÆ 4
≡ƒîÖ Overnight travel detected: 1 night(s) in transit, hotel nights: 5 ΓåÆ 4
≡ƒîÖ Overnight travel detected: 1 night(s) in transit, hotel nights: 5 ΓåÆ 4
≡ƒîÖ Overnight travel detected: 1 night(s) in transit, hotel nights: 5 ΓåÆ 4
≡ƒîÖ Overnight travel detected: 1 night(s) in transit, hotel nights: 5 ΓåÆ 4
≡ƒîÖ Overnight travel detected: 1 night(s) in transit, hotel nights: 5 ΓåÆ 4
≡ƒîÖ Overnight travel detected: 1 night(s) in transit, hotel nights: 5 ΓåÆ 4
≡ƒîÖ Overnight travel detected: 1 night(s) in transit, hotel nights: 5 ΓåÆ 4
≡ƒîÖ Overnight travel detected: 1 night(s) in transit, hotel nights: 5 ΓåÆ 4
≡ƒîÖ Overnight travel detected: 1 night(s) in transit, hotel nights: 5 ΓåÆ 4
≡ƒîÖ Overnight travel detected: 1 night(s) in transit, hotel nights: 5 ΓåÆ 4
≡ƒîÖ Overnight travel detected: 1 night(s) in transit, hotel nights: 5 ΓåÆ 4
≡ƒîÖ Overnight travel detected: 1 night(s) in transit, hotel nights: 5 ΓåÆ 4
≡ƒîÖ Overnight travel detected: 1 night(s) in transit, hotel nights: 5 ΓåÆ 4
≡ƒîÖ Overnight travel detected: 1 night(s) in transit, hotel nights: 5 ΓåÆ 4
≡ƒîÖ Overnight travel detected: 1 night(s) in transit, hotel nights: 5 ΓåÆ 4
≡ƒîÖ Overnight travel detected: 1 night(s) in transit, hotel nights: 5 ΓåÆ 4
≡ƒîÖ Overnight travel detected: 1 night(s) in transit, hotel nights: 5 ΓåÆ 4
≡ƒîÖ Overnight travel detected: 1 night(s) in transit, hotel nights: 5 ΓåÆ 4
≡ƒîÖ Overnight travel detected: 1 night(s) in transit, hotel nights: 5 ΓåÆ 4
≡ƒîÖ Overnight travel detected: 1 night(s) in transit, hotel nights: 5 ΓåÆ 4
≡ƒîÖ Overnight travel detected: 1 night(s) in transit, hotel nights: 5 ΓåÆ 4
≡ƒîÖ Overnight travel detected: 1 night(s) in transit, hotel nights: 5 ΓåÆ 4
≡ƒîÖ Overnight travel detected: 1 night(s) in transit, hotel nights: 5 ΓåÆ 4
≡ƒîÖ Overnight travel detected: 1 night(s) in transit, hotel nights: 5 ΓåÆ 4
≡ƒîÖ Overnight travel detected: 1 night(s) in transit, hotel nights: 5 ΓåÆ 4
≡ƒîÖ Overnight travel detected: 1 night(s) in transit, hotel nights: 5 ΓåÆ 4
≡ƒîÖ Overnight travel detected: 1 night(s) in transit, hotel nights: 5 ΓåÆ 4
≡ƒîÖ Overnight travel detected: 1 night(s) in transit, hotel nights: 5 ΓåÆ 4
≡ƒîÖ Overnight travel detected: 1 night(s) in transit, hotel nights: 5 ΓåÆ 4
≡ƒîÖ Overnight travel detected: 1 night(s) in transit, hotel nights: 5 ΓåÆ 4
≡ƒîÖ Overnight travel detected: 1 night(s) in transit, hotel nights: 5 ΓåÆ 4
≡ƒîÖ Overnight travel detected: 1 night(s) in transit, hotel nights: 5 ΓåÆ 4
≡ƒîÖ Overnight travel detected: 1 night(s) in transit, hotel nights: 5 ΓåÆ 4
≡ƒîÖ Overnight travel detected: 1 night(s) in transit, hotel nights: 5 ΓåÆ 4
≡ƒîÖ Overnight travel detected: 1 night(s) in transit, hotel nights: 5 ΓåÆ 4
≡ƒîÖ Overnight travel detected: 1 night(s) in transit, hotel nights: 5 ΓåÆ 4
≡ƒîÖ Overnight travel detected: 1 night(s) in transit, hotel nights: 5 ΓåÆ 4
≡ƒîÖ Overnight travel detected: 1 night(s) in transit, hotel nights: 5 ΓåÆ 4
≡ƒîÖ Overnight travel detected: 1 night(s) in transit, hotel nights: 5 ΓåÆ 4
≡ƒîÖ Overnight travel detected: 1 night(s) in transit, hotel nights: 5 ΓåÆ 4
≡ƒîÖ Overnight travel detected: 1 night(s) in transit, hotel nights: 5 ΓåÆ 4
≡ƒîÖ Overnight travel detected: 1 night(s) in transit, hotel nights: 5 ΓåÆ 4
≡ƒîÖ Overnight travel detected: 1 night(s) in transit, hotel nights: 5 ΓåÆ 4
≡ƒîÖ Overnight travel detected: 1 night(s) in transit, hotel nights: 5 ΓåÆ 4
≡ƒîÖ Overnight travel detected: 1 night(s) in transit, hotel nights: 5 ΓåÆ 4
≡ƒîÖ Overnight travel detected: 1 night(s) in transit, hotel nights: 5 ΓåÆ 4
≡ƒîÖ Overnight travel detected: 1 night(s) in transit, hotel nights: 5 ΓåÆ 4
≡ƒîÖ Overnight travel detected: 1 night(s) in transit, hotel nights: 5 ΓåÆ 4
≡ƒîÖ Overnight travel detected: 1 night(s) in transit, hotel nights: 5 ΓåÆ 4
≡ƒîÖ Overnight travel detected: 1 night(s) in transit, hotel nights: 5 ΓåÆ 4
≡ƒîÖ Overnight travel detected: 1 night(s) in transit, hotel nights: 5 ΓåÆ 4
≡ƒîÖ Overnight travel detected: 1 night(s) in transit, hotel nights: 5 ΓåÆ 4
≡ƒîÖ Overnight travel detected: 1 night(s) in transit, hotel nights: 5 ΓåÆ 4
≡ƒîÖ Overnight travel detected: 1 night(s) in transit, hotel nights: 5 ΓåÆ 4
≡ƒîÖ Overnight travel detected: 1 night(s) in transit, hotel nights: 5 ΓåÆ 4
≡ƒîÖ Overnight travel detected: 1 night(s) in transit, hotel nights: 5 ΓåÆ 4
≡ƒîÖ Overnight travel detected: 1 night(s) in transit, hotel nights: 5 ΓåÆ 4
≡ƒîÖ Overnight travel detected: 1 night(s) in transit, hotel nights: 5 ΓåÆ 4
≡ƒîÖ Overnight travel detected: 1 night(s) in transit, hotel nights: 5 ΓåÆ 4
≡ƒîÖ Overnight travel detected: 1 night(s) in transit, hotel nights: 5 ΓåÆ 4
≡ƒîÖ Overnight travel detected: 1 night(s) in transit, hotel nights: 5 ΓåÆ 4
≡ƒîÖ Overnight travel detected: 1 night(s) in transit, hotel nights: 5 ΓåÆ 4
≡ƒîÖ Overnight travel detected: 1 night(s) in transit, hotel nights: 5 ΓåÆ 4
≡ƒîÖ Overnight travel detected: 1 night(s) in transit, hotel nights: 5 ΓåÆ 4
≡ƒîÖ Overnight travel detected: 1 night(s) in transit, hotel nights: 5 ΓåÆ 4
≡ƒîÖ Overnight travel detected: 1 night(s) in transit, hotel nights: 5 ΓåÆ 4
≡ƒîÖ Overnight travel detected: 1 night(s) in transit, hotel nights: 5 ΓåÆ 4
≡ƒîÖ Overnight travel detected: 1 night(s) in transit, hotel nights: 5 ΓåÆ 4
≡ƒîÖ Overnight travel detected: 1 night(s) in transit, hotel nights: 5 ΓåÆ 4
≡ƒîÖ Overnight travel detected: 1 night(s) in transit, hotel nights: 5 ΓåÆ 4
≡ƒîÖ Overnight travel detected: 1 night(s) in transit, hotel nights: 5 ΓåÆ 4
≡ƒîÖ Overnight travel detected: 1 night(s) in transit, hotel nights: 5 ΓåÆ 4
≡ƒîÖ Overnight travel detected: 1 night(s) in transit, hotel nights: 5 ΓåÆ 4
≡ƒîÖ Overnight travel detected: 1 night(s) in transit, hotel nights: 5 ΓåÆ 4
≡ƒîÖ Overnight travel detected: 1 night(s) in transit, hotel nights: 5 ΓåÆ 4
≡ƒîÖ Overnight travel detected: 1 night(s) in transit, hotel nights: 5 ΓåÆ 4
≡ƒîÖ Overnight travel detected: 1 night(s) in transit, hotel nights: 5 ΓåÆ 4
≡ƒîÖ Overnight travel detected: 1 night(s) in transit, hotel nights: 5 ΓåÆ 4
≡ƒîÖ Overnight travel detected: 1 night(s) in transit, hotel nights: 5 ΓåÆ 4
≡ƒîÖ Overnight travel detected: 1 night(s) in transit, hotel nights: 5 ΓåÆ 4
≡ƒîÖ Overnight travel detected: 1 night(s) in transit, hotel nights: 5 ΓåÆ 4
≡ƒîÖ Overnight travel detected: 1 night(s) in transit, hotel nights: 5 ΓåÆ 4
≡ƒîÖ Overnight travel detected: 1 night(s) in transit, hotel nights: 5 ΓåÆ 4
≡ƒîÖ Overnight travel detected: 1 night(s) in transit, hotel nights: 5 ΓåÆ 4
≡ƒîÖ Overnight travel detected: 1 night(s) in transit, hotel nights: 5 ΓåÆ 4
≡ƒîÖ Overnight travel detected: 1 night(s) in transit, hotel nights: 5 ΓåÆ 4
≡ƒîÖ Overnight travel detected: 1 night(s) in transit, hotel nights: 5 ΓåÆ 4
≡ƒîÖ Overnight travel detected: 1 night(s) in transit, hotel nights: 5 ΓåÆ 4
≡ƒîÖ Overnight travel detected: 1 night(s) in transit, hotel nights: 5 ΓåÆ 4
≡ƒîÖ Overnight travel detected: 1 night(s) in transit, hotel nights: 5 ΓåÆ 4
≡ƒîÖ Overnight travel detected: 1 night(s) in transit, hotel nights: 5 ΓåÆ 4
≡ƒîÖ Overnight travel detected: 1 night(s) in transit, hotel nights: 5 ΓåÆ 4
≡ƒîÖ Overnight travel detected: 1 night(s) in transit, hotel nights: 5 ΓåÆ 4
≡ƒîÖ Overnight travel detected: 1 night(s) in transit, hotel nights: 5 ΓåÆ 4
≡ƒîÖ Overnight travel detected: 1 night(s) in transit, hotel nights: 5 ΓåÆ 4
≡ƒîÖ Overnight travel detected: 1 night(s) in transit, hotel nights: 5 ΓåÆ 4
≡ƒîÖ Overnight travel detected: 1 night(s) in transit, hotel nights: 5 ΓåÆ 4
≡ƒîÖ Overnight travel detected: 1 night(s) in transit, hotel nights: 5 ΓåÆ 4
≡ƒîÖ Overnight travel detected: 1 night(s) in transit, hotel nights: 5 ΓåÆ 4
≡ƒîÖ Overnight travel detected: 1 night(s) in transit, hotel nights: 5 ΓåÆ 4
≡ƒîÖ Overnight travel detected: 1 night(s) in transit, hotel nights: 5 ΓåÆ 4
≡ƒîÖ Overnight travel detected: 1 night(s) in transit, hotel nights: 5 ΓåÆ 4
≡ƒîÖ Overnight travel detected: 1 night(s) in transit, hotel nights: 5 ΓåÆ 4
≡ƒîÖ Overnight travel detected: 1 night(s) in transit, hotel nights: 5 ΓåÆ 4
≡ƒîÖ Overnight travel detected: 1 night(s) in transit, hotel nights: 5 ΓåÆ 4
≡ƒîÖ Overnight travel detected: 1 night(s) in transit, hotel nights: 5 ΓåÆ 4
≡ƒîÖ Overnight travel detected: 1 night(s) in transit, hotel nights: 5 ΓåÆ 4
≡ƒîÖ Overnight travel detected: 1 night(s) in transit, hotel nights: 5 ΓåÆ 4
≡ƒîÖ Overnight travel detected: 1 night(s) in transit, hotel nights: 5 ΓåÆ 4
≡ƒîÖ Overnight travel detected: 1 night(s) in transit, hotel nights: 5 ΓåÆ 4
≡ƒîÖ Overnight travel detected: 1 night(s) in transit, hotel nights: 5 ΓåÆ 4
≡ƒîÖ Overnight travel detected: 1 night(s) in transit, hotel nights: 5 ΓåÆ 4
≡ƒîÖ Overnight travel detected: 1 night(s) in transit, hotel nights: 5 ΓåÆ 4
≡ƒîÖ Overnight travel detected: 1 night(s) in transit, hotel nights: 5 ΓåÆ 4
≡ƒîÖ Overnight travel detected: 1 night(s) in transit, hotel nights: 5 ΓåÆ 4
≡ƒîÖ Overnight travel detected: 1 night(s) in transit, hotel nights: 5 ΓåÆ 4
≡ƒîÖ Overnight travel detected: 1 night(s) in transit, hotel nights: 5 ΓåÆ 4
≡ƒîÖ Overnight travel detected: 1 night(s) in transit, hotel nights: 5 ΓåÆ 4
≡ƒîÖ Overnight travel detected: 1 night(s) in transit, hotel nights: 5 ΓåÆ 4
≡ƒîÖ Overnight travel detected: 1 night(s) in transit, hotel nights: 5 ΓåÆ 4
≡ƒîÖ Overnight travel detected: 1 night(s) in transit, hotel nights: 5 ΓåÆ 4
≡ƒîÖ Overnight travel detected: 1 night(s) in transit, hotel nights: 5 ΓåÆ 4
≡ƒîÖ Overnight travel detected: 1 night(s) in transit, hotel nights: 5 ΓåÆ 4
≡ƒîÖ Overnight travel detected: 1 night(s) in transit, hotel nights: 5 ΓåÆ 4
≡ƒîÖ Overnight travel detected: 1 night(s) in transit, hotel nights: 5 ΓåÆ 4
≡ƒîÖ Overnight travel detected: 1 night(s) in transit, hotel nights: 5 ΓåÆ 4
≡ƒîÖ Overnight travel detected: 1 night(s) in transit, hotel nights: 5 ΓåÆ 4
≡ƒîÖ Overnight travel detected: 1 night(s) in transit, hotel nights: 5 ΓåÆ 4
≡ƒîÖ Overnight travel detected: 1 night(s) in transit, hotel nights: 5 ΓåÆ 4
≡ƒîÖ Overnight travel detected: 1 night(s) in transit, hotel nights: 5 ΓåÆ 4
≡ƒîÖ Overnight travel detected: 1 night(s) in transit, hotel nights: 5 ΓåÆ 4
≡ƒîÖ Overnight travel detected: 1 night(s) in transit, hotel nights: 5 ΓåÆ 4
≡ƒîÖ Overnight travel detected: 1 night(s) in transit, hotel nights: 5 ΓåÆ 4
≡ƒîÖ Overnight travel detected: 1 night(s) in transit, hotel nights: 5 ΓåÆ 4
≡ƒîÖ Overnight travel detected: 1 night(s) in transit, hotel nights: 5 ΓåÆ 4
≡ƒîÖ Overnight travel detected: 1 night(s) in transit, hotel nights: 5 ΓåÆ 4
≡ƒîÖ Overnight travel detected: 1 night(s) in transit, hotel nights: 5 ΓåÆ 4
≡ƒîÖ Overnight travel detected: 1 night(s) in transit, hotel nights: 5 ΓåÆ 4
≡ƒîÖ Overnight travel detected: 1 night(s) in transit, hotel nights: 5 ΓåÆ 4
≡ƒîÖ Overnight travel detected: 1 night(s) in transit, hotel nights: 5 ΓåÆ 4
≡ƒîÖ Overnight travel detected: 1 night(s) in transit, hotel nights: 5 ΓåÆ 4
≡ƒîÖ Overnight travel detected: 1 night(s) in transit, hotel nights: 5 ΓåÆ 4
≡ƒîÖ Overnight travel detected: 1 night(s) in transit, hotel nights: 5 ΓåÆ 4
≡ƒîÖ Overnight travel detected: 1 night(s) in transit, hotel nights: 5 ΓåÆ 4
≡ƒîÖ Overnight travel detected: 1 night(s) in transit, hotel nights: 5 ΓåÆ 4
≡ƒîÖ Overnight travel detected: 1 night(s) in transit, hotel nights: 5 ΓåÆ 4
≡ƒîÖ Overnight travel detected: 1 night(s) in transit, hotel nights: 5 ΓåÆ 4
≡ƒîÖ Overnight travel detected: 1 night(s) in transit, hotel nights: 5 ΓåÆ 4
≡ƒîÖ Overnight travel detected: 1 night(s) in transit, hotel nights: 5 ΓåÆ 4
≡ƒîÖ Overnight travel detected: 1 night(s) in transit, hotel nights: 5 ΓåÆ 4
≡ƒîÖ Overnight travel detected: 1 night(s) in transit, hotel nights: 5 ΓåÆ 4
≡ƒîÖ Overnight travel detected: 1 night(s) in transit, hotel nights: 5 ΓåÆ 4
≡ƒîÖ Overnight travel detected: 1 night(s) in transit, hotel nights: 5 ΓåÆ 4
≡ƒîÖ Overnight travel detected: 1 night(s) in transit, hotel nights: 5 ΓåÆ 4
≡ƒîÖ Overnight travel detected: 1 night(s) in transit, hotel nights: 5 ΓåÆ 4
≡ƒîÖ Overnight travel detected: 1 night(s) in transit, hotel nights: 5 ΓåÆ 4
≡ƒîÖ Overnight travel detected: 1 night(s) in transit, hotel nights: 5 ΓåÆ 4
≡ƒîÖ Overnight travel detected: 1 night(s) in transit, hotel nights: 5 ΓåÆ 4
≡ƒîÖ Overnight travel detected: 1 night(s) in transit, hotel nights: 5 ΓåÆ 4
≡ƒîÖ Overnight travel detected: 1 night(s) in transit, hotel nights: 5 ΓåÆ 4
≡ƒîÖ Overnight travel detected: 1 night(s) in transit, hotel nights: 5 ΓåÆ 4
≡ƒîÖ Overnight travel detected: 1 night(s) in transit, hotel nights: 5 ΓåÆ 4
≡ƒîÖ Overnight travel detected: 1 night(s) in transit, hotel nights: 5 ΓåÆ 4
≡ƒîÖ Overnight travel detected: 1 night(s) in transit, hotel nights: 5 ΓåÆ 4
≡ƒîÖ Overnight travel detected: 1 night(s) in transit, hotel nights: 5 ΓåÆ 4
≡ƒîÖ Overnight travel detected: 1 night(s) in transit, hotel nights: 5 ΓåÆ 4
≡ƒîÖ Overnight travel detected: 1 night(s) in transit, hotel nights: 5 ΓåÆ 4
≡ƒîÖ Overnight travel detected: 1 night(s) in transit, hotel nights: 5 ΓåÆ 4
≡ƒîÖ Overnight travel detected: 1 night(s) in transit, hotel nights: 5 ΓåÆ 4
≡ƒîÖ Overnight travel detected: 1 night(s) in transit, hotel nights: 5 ΓåÆ 4
≡ƒîÖ Overnight travel detected: 1 night(s) in transit, hotel nights: 5 ΓåÆ 4
≡ƒîÖ Overnight travel detected: 1 night(s) in transit, hotel nights: 5 ΓåÆ 4
≡ƒîÖ Overnight travel detected: 1 night(s) in transit, hotel nights: 5 ΓåÆ 4
≡ƒîÖ Overnight travel detected: 1 night(s) in transit, hotel nights: 5 ΓåÆ 4
≡ƒîÖ Overnight travel detected: 1 night(s) in transit, hotel nights: 5 ΓåÆ 4
≡ƒîÖ Overnight travel detected: 1 night(s) in transit, hotel nights: 5 ΓåÆ 4
≡ƒîÖ Overnight travel detected: 1 night(s) in transit, hotel nights: 5 ΓåÆ 4
≡ƒîÖ Overnight travel detected: 1 night(s) in transit, hotel nights: 5 ΓåÆ 4
≡ƒîÖ Overnight travel detected: 1 night(s) in transit, hotel nights: 5 ΓåÆ 4
≡ƒîÖ Overnight travel detected: 1 night(s) in transit, hotel nights: 5 ΓåÆ 4
≡ƒîÖ Overnight travel detected: 1 night(s) in transit, hotel nights: 5 ΓåÆ 4
≡ƒîÖ Overnight travel detected: 1 night(s) in transit, hotel nights: 5 ΓåÆ 4
≡ƒîÖ Overnight travel detected: 1 night(s) in transit, hotel nights: 5 ΓåÆ 4
≡ƒîÖ Overnight travel detected: 1 night(s) in transit, hotel nights: 5 ΓåÆ 4
≡ƒîÖ Overnight travel detected: 1 night(s) in transit, hotel nights: 5 ΓåÆ 4
≡ƒîÖ Overnight travel detected: 1 night(s) in transit, hotel nights: 5 ΓåÆ 4
≡ƒîÖ Overnight travel detected: 1 night(s) in transit, hotel nights: 5 ΓåÆ 4
≡ƒîÖ Overnight travel detected: 1 night(s) in transit, hotel nights: 5 ΓåÆ 4
≡ƒîÖ Overnight travel detected: 1 night(s) in transit, hotel nights: 5 ΓåÆ 4
≡ƒîÖ Overnight travel detected: 1 night(s) in transit, hotel nights: 5 ΓåÆ 4
≡ƒîÖ Overnight travel detected: 1 night(s) in transit, hotel nights: 5 ΓåÆ 4
≡ƒîÖ Overnight travel detected: 1 night(s) in transit, hotel nights: 5 ΓåÆ 4
≡ƒîÖ Overnight travel detected: 1 night(s) in transit, hotel nights: 5 ΓåÆ 4
≡ƒîÖ Overnight travel detected: 1 night(s) in transit, hotel nights: 5 ΓåÆ 4
≡ƒîÖ Overnight travel detected: 1 night(s) in transit, hotel nights: 5 ΓåÆ 4
≡ƒîÖ Overnight travel detected: 1 night(s) in transit, hotel nights: 5 ΓåÆ 4
≡ƒîÖ Overnight travel detected: 1 night(s) in transit, hotel nights: 5 ΓåÆ 4
≡ƒîÖ Overnight travel detected: 1 night(s) in transit, hotel nights: 5 ΓåÆ 4
≡ƒîÖ Overnight travel detected: 1 night(s) in transit, hotel nights: 5 ΓåÆ 4
≡ƒîÖ Overnight travel detected: 1 night(s) in transit, hotel nights: 5 ΓåÆ 4
≡ƒîÖ Overnight travel detected: 1 night(s) in transit, hotel nights: 5 ΓåÆ 4
≡ƒîÖ Overnight travel detected: 1 night(s) in transit, hotel nights: 5 ΓåÆ 4
≡ƒîÖ Overnight travel detected: 1 night(s) in transit, hotel nights: 5 ΓåÆ 4
≡ƒîÖ Overnight travel detected: 1 night(s) in transit, hotel nights: 5 ΓåÆ 4
≡ƒîÖ Overnight travel detected: 1 night(s) in transit, hotel nights: 5 ΓåÆ 4
≡ƒîÖ Overnight travel detected: 1 night(s) in transit, hotel nights: 5 ΓåÆ 4
≡ƒîÖ Overnight travel detected: 1 night(s) in transit, hotel nights: 5 ΓåÆ 4
≡ƒîÖ Overnight travel detected: 1 night(s) in transit, hotel nights: 5 ΓåÆ 4
≡ƒîÖ Overnight travel detected: 1 night(s) in transit, hotel nights: 5 ΓåÆ 4
≡ƒîÖ Overnight travel detected: 1 night(s) in transit, hotel nights: 5 ΓåÆ 4
≡ƒîÖ Overnight travel detected: 1 night(s) in transit, hotel nights: 5 ΓåÆ 4
≡ƒîÖ Overnight travel detected: 1 night(s) in transit, hotel nights: 5 ΓåÆ 4
≡ƒîÖ Overnight travel detected: 1 night(s) in transit, hotel nights: 5 ΓåÆ 4
≡ƒîÖ Overnight travel detected: 1 night(s) in transit, hotel nights: 5 ΓåÆ 4
≡ƒîÖ Overnight travel detected: 1 night(s) in transit, hotel nights: 5 ΓåÆ 4
≡ƒîÖ Overnight travel detected: 1 night(s) in transit, hotel nights: 5 ΓåÆ 4
≡ƒîÖ Overnight travel detected: 1 night(s) in transit, hotel nights: 5 ΓåÆ 4
≡ƒîÖ Overnight travel detected: 1 night(s) in transit, hotel nights: 5 ΓåÆ 4
≡ƒîÖ Overnight travel detected: 1 night(s) in transit, hotel nights: 5 ΓåÆ 4
≡ƒîÖ Overnight travel detected: 1 night(s) in transit, hotel nights: 5 ΓåÆ 4
≡ƒîÖ Overnight travel detected: 1 night(s) in transit, hotel nights: 5 ΓåÆ 4
≡ƒîÖ Overnight travel detected: 1 night(s) in transit, hotel nights: 5 ΓåÆ 4
≡ƒîÖ Overnight travel detected: 1 night(s) in transit, hotel nights: 5 ΓåÆ 4
All combinations exhausted.

Phase 1 Complete: Found 199 valid plans in 4950 iterations
   Also tracked 10 over-budget plans (cheapest: Γé╣20050)

--- PHASE 2: Selection & Categorization ---
Strategy: MODERATE
   ≡ƒôè Plans grouped by 4 different transport options
   ≡ƒÄ» Selected 4 diverse transport options (top one per transport)
   ΓÜû∩╕Å MODERATE mode: Diverse transport options
   Selected 4 plans:
      - Best Value: HW BDTS EXP (SL) - Γé╣19,420 (97%, score 74)
      - Budget Saver: FZR MMCT JANTA (SL) - Γé╣19,428 (97%, score 74)
      - Balanced Choice: ASR CSMT EXP (SL) - Γé╣19,510 (98%, score 74)
      - Comfort Choice: Mumbai Rajdhani (SL) - Γé╣19,742 (99%, score 74)

Returning 4 plans. Top score: 74
========== TRIP ALGORITHM END ==========


ΓòÉΓòÉΓòÉΓòÉΓòÉΓòÉΓòÉΓòÉΓòÉΓòÉΓòÉΓòÉΓòÉΓòÉΓòÉΓòÉΓòÉΓòÉΓòÉΓòÉΓòÉΓòÉΓòÉΓòÉΓòÉΓòÉΓòÉΓòÉΓòÉΓòÉΓòÉΓòÉΓòÉΓòÉΓòÉΓòÉΓòÉΓòÉΓòÉΓòÉΓòÉΓòÉΓòÉΓòÉΓòÉΓòÉΓòÉΓòÉΓòÉΓòÉΓòÉΓòÉΓòÉΓòÉΓòÉΓòÉΓòÉΓòÉΓòÉΓòÉΓòÉΓòÉΓòÉΓòÉΓòÉΓòÉΓòÉΓòÉΓòÉΓòÉ
  ALGORITHM RESULTS
ΓòÉΓòÉΓòÉΓòÉΓòÉΓòÉΓòÉΓòÉΓòÉΓòÉΓòÉΓòÉΓòÉΓòÉΓòÉΓòÉΓòÉΓòÉΓòÉΓòÉΓòÉΓòÉΓòÉΓòÉΓòÉΓòÉΓòÉΓòÉΓòÉΓòÉΓòÉΓòÉΓòÉΓòÉΓòÉΓòÉΓòÉΓòÉΓòÉΓòÉΓòÉΓòÉΓòÉΓòÉΓòÉΓòÉΓòÉΓòÉΓòÉΓòÉΓòÉΓòÉΓòÉΓòÉΓòÉΓòÉΓòÉΓòÉΓòÉΓòÉΓòÉΓòÉΓòÉΓòÉΓòÉΓòÉΓòÉΓòÉΓòÉΓòÉ
  Plans within budget (Γé╣20,000): 4
  Warnings: 0
  Cheapest possible combination: Γé╣14,424

Γ£à VALID PLANS FOUND:

  Plan 1: [Best Value]  Score: 74  Total: Γé╣19,420
    ≡ƒÜî Transport   : [TRAIN] HW BDTS EXP (SL) (SL)
                     Departs: 18:55  Duration: [object Object]
                     Arrives: 2026-03-11 22:30  (1 night(s) in transit)
    ≡ƒÅ¿ Hotel       : MAXX VALUE - HOTEL KOHINOOR CONTINENTAL (3Γÿà)  Γé╣3789/night
    ≡ƒôà Hotel nights: 5 requested ΓåÆ 4 actual (saved 1 night(s) due to transit)
    ≡ƒì╜∩╕Å  Meals       : Γé╣1,350 (6 days)
    ≡ƒÄó Activities  : Γé╣2,000
    ≡ƒÆ░ Breakdown   : Transport Γé╣914 + Hotel Γé╣15,156 + Food Γé╣1,350 + Activity Γé╣2,000 = Γé╣19,420
    ≡ƒôè Budget used : 97.1% of Γé╣20,000

  Plan 2: [Budget Saver]  Score: 74  Total: Γé╣19,428
    ≡ƒÜî Transport   : [TRAIN] FZR MMCT JANTA (SL) (SL)
                     Departs: 12:38  Duration: [object Object]
                     Arrives: 2026-03-11 19:11  (1 night(s) in transit)
    ≡ƒÅ¿ Hotel       : MAXX VALUE - HOTEL KOHINOOR CONTINENTAL (3Γÿà)  Γé╣3789/night
    ≡ƒôà Hotel nights: 5 requested ΓåÆ 4 actual (saved 1 night(s) due to transit)
    ≡ƒì╜∩╕Å  Meals       : Γé╣1,350 (6 days)
    ≡ƒÄó Activities  : Γé╣2,000
    ≡ƒÆ░ Breakdown   : Transport Γé╣922 + Hotel Γé╣15,156 + Food Γé╣1,350 + Activity Γé╣2,000 = Γé╣19,428
    ≡ƒôè Budget used : 97.1% of Γé╣20,000

  Plan 3: [Balanced Choice]  Score: 74  Total: Γé╣19,510
    ≡ƒÜî Transport   : [TRAIN] ASR CSMT EXP (SL) (SL)
                     Departs: 19:22  Duration: [object Object]
                     Arrives: 2026-03-11 23:37  (1 night(s) in transit)
    ≡ƒÅ¿ Hotel       : MAXX VALUE - HOTEL KOHINOOR CONTINENTAL (3Γÿà)  Γé╣3789/night
    ≡ƒôà Hotel nights: 5 requested ΓåÆ 4 actual (saved 1 night(s) due to transit)
    ≡ƒì╜∩╕Å  Meals       : Γé╣1,350 (6 days)
    ≡ƒÄó Activities  : Γé╣2,000
    ≡ƒÆ░ Breakdown   : Transport Γé╣1,004 + Hotel Γé╣15,156 + Food Γé╣1,350 + Activity Γé╣2,000 = Γé╣19,510
    ≡ƒôè Budget used : 97.5% of Γé╣20,000

  Plan 4: [Comfort Choice]  Score: 74  Total: Γé╣19,742
    ≡ƒÜî Transport   : [TRAIN] Mumbai Rajdhani (SL) (SL)
                     Departs: 16:55  Duration: [object Object]
                     Arrives: 2026-03-11 08:30  (1 night(s) in transit)
    ≡ƒÅ¿ Hotel       : MAXX VALUE - HOTEL KOHINOOR CONTINENTAL (3Γÿà)  Γé╣3789/night
    ≡ƒôà Hotel nights: 5 requested ΓåÆ 4 actual (saved 1 night(s) due to transit)
    ≡ƒì╜∩╕Å  Meals       : Γé╣1,350 (6 days)
    ≡ƒÄó Activities  : Γé╣2,000
    ≡ƒÆ░ Breakdown   : Transport Γé╣1,236 + Hotel Γé╣15,156 + Food Γé╣1,350 + Activity Γé╣2,000 = Γé╣19,742
    ≡ƒôè Budget used : 98.7% of Γé╣20,000

ΓöÇΓöÇΓöÇ STEP 5: Night Calculation Correctness Audit ΓöÇΓöÇΓöÇΓöÇΓöÇΓöÇΓöÇΓöÇΓöÇΓöÇΓöÇΓöÇΓöÇΓöÇΓöÇΓöÇΓöÇΓöÇΓöÇΓöÇ
   Requested trip: 2026-03-10 ΓåÆ 2026-03-15 = 5 nights

   Γ£à Morning flight (2h = same day arrival)
      Dep: 06:00, Duration: 2h 10m (130min), depMinute: 360, arrMinute: 490
      NightsInTransit: 0 (expected 0) | Hotel nights: 5 ΓåÆ 5

   Γ£à Night flight (still < 12h = no overnight)
      Dep: 20:00, Duration: 2h 10m (130min), depMinute: 1200, arrMinute: 1330
      NightsInTransit: 0 (expected 0) | Hotel nights: 5 ΓåÆ 5

   Γ£à Rajdhani (departs 4:35 PM, arrives next morning)
      Dep: 16:35, Duration: 16h 35m (995min), depMinute: 995, arrMinute: 1990
      NightsInTransit: 1 (expected 1) | Hotel nights: 5 ΓåÆ 4

   Γ£à Overnight train (departs 11 PM, 17h journey)
      Dep: 23:00, Duration: 17h 0m (1020min), depMinute: 1380, arrMinute: 2400
      NightsInTransit: 1 (expected 1) | Hotel nights: 5 ΓåÆ 4

   Γ£à Day+night train (6 AM, 18h = arrives midnight)
      Dep: 06:00, Duration: 18h 0m (1080min), depMinute: 360, arrMinute: 1440
      NightsInTransit: 1 (expected 1) | Hotel nights: 5 ΓåÆ 4

   Γ£à Very long train (40h journey)
      Dep: 08:00, Duration: 40h 0m (2400min), depMinute: 480, arrMinute: 2880
      NightsInTransit: 2 (expected 2) | Hotel nights: 5 ΓåÆ 3

Γ£à All night calculation test cases PASSED!

ΓòÉΓòÉΓòÉΓòÉΓòÉΓòÉΓòÉΓòÉΓòÉΓòÉΓòÉΓòÉΓòÉΓòÉΓòÉΓòÉΓòÉΓòÉΓòÉΓòÉΓòÉΓòÉΓòÉΓòÉΓòÉΓòÉΓòÉΓòÉΓòÉΓòÉΓòÉΓòÉΓòÉΓòÉΓòÉΓòÉΓòÉΓòÉΓòÉΓòÉΓòÉΓòÉΓòÉΓòÉΓòÉΓòÉΓòÉΓòÉΓòÉΓòÉΓòÉΓòÉΓòÉΓòÉΓòÉΓòÉΓòÉΓòÉΓòÉΓòÉΓòÉΓòÉΓòÉΓòÉΓòÉΓòÉΓòÉΓòÉΓòÉΓòÉ
  TEST COMPLETE
ΓòÉΓòÉΓòÉΓòÉΓòÉΓòÉΓòÉΓòÉΓòÉΓòÉΓòÉΓòÉΓòÉΓòÉΓòÉΓòÉΓòÉΓòÉΓòÉΓòÉΓòÉΓòÉΓòÉΓòÉΓòÉΓòÉΓòÉΓòÉΓòÉΓòÉΓòÉΓòÉΓòÉΓòÉΓòÉΓòÉΓòÉΓòÉΓòÉΓòÉΓòÉΓòÉΓòÉΓòÉΓòÉΓòÉΓòÉΓòÉΓòÉΓòÉΓòÉΓòÉΓòÉΓòÉΓòÉΓòÉΓòÉΓòÉΓòÉΓòÉΓòÉΓòÉΓòÉΓòÉΓòÉΓòÉΓòÉΓòÉΓòÉΓòÉ

